2025-09-09 15:23:01,769 Added key: store_based_barrier_key:1 to store for rank: 6
2025-09-09 15:23:01,776 Added key: store_based_barrier_key:1 to store for rank: 5
2025-09-09 15:23:01,780 Added key: store_based_barrier_key:1 to store for rank: 7
2025-09-09 15:23:02,530 Added key: store_based_barrier_key:1 to store for rank: 2
2025-09-09 15:23:02,605 Added key: store_based_barrier_key:1 to store for rank: 3
2025-09-09 15:23:02,703 Added key: store_based_barrier_key:1 to store for rank: 4
2025-09-09 15:23:02,768 Added key: store_based_barrier_key:1 to store for rank: 1
2025-09-09 15:23:02,773 Added key: store_based_barrier_key:1 to store for rank: 0
2025-09-09 15:23:27,720 Epoch 1/500
2025-09-09 15:23:28,945 Reducer buckets have been rebuilt in this iteration.
2025-09-09 15:23:28,945 Reducer buckets have been rebuilt in this iteration.
2025-09-09 15:23:28,945 Reducer buckets have been rebuilt in this iteration.
2025-09-09 15:23:28,945 Reducer buckets have been rebuilt in this iteration.
2025-09-09 15:23:28,946 Reducer buckets have been rebuilt in this iteration.
2025-09-09 15:23:28,946 Reducer buckets have been rebuilt in this iteration.
2025-09-09 15:23:28,946 Reducer buckets have been rebuilt in this iteration.
2025-09-09 15:23:28,946 Reducer buckets have been rebuilt in this iteration.
2025-09-09 15:24:25,311 Current Learning Rate: 0.0009999901
2025-09-09 15:24:25,763 New best model saved with validation loss: 0.0650175
2025-09-09 15:24:25,764 Train Loss: 0.2026414, Val Loss: 0.0650175
2025-09-09 15:24:25,764 Epoch 2/500
2025-09-09 15:25:22,387 Current Learning Rate: 0.0009999605
2025-09-09 15:25:22,595 New best model saved with validation loss: 0.0450874
2025-09-09 15:25:22,595 Train Loss: 0.0542144, Val Loss: 0.0450874
2025-09-09 15:25:22,596 Epoch 3/500
2025-09-09 15:26:19,200 Current Learning Rate: 0.0009999112
2025-09-09 15:26:19,435 New best model saved with validation loss: 0.0267793
2025-09-09 15:26:19,435 Train Loss: 0.0331701, Val Loss: 0.0267793
2025-09-09 15:26:19,436 Epoch 4/500
2025-09-09 15:27:15,999 Current Learning Rate: 0.0009998421
2025-09-09 15:27:16,182 New best model saved with validation loss: 0.0195093
2025-09-09 15:27:16,182 Train Loss: 0.0213895, Val Loss: 0.0195093
2025-09-09 15:27:16,183 Epoch 5/500
2025-09-09 15:28:12,719 Current Learning Rate: 0.0009997533
2025-09-09 15:28:13,017 New best model saved with validation loss: 0.0133029
2025-09-09 15:28:13,017 Train Loss: 0.0154074, Val Loss: 0.0133029
2025-09-09 15:28:13,017 Epoch 6/500
2025-09-09 15:29:09,538 Current Learning Rate: 0.0009996447
2025-09-09 15:29:09,726 New best model saved with validation loss: 0.0112148
2025-09-09 15:29:09,726 Train Loss: 0.0115690, Val Loss: 0.0112148
2025-09-09 15:29:09,727 Epoch 7/500
2025-09-09 15:30:06,379 Current Learning Rate: 0.0009995165
2025-09-09 15:30:06,563 New best model saved with validation loss: 0.0080621
2025-09-09 15:30:06,563 Train Loss: 0.0093003, Val Loss: 0.0080621
2025-09-09 15:30:06,563 Epoch 8/500
2025-09-09 15:31:03,238 Current Learning Rate: 0.0009993685
2025-09-09 15:31:06,284 New best model saved with validation loss: 0.0067681
2025-09-09 15:31:06,284 Train Loss: 0.0077308, Val Loss: 0.0067681
2025-09-09 15:31:06,284 Epoch 9/500
2025-09-09 15:32:02,803 Current Learning Rate: 0.0009992008
2025-09-09 15:32:05,533 New best model saved with validation loss: 0.0060735
2025-09-09 15:32:05,533 Train Loss: 0.0066061, Val Loss: 0.0060735
2025-09-09 15:32:05,534 Epoch 10/500
2025-09-09 15:33:02,095 Current Learning Rate: 0.0009990134
2025-09-09 15:33:05,835 New best model saved with validation loss: 0.0048321
2025-09-09 15:33:05,835 Train Loss: 0.0056244, Val Loss: 0.0048321
2025-09-09 15:33:05,835 Epoch 11/500
2025-09-09 15:34:02,413 Current Learning Rate: 0.0009988063
2025-09-09 15:34:02,413 Train Loss: 0.0049069, Val Loss: 0.0054832
2025-09-09 15:34:02,413 Epoch 12/500
2025-09-09 15:34:58,994 Current Learning Rate: 0.0009985795
2025-09-09 15:34:59,177 New best model saved with validation loss: 0.0039448
2025-09-09 15:34:59,177 Train Loss: 0.0043007, Val Loss: 0.0039448
2025-09-09 15:34:59,177 Epoch 13/500
2025-09-09 15:35:55,755 Current Learning Rate: 0.0009983330
2025-09-09 15:35:55,756 Train Loss: 0.0038122, Val Loss: 0.0047088
2025-09-09 15:35:55,756 Epoch 14/500
2025-09-09 15:36:52,375 Current Learning Rate: 0.0009980668
2025-09-09 15:36:52,561 New best model saved with validation loss: 0.0031044
2025-09-09 15:36:52,561 Train Loss: 0.0033764, Val Loss: 0.0031044
2025-09-09 15:36:52,561 Epoch 15/500
2025-09-09 15:37:49,228 Current Learning Rate: 0.0009977810
2025-09-09 15:37:49,620 New best model saved with validation loss: 0.0029458
2025-09-09 15:37:49,620 Train Loss: 0.0030692, Val Loss: 0.0029458
2025-09-09 15:37:49,620 Epoch 16/500
2025-09-09 15:38:46,256 Current Learning Rate: 0.0009974755
2025-09-09 15:38:46,257 Train Loss: 0.0028173, Val Loss: 0.0031984
2025-09-09 15:38:46,257 Epoch 17/500
2025-09-09 15:39:42,841 Current Learning Rate: 0.0009971504
2025-09-09 15:39:43,449 New best model saved with validation loss: 0.0024176
2025-09-09 15:39:43,449 Train Loss: 0.0025036, Val Loss: 0.0024176
2025-09-09 15:39:43,449 Epoch 18/500
2025-09-09 15:40:40,004 Current Learning Rate: 0.0009968057
2025-09-09 15:40:40,219 New best model saved with validation loss: 0.0022330
2025-09-09 15:40:40,219 Train Loss: 0.0023320, Val Loss: 0.0022330
2025-09-09 15:40:40,219 Epoch 19/500
2025-09-09 15:41:36,843 Current Learning Rate: 0.0009964413
2025-09-09 15:41:36,844 Train Loss: 0.0021104, Val Loss: 0.0026364
2025-09-09 15:41:36,844 Epoch 20/500
2025-09-09 15:42:33,367 Current Learning Rate: 0.0009960574
2025-09-09 15:42:33,559 New best model saved with validation loss: 0.0019568
2025-09-09 15:42:33,559 Train Loss: 0.0019437, Val Loss: 0.0019568
2025-09-09 15:42:33,560 Epoch 21/500
2025-09-09 15:43:30,133 Current Learning Rate: 0.0009956538
2025-09-09 15:43:30,334 New best model saved with validation loss: 0.0015758
2025-09-09 15:43:30,334 Train Loss: 0.0018043, Val Loss: 0.0015758
2025-09-09 15:43:30,335 Epoch 22/500
2025-09-09 15:44:26,900 Current Learning Rate: 0.0009952307
2025-09-09 15:44:26,900 Train Loss: 0.0016844, Val Loss: 0.0019175
2025-09-09 15:44:26,901 Epoch 23/500
2025-09-09 15:45:23,475 Current Learning Rate: 0.0009947881
2025-09-09 15:45:23,476 Train Loss: 0.0015580, Val Loss: 0.0019874
2025-09-09 15:45:23,476 Epoch 24/500
2025-09-09 15:46:20,003 Current Learning Rate: 0.0009943259
2025-09-09 15:46:20,003 Train Loss: 0.0014614, Val Loss: 0.0018006
2025-09-09 15:46:20,003 Epoch 25/500
2025-09-09 15:47:16,516 Current Learning Rate: 0.0009938442
2025-09-09 15:47:16,516 Train Loss: 0.0013722, Val Loss: 0.0017667
2025-09-09 15:47:16,517 Epoch 26/500
2025-09-09 15:48:13,276 Current Learning Rate: 0.0009933430
2025-09-09 15:48:13,451 New best model saved with validation loss: 0.0011037
2025-09-09 15:48:13,451 Train Loss: 0.0013126, Val Loss: 0.0011037
2025-09-09 15:48:13,451 Epoch 27/500
2025-09-09 15:49:10,113 Current Learning Rate: 0.0009928223
2025-09-09 15:49:10,114 Train Loss: 0.0012238, Val Loss: 0.0012667
2025-09-09 15:49:10,114 Epoch 28/500
2025-09-09 15:50:06,714 Current Learning Rate: 0.0009922822
2025-09-09 15:50:06,715 Train Loss: 0.0011741, Val Loss: 0.0011475
2025-09-09 15:50:06,715 Epoch 29/500
2025-09-09 15:51:03,296 Current Learning Rate: 0.0009917226
2025-09-09 15:51:03,297 Train Loss: 0.0011151, Val Loss: 0.0014161
2025-09-09 15:51:03,297 Epoch 30/500
2025-09-09 15:51:59,921 Current Learning Rate: 0.0009911436
2025-09-09 15:51:59,921 Train Loss: 0.0010560, Val Loss: 0.0012350
2025-09-09 15:51:59,922 Epoch 31/500
2025-09-09 15:52:56,574 Current Learning Rate: 0.0009905453
2025-09-09 15:52:57,119 New best model saved with validation loss: 0.0009050
2025-09-09 15:52:57,119 Train Loss: 0.0009932, Val Loss: 0.0009050
2025-09-09 15:52:57,119 Epoch 32/500
2025-09-09 15:53:53,726 Current Learning Rate: 0.0009899275
2025-09-09 15:53:53,726 Train Loss: 0.0009711, Val Loss: 0.0011440
2025-09-09 15:53:53,727 Epoch 33/500
2025-09-09 15:54:50,479 Current Learning Rate: 0.0009892905
2025-09-09 15:54:51,017 New best model saved with validation loss: 0.0008408
2025-09-09 15:54:51,018 Train Loss: 0.0009342, Val Loss: 0.0008408
2025-09-09 15:54:51,018 Epoch 34/500
2025-09-09 15:55:47,790 Current Learning Rate: 0.0009886341
2025-09-09 15:55:47,790 Train Loss: 0.0008956, Val Loss: 0.0010257
2025-09-09 15:55:47,791 Epoch 35/500
2025-09-09 15:56:44,565 Current Learning Rate: 0.0009879584
2025-09-09 15:56:44,566 Train Loss: 0.0008509, Val Loss: 0.0011394
2025-09-09 15:56:44,566 Epoch 36/500
2025-09-09 15:57:41,259 Current Learning Rate: 0.0009872634
2025-09-09 15:57:41,259 Train Loss: 0.0008343, Val Loss: 0.0009767
2025-09-09 15:57:41,260 Epoch 37/500
2025-09-09 15:58:38,077 Current Learning Rate: 0.0009865493
2025-09-09 15:58:38,077 Train Loss: 0.0007990, Val Loss: 0.0010778
2025-09-09 15:58:38,078 Epoch 38/500
2025-09-09 15:59:34,942 Current Learning Rate: 0.0009858159
2025-09-09 15:59:35,178 New best model saved with validation loss: 0.0007557
2025-09-09 15:59:35,178 Train Loss: 0.0007652, Val Loss: 0.0007557
2025-09-09 15:59:35,178 Epoch 39/500
2025-09-09 16:00:32,038 Current Learning Rate: 0.0009850633
2025-09-09 16:00:32,038 Train Loss: 0.0007446, Val Loss: 0.0009350
2025-09-09 16:00:32,038 Epoch 40/500
2025-09-09 16:01:28,789 Current Learning Rate: 0.0009842916
2025-09-09 16:01:28,997 New best model saved with validation loss: 0.0007397
2025-09-09 16:01:28,997 Train Loss: 0.0007200, Val Loss: 0.0007397
2025-09-09 16:01:28,997 Epoch 41/500
2025-09-09 16:02:25,745 Current Learning Rate: 0.0009835007
2025-09-09 16:02:26,193 New best model saved with validation loss: 0.0006849
2025-09-09 16:02:26,193 Train Loss: 0.0007072, Val Loss: 0.0006849
2025-09-09 16:02:26,193 Epoch 42/500
2025-09-09 16:03:22,967 Current Learning Rate: 0.0009826908
2025-09-09 16:03:22,968 Train Loss: 0.0006795, Val Loss: 0.0007438
2025-09-09 16:03:22,968 Epoch 43/500
2025-09-09 16:04:19,744 Current Learning Rate: 0.0009818618
2025-09-09 16:04:19,745 Train Loss: 0.0006673, Val Loss: 0.0007020
2025-09-09 16:04:19,745 Epoch 44/500
2025-09-09 16:05:16,584 Current Learning Rate: 0.0009810138
2025-09-09 16:05:16,584 Train Loss: 0.0006380, Val Loss: 0.0007582
2025-09-09 16:05:16,585 Epoch 45/500
2025-09-09 16:06:13,375 Current Learning Rate: 0.0009801468
2025-09-09 16:06:13,375 Train Loss: 0.0006172, Val Loss: 0.0006984
2025-09-09 16:06:13,375 Epoch 46/500
2025-09-09 16:07:10,395 Current Learning Rate: 0.0009792609
2025-09-09 16:07:10,396 Train Loss: 0.0006210, Val Loss: 0.0008105
2025-09-09 16:07:10,396 Epoch 47/500
2025-09-09 16:08:07,592 Current Learning Rate: 0.0009783560
2025-09-09 16:08:07,593 Train Loss: 0.0005779, Val Loss: 0.0007948
2025-09-09 16:08:07,593 Epoch 48/500
2025-09-09 16:09:04,398 Current Learning Rate: 0.0009774323
2025-09-09 16:09:06,016 New best model saved with validation loss: 0.0005413
2025-09-09 16:09:06,017 Train Loss: 0.0005844, Val Loss: 0.0005413
2025-09-09 16:09:06,017 Epoch 49/500
2025-09-09 16:10:02,924 Current Learning Rate: 0.0009764897
2025-09-09 16:10:02,925 Train Loss: 0.0005608, Val Loss: 0.0006040
2025-09-09 16:10:02,926 Epoch 50/500
2025-09-09 16:10:59,871 Current Learning Rate: 0.0009755283
2025-09-09 16:10:59,872 Train Loss: 0.0005534, Val Loss: 0.0006132
2025-09-09 16:10:59,872 Epoch 51/500
2025-09-09 16:11:56,824 Current Learning Rate: 0.0009745481
2025-09-09 16:11:56,825 Train Loss: 0.0005371, Val Loss: 0.0007106
2025-09-09 16:11:56,825 Epoch 52/500
2025-09-09 16:12:53,783 Current Learning Rate: 0.0009735492
2025-09-09 16:12:53,783 Train Loss: 0.0005260, Val Loss: 0.0007701
2025-09-09 16:12:53,784 Epoch 53/500
2025-09-09 16:13:50,605 Current Learning Rate: 0.0009725315
2025-09-09 16:13:50,965 New best model saved with validation loss: 0.0005103
2025-09-09 16:13:50,965 Train Loss: 0.0005107, Val Loss: 0.0005103
2025-09-09 16:13:50,965 Epoch 54/500
2025-09-09 16:14:47,827 Current Learning Rate: 0.0009714953
2025-09-09 16:14:47,828 Train Loss: 0.0005060, Val Loss: 0.0008840
2025-09-09 16:14:47,828 Epoch 55/500
2025-09-09 16:15:44,720 Current Learning Rate: 0.0009704404
2025-09-09 16:15:44,721 Train Loss: 0.0004898, Val Loss: 0.0008891
2025-09-09 16:15:44,721 Epoch 56/500
2025-09-09 16:16:41,565 Current Learning Rate: 0.0009693669
2025-09-09 16:16:41,566 Train Loss: 0.0004930, Val Loss: 0.0006873
2025-09-09 16:16:41,566 Epoch 57/500
2025-09-09 16:17:38,411 Current Learning Rate: 0.0009682749
2025-09-09 16:17:38,411 Train Loss: 0.0004784, Val Loss: 0.0005328
2025-09-09 16:17:38,412 Epoch 58/500
2025-09-09 16:18:35,271 Current Learning Rate: 0.0009671645
2025-09-09 16:18:35,271 Train Loss: 0.0004630, Val Loss: 0.0005550
2025-09-09 16:18:35,272 Epoch 59/500
2025-09-09 16:19:32,090 Current Learning Rate: 0.0009660356
2025-09-09 16:19:32,090 Train Loss: 0.0368093, Val Loss: 0.0154900
2025-09-09 16:19:32,091 Epoch 60/500
2025-09-09 16:20:28,894 Current Learning Rate: 0.0009648882
2025-09-09 16:20:28,895 Train Loss: 0.0084861, Val Loss: 0.0042012
2025-09-09 16:20:28,895 Epoch 61/500
2025-09-09 16:21:25,548 Current Learning Rate: 0.0009637226
2025-09-09 16:21:25,549 Train Loss: 0.0032786, Val Loss: 0.0021050
2025-09-09 16:21:25,549 Epoch 62/500
2025-09-09 16:22:22,164 Current Learning Rate: 0.0009625386
2025-09-09 16:22:22,164 Train Loss: 0.0018593, Val Loss: 0.0013593
2025-09-09 16:22:22,164 Epoch 63/500
2025-09-09 16:23:18,781 Current Learning Rate: 0.0009613364
2025-09-09 16:23:18,782 Train Loss: 0.0013049, Val Loss: 0.0010497
2025-09-09 16:23:18,782 Epoch 64/500
2025-09-09 16:24:15,537 Current Learning Rate: 0.0009601159
2025-09-09 16:24:15,537 Train Loss: 0.0010307, Val Loss: 0.0009830
2025-09-09 16:24:15,538 Epoch 65/500
2025-09-09 16:25:12,339 Current Learning Rate: 0.0009588773
2025-09-09 16:25:12,339 Train Loss: 0.0008713, Val Loss: 0.0012427
2025-09-09 16:25:12,340 Epoch 66/500
2025-09-09 16:26:09,115 Current Learning Rate: 0.0009576206
2025-09-09 16:26:09,115 Train Loss: 0.0007653, Val Loss: 0.0007330
2025-09-09 16:26:09,116 Epoch 67/500
2025-09-09 16:27:05,801 Current Learning Rate: 0.0009563458
2025-09-09 16:27:05,801 Train Loss: 0.0007013, Val Loss: 0.0006660
2025-09-09 16:27:05,801 Epoch 68/500
2025-09-09 16:28:02,462 Current Learning Rate: 0.0009550530
2025-09-09 16:28:02,462 Train Loss: 0.0149808, Val Loss: 0.0033603
2025-09-09 16:28:02,462 Epoch 69/500
2025-09-09 16:28:59,248 Current Learning Rate: 0.0009537422
2025-09-09 16:28:59,249 Train Loss: 0.0026366, Val Loss: 0.0012623
2025-09-09 16:28:59,249 Epoch 70/500
2025-09-09 16:29:56,033 Current Learning Rate: 0.0009524135
2025-09-09 16:29:56,033 Train Loss: 0.0011983, Val Loss: 0.0008634
2025-09-09 16:29:56,033 Epoch 71/500
2025-09-09 16:30:53,007 Current Learning Rate: 0.0009510670
2025-09-09 16:30:53,007 Train Loss: 0.0008864, Val Loss: 0.0007330
2025-09-09 16:30:53,008 Epoch 72/500
2025-09-09 16:31:50,419 Current Learning Rate: 0.0009497026
2025-09-09 16:31:50,420 Train Loss: 0.0007703, Val Loss: 0.0006427
2025-09-09 16:31:50,420 Epoch 73/500
2025-09-09 16:32:47,927 Current Learning Rate: 0.0009483205
2025-09-09 16:32:47,928 Train Loss: 0.0006837, Val Loss: 0.0006753
2025-09-09 16:32:47,928 Epoch 74/500
2025-09-09 16:33:45,329 Current Learning Rate: 0.0009469207
2025-09-09 16:33:45,330 Train Loss: 0.0006390, Val Loss: 0.0006674
2025-09-09 16:33:45,330 Epoch 75/500
2025-09-09 16:34:42,657 Current Learning Rate: 0.0009455033
2025-09-09 16:34:42,658 Train Loss: 0.0006045, Val Loss: 0.0005709
2025-09-09 16:34:42,658 Epoch 76/500
2025-09-09 16:35:40,189 Current Learning Rate: 0.0009440682
2025-09-09 16:35:40,190 Train Loss: 0.0005654, Val Loss: 0.0006670
2025-09-09 16:35:40,190 Epoch 77/500
2025-09-09 16:36:37,612 Current Learning Rate: 0.0009426157
2025-09-09 16:36:37,962 New best model saved with validation loss: 0.0005097
2025-09-09 16:36:37,962 Train Loss: 0.0005532, Val Loss: 0.0005097
2025-09-09 16:36:37,962 Epoch 78/500
2025-09-09 16:37:35,470 Current Learning Rate: 0.0009411456
2025-09-09 16:37:35,751 New best model saved with validation loss: 0.0004442
2025-09-09 16:37:35,751 Train Loss: 0.0005200, Val Loss: 0.0004442
2025-09-09 16:37:35,751 Epoch 79/500
2025-09-09 16:38:33,056 Current Learning Rate: 0.0009396582
2025-09-09 16:38:33,056 Train Loss: 0.0005057, Val Loss: 0.0004683
2025-09-09 16:38:33,057 Epoch 80/500
2025-09-09 16:39:30,223 Current Learning Rate: 0.0009381533
2025-09-09 16:39:30,223 Train Loss: 0.0004829, Val Loss: 0.0005214
2025-09-09 16:39:30,224 Epoch 81/500
2025-09-09 16:40:27,415 Current Learning Rate: 0.0009366312
2025-09-09 16:40:27,416 Train Loss: 0.0004636, Val Loss: 0.0005226
2025-09-09 16:40:27,416 Epoch 82/500
2025-09-09 16:41:24,608 Current Learning Rate: 0.0009350919
2025-09-09 16:41:24,609 Train Loss: 0.0004563, Val Loss: 0.0005262
2025-09-09 16:41:24,609 Epoch 83/500
2025-09-09 16:42:21,886 Current Learning Rate: 0.0009335354
2025-09-09 16:42:22,314 New best model saved with validation loss: 0.0004127
2025-09-09 16:42:22,314 Train Loss: 0.0004456, Val Loss: 0.0004127
2025-09-09 16:42:22,315 Epoch 84/500
2025-09-09 16:43:19,690 Current Learning Rate: 0.0009319617
2025-09-09 16:43:19,691 Train Loss: 0.0004316, Val Loss: 0.0010603
2025-09-09 16:43:19,691 Epoch 85/500
2025-09-09 16:44:17,005 Current Learning Rate: 0.0009303710
2025-09-09 16:44:17,257 New best model saved with validation loss: 0.0003972
2025-09-09 16:44:17,258 Train Loss: 0.0004233, Val Loss: 0.0003972
2025-09-09 16:44:17,258 Epoch 86/500
2025-09-09 16:45:14,509 Current Learning Rate: 0.0009287633
2025-09-09 16:45:14,510 Train Loss: 0.0004146, Val Loss: 0.0004378
2025-09-09 16:45:14,510 Epoch 87/500
2025-09-09 16:46:11,787 Current Learning Rate: 0.0009271387
2025-09-09 16:46:11,787 Train Loss: 0.0004007, Val Loss: 0.0004753
2025-09-09 16:46:11,787 Epoch 88/500
2025-09-09 16:47:09,100 Current Learning Rate: 0.0009254972
2025-09-09 16:47:09,101 Train Loss: 0.0003959, Val Loss: 0.0006165
2025-09-09 16:47:09,101 Epoch 89/500
2025-09-09 16:48:06,505 Current Learning Rate: 0.0009238390
2025-09-09 16:48:06,506 Train Loss: 0.0003872, Val Loss: 0.0006577
2025-09-09 16:48:06,507 Epoch 90/500
2025-09-09 16:49:03,747 Current Learning Rate: 0.0009221640
2025-09-09 16:49:03,747 Train Loss: 0.0003735, Val Loss: 0.0004228
2025-09-09 16:49:03,748 Epoch 91/500
2025-09-09 16:50:00,944 Current Learning Rate: 0.0009204723
2025-09-09 16:50:00,944 Train Loss: 0.0003755, Val Loss: 0.0005639
2025-09-09 16:50:00,945 Epoch 92/500
2025-09-09 16:50:58,228 Current Learning Rate: 0.0009187640
2025-09-09 16:50:58,641 New best model saved with validation loss: 0.0003550
2025-09-09 16:50:58,642 Train Loss: 0.0003655, Val Loss: 0.0003550
2025-09-09 16:50:58,642 Epoch 93/500
2025-09-09 16:51:55,847 Current Learning Rate: 0.0009170392
2025-09-09 16:51:55,848 Train Loss: 0.0003531, Val Loss: 0.0004069
2025-09-09 16:51:55,848 Epoch 94/500
2025-09-09 16:52:52,746 Current Learning Rate: 0.0009152979
2025-09-09 16:52:52,747 Train Loss: 0.0003590, Val Loss: 0.0004825
2025-09-09 16:52:52,747 Epoch 95/500
2025-09-09 16:53:49,481 Current Learning Rate: 0.0009135403
2025-09-09 16:53:49,686 New best model saved with validation loss: 0.0003539
2025-09-09 16:53:49,686 Train Loss: 0.0003490, Val Loss: 0.0003539
2025-09-09 16:53:49,686 Epoch 96/500
2025-09-09 16:54:46,601 Current Learning Rate: 0.0009117663
2025-09-09 16:54:46,602 Train Loss: 0.0003446, Val Loss: 0.0003588
2025-09-09 16:54:46,602 Epoch 97/500
2025-09-09 16:55:43,555 Current Learning Rate: 0.0009099761
2025-09-09 16:55:43,805 New best model saved with validation loss: 0.0003373
2025-09-09 16:55:43,805 Train Loss: 0.0003373, Val Loss: 0.0003373
2025-09-09 16:55:43,805 Epoch 98/500
2025-09-09 16:56:40,768 Current Learning Rate: 0.0009081696
2025-09-09 16:56:40,769 Train Loss: 0.0003329, Val Loss: 0.0003378
2025-09-09 16:56:40,769 Epoch 99/500
2025-09-09 16:57:37,581 Current Learning Rate: 0.0009063471
2025-09-09 16:57:37,581 Train Loss: 0.0003339, Val Loss: 0.0003388
2025-09-09 16:57:37,582 Epoch 100/500
2025-09-09 16:58:34,555 Current Learning Rate: 0.0009045085
2025-09-09 16:58:34,555 Train Loss: 0.0003232, Val Loss: 0.0003651
2025-09-09 16:58:34,555 Epoch 101/500
2025-09-09 16:59:31,670 Current Learning Rate: 0.0009026539
2025-09-09 16:59:31,898 New best model saved with validation loss: 0.0003138
2025-09-09 16:59:31,899 Train Loss: 0.0003165, Val Loss: 0.0003138
2025-09-09 16:59:31,899 Epoch 102/500
2025-09-09 17:00:29,056 Current Learning Rate: 0.0009007835
2025-09-09 17:00:29,056 Train Loss: 0.0003174, Val Loss: 0.0003360
2025-09-09 17:00:29,057 Epoch 103/500
2025-09-09 17:01:26,798 Current Learning Rate: 0.0008988972
2025-09-09 17:01:26,798 Train Loss: 0.0003162, Val Loss: 0.0003269
2025-09-09 17:01:26,799 Epoch 104/500
2025-09-09 17:02:23,610 Current Learning Rate: 0.0008969952
2025-09-09 17:02:23,611 Train Loss: 0.0003127, Val Loss: 0.0003486
2025-09-09 17:02:23,611 Epoch 105/500
2025-09-09 17:03:20,806 Current Learning Rate: 0.0008950775
2025-09-09 17:03:20,806 Train Loss: 0.0003052, Val Loss: 0.0003165
2025-09-09 17:03:20,807 Epoch 106/500
2025-09-09 17:04:17,751 Current Learning Rate: 0.0008931442
2025-09-09 17:04:17,751 Train Loss: 0.0003049, Val Loss: 0.0003324
2025-09-09 17:04:17,752 Epoch 107/500
2025-09-09 17:05:14,728 Current Learning Rate: 0.0008911954
2025-09-09 17:05:14,729 Train Loss: 0.0002943, Val Loss: 0.0003576
2025-09-09 17:05:14,729 Epoch 108/500
2025-09-09 17:06:11,718 Current Learning Rate: 0.0008892312
2025-09-09 17:06:11,718 Train Loss: 0.0002965, Val Loss: 0.0003210
2025-09-09 17:06:11,718 Epoch 109/500
2025-09-09 17:07:08,614 Current Learning Rate: 0.0008872515
2025-09-09 17:07:08,931 New best model saved with validation loss: 0.0002895
2025-09-09 17:07:08,932 Train Loss: 0.0002868, Val Loss: 0.0002895
2025-09-09 17:07:08,932 Epoch 110/500
2025-09-09 17:08:05,895 Current Learning Rate: 0.0008852566
2025-09-09 17:08:05,895 Train Loss: 0.0002928, Val Loss: 0.0003107
2025-09-09 17:08:05,895 Epoch 111/500
2025-09-09 17:09:02,871 Current Learning Rate: 0.0008832465
2025-09-09 17:09:02,872 Train Loss: 0.0002838, Val Loss: 0.0003701
2025-09-09 17:09:02,872 Epoch 112/500
2025-09-09 17:09:59,861 Current Learning Rate: 0.0008812213
2025-09-09 17:09:59,861 Train Loss: 0.0002866, Val Loss: 0.0003604
2025-09-09 17:09:59,861 Epoch 113/500
2025-09-09 17:10:56,848 Current Learning Rate: 0.0008791810
2025-09-09 17:10:57,174 New best model saved with validation loss: 0.0002865
2025-09-09 17:10:57,174 Train Loss: 0.0002801, Val Loss: 0.0002865
2025-09-09 17:10:57,174 Epoch 114/500
2025-09-09 17:11:54,169 Current Learning Rate: 0.0008771257
2025-09-09 17:11:54,169 Train Loss: 0.0002751, Val Loss: 0.0003356
2025-09-09 17:11:54,170 Epoch 115/500
2025-09-09 17:12:51,029 Current Learning Rate: 0.0008750555
2025-09-09 17:12:51,030 Train Loss: 0.0002753, Val Loss: 0.0003083
2025-09-09 17:12:51,030 Epoch 116/500
2025-09-09 17:13:48,048 Current Learning Rate: 0.0008729706
2025-09-09 17:13:48,049 Train Loss: 0.0002760, Val Loss: 0.0003854
2025-09-09 17:13:48,049 Epoch 117/500
2025-09-09 17:14:45,015 Current Learning Rate: 0.0008708709
2025-09-09 17:14:45,016 Train Loss: 0.0002659, Val Loss: 0.0002959
2025-09-09 17:14:45,016 Epoch 118/500
2025-09-09 17:15:41,949 Current Learning Rate: 0.0008687566
2025-09-09 17:15:42,172 New best model saved with validation loss: 0.0002649
2025-09-09 17:15:42,173 Train Loss: 0.0002667, Val Loss: 0.0002649
2025-09-09 17:15:42,173 Epoch 119/500
2025-09-09 17:16:39,198 Current Learning Rate: 0.0008666277
2025-09-09 17:16:39,199 Train Loss: 0.0002652, Val Loss: 0.0002912
2025-09-09 17:16:39,199 Epoch 120/500
2025-09-09 17:17:36,223 Current Learning Rate: 0.0008644843
2025-09-09 17:17:36,224 Train Loss: 0.0002597, Val Loss: 0.0002889
2025-09-09 17:17:36,224 Epoch 121/500
2025-09-09 17:18:33,360 Current Learning Rate: 0.0008623266
2025-09-09 17:18:33,361 Train Loss: 0.0002625, Val Loss: 0.0002707
2025-09-09 17:18:33,361 Epoch 122/500
2025-09-09 17:19:30,630 Current Learning Rate: 0.0008601545
2025-09-09 17:19:30,855 New best model saved with validation loss: 0.0002482
2025-09-09 17:19:30,855 Train Loss: 0.0002567, Val Loss: 0.0002482
2025-09-09 17:19:30,855 Epoch 123/500
2025-09-09 17:20:28,201 Current Learning Rate: 0.0008579682
2025-09-09 17:20:28,201 Train Loss: 0.0002578, Val Loss: 0.0002585
2025-09-09 17:20:28,202 Epoch 124/500
2025-09-09 17:21:25,507 Current Learning Rate: 0.0008557678
2025-09-09 17:21:25,508 Train Loss: 0.0002533, Val Loss: 0.0002709
2025-09-09 17:21:25,508 Epoch 125/500
2025-09-09 17:22:22,683 Current Learning Rate: 0.0008535534
2025-09-09 17:22:22,683 Train Loss: 0.0002508, Val Loss: 0.0003456
2025-09-09 17:22:22,684 Epoch 126/500
2025-09-09 17:23:19,939 Current Learning Rate: 0.0008513250
2025-09-09 17:23:19,940 Train Loss: 0.0002492, Val Loss: 0.0003080
2025-09-09 17:23:19,940 Epoch 127/500
2025-09-09 17:24:17,104 Current Learning Rate: 0.0008490827
2025-09-09 17:24:17,105 Train Loss: 0.0002421, Val Loss: 0.0002495
2025-09-09 17:24:17,105 Epoch 128/500
2025-09-09 17:25:14,360 Current Learning Rate: 0.0008468267
2025-09-09 17:25:14,360 Train Loss: 0.0002449, Val Loss: 0.0003264
2025-09-09 17:25:14,361 Epoch 129/500
2025-09-09 17:26:12,008 Current Learning Rate: 0.0008445569
2025-09-09 17:26:12,010 Train Loss: 0.0002432, Val Loss: 0.0002637
2025-09-09 17:26:12,010 Epoch 130/500
2025-09-09 17:27:09,192 Current Learning Rate: 0.0008422736
2025-09-09 17:27:09,193 Train Loss: 0.0002400, Val Loss: 0.0002539
2025-09-09 17:27:09,194 Epoch 131/500
2025-09-09 17:28:06,337 Current Learning Rate: 0.0008399767
2025-09-09 17:28:06,338 Train Loss: 0.0002393, Val Loss: 0.0002487
2025-09-09 17:28:06,338 Epoch 132/500
2025-09-09 17:29:03,442 Current Learning Rate: 0.0008376664
2025-09-09 17:29:03,442 Train Loss: 0.0002369, Val Loss: 0.0002615
2025-09-09 17:29:03,442 Epoch 133/500
2025-09-09 17:30:00,542 Current Learning Rate: 0.0008353428
2025-09-09 17:30:00,745 Train Loss: 0.0002337, Val Loss: 0.0003192
2025-09-09 17:30:00,745 Epoch 134/500
2025-09-09 17:30:57,890 Current Learning Rate: 0.0008330059
2025-09-09 17:30:57,891 Train Loss: 0.0002367, Val Loss: 0.0002790
2025-09-09 17:30:57,891 Epoch 135/500
2025-09-09 17:31:55,121 Current Learning Rate: 0.0008306559
2025-09-09 17:31:55,325 New best model saved with validation loss: 0.0002360
2025-09-09 17:31:55,325 Train Loss: 0.0002325, Val Loss: 0.0002360
2025-09-09 17:31:55,325 Epoch 136/500
2025-09-09 17:32:52,476 Current Learning Rate: 0.0008282929
2025-09-09 17:32:52,477 Train Loss: 0.0002281, Val Loss: 0.0004315
2025-09-09 17:32:52,477 Epoch 137/500
2025-09-09 17:33:49,628 Current Learning Rate: 0.0008259169
2025-09-09 17:33:49,629 Train Loss: 0.0002274, Val Loss: 0.0002664
2025-09-09 17:33:49,629 Epoch 138/500
2025-09-09 17:34:46,778 Current Learning Rate: 0.0008235280
2025-09-09 17:34:46,779 Train Loss: 0.0002247, Val Loss: 0.0002399
2025-09-09 17:34:46,779 Epoch 139/500
2025-09-09 17:35:43,772 Current Learning Rate: 0.0008211263
2025-09-09 17:35:43,773 Train Loss: 0.0002298, Val Loss: 0.0002829
2025-09-09 17:35:43,773 Epoch 140/500
2025-09-09 17:36:40,972 Current Learning Rate: 0.0008187120
2025-09-09 17:36:40,972 Train Loss: 0.0002228, Val Loss: 0.0002553
2025-09-09 17:36:40,972 Epoch 141/500
2025-09-09 17:37:38,113 Current Learning Rate: 0.0008162851
2025-09-09 17:37:38,515 New best model saved with validation loss: 0.0002302
2025-09-09 17:37:38,515 Train Loss: 0.0002208, Val Loss: 0.0002302
2025-09-09 17:37:38,515 Epoch 142/500
2025-09-09 17:38:35,675 Current Learning Rate: 0.0008138457
2025-09-09 17:38:35,676 Train Loss: 0.0002187, Val Loss: 0.0002784
2025-09-09 17:38:35,676 Epoch 143/500
2025-09-09 17:39:32,801 Current Learning Rate: 0.0008113939
2025-09-09 17:39:32,802 Train Loss: 0.0002206, Val Loss: 0.0002583
2025-09-09 17:39:32,802 Epoch 144/500
2025-09-09 17:40:29,985 Current Learning Rate: 0.0008089298
2025-09-09 17:40:29,986 Train Loss: 0.0002205, Val Loss: 0.0002429
2025-09-09 17:40:29,987 Epoch 145/500
2025-09-09 17:41:27,528 Current Learning Rate: 0.0008064535
2025-09-09 17:41:27,528 Train Loss: 0.0002189, Val Loss: 0.0002381
2025-09-09 17:41:27,529 Epoch 146/500
2025-09-09 17:42:24,674 Current Learning Rate: 0.0008039651
2025-09-09 17:42:24,910 New best model saved with validation loss: 0.0002167
2025-09-09 17:42:24,910 Train Loss: 0.0002119, Val Loss: 0.0002167
2025-09-09 17:42:24,910 Epoch 147/500
2025-09-09 17:43:22,146 Current Learning Rate: 0.0008014648
2025-09-09 17:43:22,400 New best model saved with validation loss: 0.0002121
2025-09-09 17:43:22,401 Train Loss: 0.0002137, Val Loss: 0.0002121
2025-09-09 17:43:22,401 Epoch 148/500
2025-09-09 17:44:19,708 Current Learning Rate: 0.0007989525
2025-09-09 17:44:19,709 Train Loss: 0.0002118, Val Loss: 0.0002249
2025-09-09 17:44:19,710 Epoch 149/500
2025-09-09 17:45:16,877 Current Learning Rate: 0.0007964284
2025-09-09 17:45:16,878 Train Loss: 0.0002114, Val Loss: 0.0003071
2025-09-09 17:45:16,878 Epoch 150/500
2025-09-09 17:46:13,820 Current Learning Rate: 0.0007938926
2025-09-09 17:46:14,031 New best model saved with validation loss: 0.0002103
2025-09-09 17:46:14,031 Train Loss: 0.0002094, Val Loss: 0.0002103
2025-09-09 17:46:14,031 Epoch 151/500
2025-09-09 17:47:11,129 Current Learning Rate: 0.0007913452
2025-09-09 17:47:11,344 New best model saved with validation loss: 0.0001944
2025-09-09 17:47:11,344 Train Loss: 0.0002088, Val Loss: 0.0001944
2025-09-09 17:47:11,345 Epoch 152/500
2025-09-09 17:48:08,392 Current Learning Rate: 0.0007887864
2025-09-09 17:48:08,393 Train Loss: 0.0002045, Val Loss: 0.0003074
2025-09-09 17:48:08,393 Epoch 153/500
2025-09-09 17:49:05,385 Current Learning Rate: 0.0007862161
2025-09-09 17:49:05,385 Train Loss: 0.0002035, Val Loss: 0.0002084
2025-09-09 17:49:05,386 Epoch 154/500
2025-09-09 17:50:02,346 Current Learning Rate: 0.0007836345
2025-09-09 17:50:02,346 Train Loss: 0.0002026, Val Loss: 0.0002225
2025-09-09 17:50:02,346 Epoch 155/500
2025-09-09 17:50:59,241 Current Learning Rate: 0.0007810417
2025-09-09 17:50:59,242 Train Loss: 0.0002023, Val Loss: 0.0002154
2025-09-09 17:50:59,242 Epoch 156/500
2025-09-09 17:51:56,258 Current Learning Rate: 0.0007784378
2025-09-09 17:51:56,259 Train Loss: 0.0001997, Val Loss: 0.0002047
2025-09-09 17:51:56,259 Epoch 157/500
2025-09-09 17:52:53,188 Current Learning Rate: 0.0007758229
2025-09-09 17:52:53,188 Train Loss: 0.0002017, Val Loss: 0.0002416
2025-09-09 17:52:53,189 Epoch 158/500
2025-09-09 17:53:50,111 Current Learning Rate: 0.0007731972
2025-09-09 17:53:50,112 Train Loss: 0.0001968, Val Loss: 0.0001991
2025-09-09 17:53:50,112 Epoch 159/500
2025-09-09 17:54:47,201 Current Learning Rate: 0.0007705606
2025-09-09 17:54:47,202 Train Loss: 0.0001951, Val Loss: 0.0002081
2025-09-09 17:54:47,202 Epoch 160/500
2025-09-09 17:55:44,337 Current Learning Rate: 0.0007679134
2025-09-09 17:55:44,338 Train Loss: 0.0001942, Val Loss: 0.0002180
2025-09-09 17:55:44,338 Epoch 161/500
2025-09-09 17:56:41,400 Current Learning Rate: 0.0007652556
2025-09-09 17:56:41,401 Train Loss: 0.0002023, Val Loss: 0.0002533
2025-09-09 17:56:41,401 Epoch 162/500
2025-09-09 17:57:38,515 Current Learning Rate: 0.0007625873
2025-09-09 17:57:38,515 Train Loss: 0.0001924, Val Loss: 0.0003515
2025-09-09 17:57:38,516 Epoch 163/500
2025-09-09 17:58:35,681 Current Learning Rate: 0.0007599087
2025-09-09 17:58:35,682 Train Loss: 0.0001926, Val Loss: 0.0002178
2025-09-09 17:58:35,682 Epoch 164/500
2025-09-09 17:59:32,735 Current Learning Rate: 0.0007572198
2025-09-09 17:59:32,735 Train Loss: 0.0001900, Val Loss: 0.0001977
2025-09-09 17:59:32,735 Epoch 165/500
2025-09-09 18:00:29,843 Current Learning Rate: 0.0007545207
2025-09-09 18:00:29,843 Train Loss: 0.0001909, Val Loss: 0.0002051
2025-09-09 18:00:29,843 Epoch 166/500
2025-09-09 18:01:26,911 Current Learning Rate: 0.0007518116
2025-09-09 18:01:26,912 Train Loss: 0.0001895, Val Loss: 0.0001990
2025-09-09 18:01:26,912 Epoch 167/500
2025-09-09 18:02:24,096 Current Learning Rate: 0.0007490926
2025-09-09 18:02:24,097 Train Loss: 0.0001887, Val Loss: 0.0002480
2025-09-09 18:02:24,097 Epoch 168/500
2025-09-09 18:03:21,041 Current Learning Rate: 0.0007463637
2025-09-09 18:03:21,623 New best model saved with validation loss: 0.0001779
2025-09-09 18:03:21,624 Train Loss: 0.0001883, Val Loss: 0.0001779
2025-09-09 18:03:21,624 Epoch 169/500
2025-09-09 18:04:18,319 Current Learning Rate: 0.0007436251
2025-09-09 18:04:18,320 Train Loss: 0.0001882, Val Loss: 0.0002012
2025-09-09 18:04:18,320 Epoch 170/500
2025-09-09 18:05:15,197 Current Learning Rate: 0.0007408768
2025-09-09 18:05:15,198 Train Loss: 0.0001833, Val Loss: 0.0001822
2025-09-09 18:05:15,198 Epoch 171/500
2025-09-09 18:06:12,045 Current Learning Rate: 0.0007381191
2025-09-09 18:06:12,045 Train Loss: 0.0001816, Val Loss: 0.0001854
2025-09-09 18:06:12,046 Epoch 172/500
2025-09-09 18:07:08,934 Current Learning Rate: 0.0007353520
2025-09-09 18:07:08,934 Train Loss: 0.0001845, Val Loss: 0.0002452
2025-09-09 18:07:08,935 Epoch 173/500
2025-09-09 18:08:05,970 Current Learning Rate: 0.0007325755
2025-09-09 18:08:06,204 New best model saved with validation loss: 0.0001737
2025-09-09 18:08:06,204 Train Loss: 0.0001807, Val Loss: 0.0001737
2025-09-09 18:08:06,204 Epoch 174/500
2025-09-09 18:09:03,247 Current Learning Rate: 0.0007297899
2025-09-09 18:09:03,247 Train Loss: 0.0001811, Val Loss: 0.0001998
2025-09-09 18:09:03,248 Epoch 175/500
2025-09-09 18:10:00,350 Current Learning Rate: 0.0007269952
2025-09-09 18:10:00,350 Train Loss: 0.0001772, Val Loss: 0.0002012
2025-09-09 18:10:00,351 Epoch 176/500
2025-09-09 18:10:57,468 Current Learning Rate: 0.0007241916
2025-09-09 18:10:57,468 Train Loss: 0.0001808, Val Loss: 0.0002125
2025-09-09 18:10:57,469 Epoch 177/500
2025-09-09 18:11:54,588 Current Learning Rate: 0.0007213791
2025-09-09 18:11:54,588 Train Loss: 0.0001770, Val Loss: 0.0002041
2025-09-09 18:11:54,589 Epoch 178/500
2025-09-09 18:12:51,732 Current Learning Rate: 0.0007185579
2025-09-09 18:12:51,733 Train Loss: 0.0001772, Val Loss: 0.0002253
2025-09-09 18:12:51,733 Epoch 179/500
2025-09-09 18:13:48,906 Current Learning Rate: 0.0007157280
2025-09-09 18:13:49,153 New best model saved with validation loss: 0.0001650
2025-09-09 18:13:49,153 Train Loss: 0.0001763, Val Loss: 0.0001650
2025-09-09 18:13:49,153 Epoch 180/500
2025-09-09 18:14:46,337 Current Learning Rate: 0.0007128896
2025-09-09 18:14:46,337 Train Loss: 0.0001774, Val Loss: 0.0001953
2025-09-09 18:14:46,338 Epoch 181/500
2025-09-09 18:15:43,509 Current Learning Rate: 0.0007100429
2025-09-09 18:15:43,510 Train Loss: 0.0001729, Val Loss: 0.0003483
2025-09-09 18:15:43,510 Epoch 182/500
2025-09-09 18:16:40,543 Current Learning Rate: 0.0007071878
2025-09-09 18:16:40,544 Train Loss: 0.0001747, Val Loss: 0.0001797
2025-09-09 18:16:40,544 Epoch 183/500
2025-09-09 18:17:37,512 Current Learning Rate: 0.0007043245
2025-09-09 18:17:37,512 Train Loss: 0.0001716, Val Loss: 0.0001975
2025-09-09 18:17:37,512 Epoch 184/500
2025-09-09 18:18:34,423 Current Learning Rate: 0.0007014532
2025-09-09 18:18:34,424 Train Loss: 0.0001730, Val Loss: 0.0002202
2025-09-09 18:18:34,424 Epoch 185/500
2025-09-09 18:19:31,346 Current Learning Rate: 0.0006985739
2025-09-09 18:19:31,346 Train Loss: 0.0001722, Val Loss: 0.0001791
2025-09-09 18:19:31,346 Epoch 186/500
2025-09-09 18:20:28,211 Current Learning Rate: 0.0006956868
2025-09-09 18:20:28,211 Train Loss: 0.0001695, Val Loss: 0.0001708
2025-09-09 18:20:28,212 Epoch 187/500
2025-09-09 18:21:25,168 Current Learning Rate: 0.0006927920
2025-09-09 18:21:25,168 Train Loss: 0.0001694, Val Loss: 0.0002216
2025-09-09 18:21:25,169 Epoch 188/500
2025-09-09 18:22:22,027 Current Learning Rate: 0.0006898895
2025-09-09 18:22:22,028 Train Loss: 0.0001675, Val Loss: 0.0001985
2025-09-09 18:22:22,028 Epoch 189/500
2025-09-09 18:23:19,056 Current Learning Rate: 0.0006869796
2025-09-09 18:23:19,057 Train Loss: 0.0001684, Val Loss: 0.0002244
2025-09-09 18:23:19,057 Epoch 190/500
2025-09-09 18:24:16,044 Current Learning Rate: 0.0006840623
2025-09-09 18:24:16,045 Train Loss: 0.0001662, Val Loss: 0.0001753
2025-09-09 18:24:16,045 Epoch 191/500
2025-09-09 18:25:13,010 Current Learning Rate: 0.0006811377
2025-09-09 18:25:13,011 Train Loss: 0.0001710, Val Loss: 0.0001841
2025-09-09 18:25:13,011 Epoch 192/500
2025-09-09 18:26:09,910 Current Learning Rate: 0.0006782059
2025-09-09 18:26:09,911 Train Loss: 0.0001631, Val Loss: 0.0001736
2025-09-09 18:26:09,911 Epoch 193/500
2025-09-09 18:27:06,824 Current Learning Rate: 0.0006752672
2025-09-09 18:27:06,824 Train Loss: 0.0001640, Val Loss: 0.0002700
2025-09-09 18:27:06,825 Epoch 194/500
2025-09-09 18:28:03,803 Current Learning Rate: 0.0006723215
2025-09-09 18:28:04,552 New best model saved with validation loss: 0.0001636
2025-09-09 18:28:04,552 Train Loss: 0.0001635, Val Loss: 0.0001636
2025-09-09 18:28:04,552 Epoch 195/500
2025-09-09 18:29:01,671 Current Learning Rate: 0.0006693690
2025-09-09 18:29:01,672 Train Loss: 0.0001623, Val Loss: 0.0001698
2025-09-09 18:29:01,672 Epoch 196/500
2025-09-09 18:29:58,926 Current Learning Rate: 0.0006664098
2025-09-09 18:29:58,927 Train Loss: 0.0001623, Val Loss: 0.0002404
2025-09-09 18:29:58,928 Epoch 197/500
2025-09-09 18:30:55,934 Current Learning Rate: 0.0006634440
2025-09-09 18:30:55,934 Train Loss: 0.0001642, Val Loss: 0.0002308
2025-09-09 18:30:55,935 Epoch 198/500
2025-09-09 18:31:52,922 Current Learning Rate: 0.0006604718
2025-09-09 18:31:52,922 Train Loss: 0.0001593, Val Loss: 0.0002118
2025-09-09 18:31:52,922 Epoch 199/500
2025-09-09 18:32:49,958 Current Learning Rate: 0.0006574933
2025-09-09 18:32:50,158 New best model saved with validation loss: 0.0001636
2025-09-09 18:32:50,158 Train Loss: 0.0001594, Val Loss: 0.0001636
2025-09-09 18:32:50,158 Epoch 200/500
2025-09-09 18:33:47,165 Current Learning Rate: 0.0006545085
2025-09-09 18:33:47,165 Train Loss: 0.0001583, Val Loss: 0.0002130
2025-09-09 18:33:47,165 Epoch 201/500
2025-09-09 18:34:44,128 Current Learning Rate: 0.0006515176
2025-09-09 18:34:44,129 Train Loss: 0.0001588, Val Loss: 0.0001726
2025-09-09 18:34:44,129 Epoch 202/500
2025-09-09 18:35:41,074 Current Learning Rate: 0.0006485208
2025-09-09 18:35:41,427 New best model saved with validation loss: 0.0001522
2025-09-09 18:35:41,427 Train Loss: 0.0001600, Val Loss: 0.0001522
2025-09-09 18:35:41,427 Epoch 203/500
2025-09-09 18:36:38,487 Current Learning Rate: 0.0006455181
2025-09-09 18:36:38,488 Train Loss: 0.0001546, Val Loss: 0.0001818
2025-09-09 18:36:38,488 Epoch 204/500
2025-09-09 18:37:35,461 Current Learning Rate: 0.0006425096
2025-09-09 18:37:35,462 Train Loss: 0.0001575, Val Loss: 0.0001648
2025-09-09 18:37:35,462 Epoch 205/500
2025-09-09 18:38:32,320 Current Learning Rate: 0.0006394956
2025-09-09 18:38:32,321 Train Loss: 0.0001571, Val Loss: 0.0001977
2025-09-09 18:38:32,321 Epoch 206/500
2025-09-09 18:39:29,200 Current Learning Rate: 0.0006364760
2025-09-09 18:39:29,201 Train Loss: 0.0001534, Val Loss: 0.0001579
2025-09-09 18:39:29,201 Epoch 207/500
2025-09-09 18:40:26,210 Current Learning Rate: 0.0006334510
2025-09-09 18:40:26,211 Train Loss: 0.0001568, Val Loss: 0.0001813
2025-09-09 18:40:26,211 Epoch 208/500
2025-09-09 18:41:23,369 Current Learning Rate: 0.0006304208
2025-09-09 18:41:23,369 Train Loss: 0.0001523, Val Loss: 0.0001841
2025-09-09 18:41:23,370 Epoch 209/500
2025-09-09 18:42:20,543 Current Learning Rate: 0.0006273854
2025-09-09 18:42:21,136 New best model saved with validation loss: 0.0001506
2025-09-09 18:42:21,136 Train Loss: 0.0001518, Val Loss: 0.0001506
2025-09-09 18:42:21,137 Epoch 210/500
2025-09-09 18:43:18,140 Current Learning Rate: 0.0006243449
2025-09-09 18:43:18,140 Train Loss: 0.0001528, Val Loss: 0.0002282
2025-09-09 18:43:18,140 Epoch 211/500
2025-09-09 18:44:15,167 Current Learning Rate: 0.0006212996
2025-09-09 18:44:15,167 Train Loss: 0.0001517, Val Loss: 0.0001615
2025-09-09 18:44:15,167 Epoch 212/500
2025-09-09 18:45:12,264 Current Learning Rate: 0.0006182495
2025-09-09 18:45:12,265 Train Loss: 0.0001486, Val Loss: 0.0001620
2025-09-09 18:45:12,266 Epoch 213/500
2025-09-09 18:46:09,247 Current Learning Rate: 0.0006151947
2025-09-09 18:46:09,247 Train Loss: 0.0001506, Val Loss: 0.0001659
2025-09-09 18:46:09,248 Epoch 214/500
2025-09-09 18:47:06,229 Current Learning Rate: 0.0006121354
2025-09-09 18:47:06,483 New best model saved with validation loss: 0.0001459
2025-09-09 18:47:06,483 Train Loss: 0.0001491, Val Loss: 0.0001459
2025-09-09 18:47:06,484 Epoch 215/500
2025-09-09 18:48:03,412 Current Learning Rate: 0.0006090716
2025-09-09 18:48:03,412 Train Loss: 0.0001499, Val Loss: 0.0001511
2025-09-09 18:48:03,412 Epoch 216/500
2025-09-09 18:49:00,338 Current Learning Rate: 0.0006060036
2025-09-09 18:49:00,338 Train Loss: 0.0001500, Val Loss: 0.0001473
2025-09-09 18:49:00,339 Epoch 217/500
2025-09-09 18:49:57,417 Current Learning Rate: 0.0006029313
2025-09-09 18:49:57,418 Train Loss: 0.0001494, Val Loss: 0.0001803
2025-09-09 18:49:57,418 Epoch 218/500
2025-09-09 18:50:54,483 Current Learning Rate: 0.0005998550
2025-09-09 18:50:54,483 Train Loss: 0.0001465, Val Loss: 0.0001559
2025-09-09 18:50:54,484 Epoch 219/500
2025-09-09 18:51:51,573 Current Learning Rate: 0.0005967747
2025-09-09 18:51:51,574 Train Loss: 0.0001480, Val Loss: 0.0001659
2025-09-09 18:51:51,574 Epoch 220/500
2025-09-09 18:52:48,660 Current Learning Rate: 0.0005936907
2025-09-09 18:52:48,661 Train Loss: 0.0001449, Val Loss: 0.0001825
2025-09-09 18:52:48,661 Epoch 221/500
2025-09-09 18:53:45,716 Current Learning Rate: 0.0005906029
2025-09-09 18:53:45,716 Train Loss: 0.0001456, Val Loss: 0.0001611
2025-09-09 18:53:45,717 Epoch 222/500
2025-09-09 18:54:43,000 Current Learning Rate: 0.0005875115
2025-09-09 18:54:43,001 Train Loss: 0.0001461, Val Loss: 0.0001509
2025-09-09 18:54:43,001 Epoch 223/500
2025-09-09 18:55:40,060 Current Learning Rate: 0.0005844167
2025-09-09 18:55:40,061 Train Loss: 0.0001430, Val Loss: 0.0001814
2025-09-09 18:55:40,062 Epoch 224/500
2025-09-09 18:56:37,130 Current Learning Rate: 0.0005813186
2025-09-09 18:56:37,130 Train Loss: 0.0001446, Val Loss: 0.0001597
2025-09-09 18:56:37,131 Epoch 225/500
2025-09-09 18:57:34,196 Current Learning Rate: 0.0005782172
2025-09-09 18:57:34,197 Train Loss: 0.0001448, Val Loss: 0.0001561
2025-09-09 18:57:34,197 Epoch 226/500
2025-09-09 18:58:30,979 Current Learning Rate: 0.0005751128
2025-09-09 18:58:30,979 Train Loss: 0.0001424, Val Loss: 0.0001615
2025-09-09 18:58:30,980 Epoch 227/500
2025-09-09 18:59:28,014 Current Learning Rate: 0.0005720054
2025-09-09 18:59:28,014 Train Loss: 0.0001414, Val Loss: 0.0001462
2025-09-09 18:59:28,014 Epoch 228/500
2025-09-09 19:00:25,094 Current Learning Rate: 0.0005688951
2025-09-09 19:00:25,095 Train Loss: 0.0001417, Val Loss: 0.0001682
2025-09-09 19:00:25,095 Epoch 229/500
2025-09-09 19:01:22,101 Current Learning Rate: 0.0005657822
2025-09-09 19:01:22,337 New best model saved with validation loss: 0.0001409
2025-09-09 19:01:22,338 Train Loss: 0.0001416, Val Loss: 0.0001409
2025-09-09 19:01:22,338 Epoch 230/500
2025-09-09 19:02:19,431 Current Learning Rate: 0.0005626666
2025-09-09 19:02:19,431 Train Loss: 0.0001401, Val Loss: 0.0001714
2025-09-09 19:02:19,431 Epoch 231/500
2025-09-09 19:03:16,431 Current Learning Rate: 0.0005595486
2025-09-09 19:03:16,431 Train Loss: 0.0001391, Val Loss: 0.0001550
2025-09-09 19:03:16,431 Epoch 232/500
2025-09-09 19:04:13,313 Current Learning Rate: 0.0005564282
2025-09-09 19:04:13,313 Train Loss: 0.0001416, Val Loss: 0.0001861
2025-09-09 19:04:13,313 Epoch 233/500
2025-09-09 19:05:10,442 Current Learning Rate: 0.0005533056
2025-09-09 19:05:10,443 Train Loss: 0.0001382, Val Loss: 0.0001464
2025-09-09 19:05:10,443 Epoch 234/500
2025-09-09 19:06:07,502 Current Learning Rate: 0.0005501809
2025-09-09 19:06:07,503 Train Loss: 0.0001392, Val Loss: 0.0001804
2025-09-09 19:06:07,503 Epoch 235/500
2025-09-09 19:07:04,579 Current Learning Rate: 0.0005470542
2025-09-09 19:07:04,579 Train Loss: 0.0001380, Val Loss: 0.0001468
2025-09-09 19:07:04,580 Epoch 236/500
2025-09-09 19:08:01,557 Current Learning Rate: 0.0005439256
2025-09-09 19:08:01,557 Train Loss: 0.0001372, Val Loss: 0.0001487
2025-09-09 19:08:01,557 Epoch 237/500
2025-09-09 19:08:58,582 Current Learning Rate: 0.0005407953
2025-09-09 19:08:58,582 Train Loss: 0.0001366, Val Loss: 0.0001445
2025-09-09 19:08:58,582 Epoch 238/500
2025-09-09 19:09:55,553 Current Learning Rate: 0.0005376634
2025-09-09 19:09:55,727 New best model saved with validation loss: 0.0001367
2025-09-09 19:09:55,727 Train Loss: 0.0001353, Val Loss: 0.0001367
2025-09-09 19:09:55,727 Epoch 239/500
2025-09-09 19:10:52,745 Current Learning Rate: 0.0005345300
2025-09-09 19:10:52,746 Train Loss: 0.0001349, Val Loss: 0.0001433
2025-09-09 19:10:52,746 Epoch 240/500
2025-09-09 19:11:49,781 Current Learning Rate: 0.0005313953
2025-09-09 19:11:49,781 Train Loss: 0.0001356, Val Loss: 0.0001674
2025-09-09 19:11:49,782 Epoch 241/500
2025-09-09 19:12:46,856 Current Learning Rate: 0.0005282593
2025-09-09 19:12:46,856 Train Loss: 0.0001351, Val Loss: 0.0001448
2025-09-09 19:12:46,856 Epoch 242/500
2025-09-09 19:13:43,769 Current Learning Rate: 0.0005251222
2025-09-09 19:13:43,769 Train Loss: 0.0001335, Val Loss: 0.0001415
2025-09-09 19:13:43,769 Epoch 243/500
2025-09-09 19:14:40,757 Current Learning Rate: 0.0005219841
2025-09-09 19:14:40,758 Train Loss: 0.0001344, Val Loss: 0.0001495
2025-09-09 19:14:40,758 Epoch 244/500
2025-09-09 19:15:37,556 Current Learning Rate: 0.0005188451
2025-09-09 19:15:37,767 New best model saved with validation loss: 0.0001343
2025-09-09 19:15:37,767 Train Loss: 0.0001336, Val Loss: 0.0001343
2025-09-09 19:15:37,767 Epoch 245/500
2025-09-09 19:16:34,752 Current Learning Rate: 0.0005157054
2025-09-09 19:16:34,753 Train Loss: 0.0001331, Val Loss: 0.0001558
2025-09-09 19:16:34,753 Epoch 246/500
2025-09-09 19:17:31,636 Current Learning Rate: 0.0005125650
2025-09-09 19:17:31,637 Train Loss: 0.0001338, Val Loss: 0.0001430
2025-09-09 19:17:31,637 Epoch 247/500
2025-09-09 19:18:28,607 Current Learning Rate: 0.0005094242
2025-09-09 19:18:28,608 Train Loss: 0.0001326, Val Loss: 0.0001399
2025-09-09 19:18:28,608 Epoch 248/500
2025-09-09 19:19:25,710 Current Learning Rate: 0.0005062830
2025-09-09 19:19:25,711 Train Loss: 0.0001314, Val Loss: 0.0002326
2025-09-09 19:19:25,711 Epoch 249/500
2025-09-09 19:20:22,732 Current Learning Rate: 0.0005031416
2025-09-09 19:20:22,733 Train Loss: 0.0001315, Val Loss: 0.0001454
2025-09-09 19:20:22,733 Epoch 250/500
2025-09-09 19:21:19,709 Current Learning Rate: 0.0005000000
2025-09-09 19:21:19,709 Train Loss: 0.0001303, Val Loss: 0.0001400
2025-09-09 19:21:19,709 Epoch 251/500
2025-09-09 19:22:16,757 Current Learning Rate: 0.0004968584
2025-09-09 19:22:16,757 Train Loss: 0.0001306, Val Loss: 0.0001520
2025-09-09 19:22:16,758 Epoch 252/500
2025-09-09 19:23:13,612 Current Learning Rate: 0.0004937170
2025-09-09 19:23:13,612 Train Loss: 0.0001302, Val Loss: 0.0001441
2025-09-09 19:23:13,612 Epoch 253/500
2025-09-09 19:24:10,683 Current Learning Rate: 0.0004905758
2025-09-09 19:24:10,684 Train Loss: 0.0001292, Val Loss: 0.0001549
2025-09-09 19:24:10,684 Epoch 254/500
2025-09-09 19:25:07,623 Current Learning Rate: 0.0004874350
2025-09-09 19:25:07,624 Train Loss: 0.0001308, Val Loss: 0.0001487
2025-09-09 19:25:07,624 Epoch 255/500
2025-09-09 19:26:04,535 Current Learning Rate: 0.0004842946
2025-09-09 19:26:04,888 New best model saved with validation loss: 0.0001336
2025-09-09 19:26:04,888 Train Loss: 0.0001266, Val Loss: 0.0001336
2025-09-09 19:26:04,888 Epoch 256/500
2025-09-09 19:27:01,855 Current Learning Rate: 0.0004811549
2025-09-09 19:27:01,855 Train Loss: 0.0001283, Val Loss: 0.0001455
2025-09-09 19:27:01,856 Epoch 257/500
2025-09-09 19:27:58,729 Current Learning Rate: 0.0004780159
2025-09-09 19:27:58,729 Train Loss: 0.0001278, Val Loss: 0.0001370
2025-09-09 19:27:58,729 Epoch 258/500
2025-09-09 19:28:55,649 Current Learning Rate: 0.0004748778
2025-09-09 19:28:55,650 Train Loss: 0.0001261, Val Loss: 0.0001786
2025-09-09 19:28:55,650 Epoch 259/500
2025-09-09 19:29:52,547 Current Learning Rate: 0.0004717407
2025-09-09 19:29:52,548 Train Loss: 0.0001281, Val Loss: 0.0001350
2025-09-09 19:29:52,548 Epoch 260/500
2025-09-09 19:30:49,559 Current Learning Rate: 0.0004686047
2025-09-09 19:30:49,560 Train Loss: 0.0001253, Val Loss: 0.0001381
2025-09-09 19:30:49,560 Epoch 261/500
2025-09-09 19:31:46,629 Current Learning Rate: 0.0004654700
2025-09-09 19:31:46,630 Train Loss: 0.0001255, Val Loss: 0.0001380
2025-09-09 19:31:46,630 Epoch 262/500
2025-09-09 19:32:43,635 Current Learning Rate: 0.0004623366
2025-09-09 19:32:43,635 Train Loss: 0.0001253, Val Loss: 0.0001656
2025-09-09 19:32:43,635 Epoch 263/500
2025-09-09 19:33:40,689 Current Learning Rate: 0.0004592047
2025-09-09 19:33:40,909 New best model saved with validation loss: 0.0001303
2025-09-09 19:33:40,909 Train Loss: 0.0001249, Val Loss: 0.0001303
2025-09-09 19:33:40,909 Epoch 264/500
2025-09-09 19:34:37,890 Current Learning Rate: 0.0004560744
2025-09-09 19:34:37,890 Train Loss: 0.0001262, Val Loss: 0.0001309
2025-09-09 19:34:37,891 Epoch 265/500
2025-09-09 19:35:34,870 Current Learning Rate: 0.0004529458
2025-09-09 19:35:34,870 Train Loss: 0.0001247, Val Loss: 0.0001373
2025-09-09 19:35:34,870 Epoch 266/500
2025-09-09 19:36:31,712 Current Learning Rate: 0.0004498191
2025-09-09 19:36:31,712 Train Loss: 0.0001229, Val Loss: 0.0002690
2025-09-09 19:36:31,712 Epoch 267/500
2025-09-09 19:37:28,655 Current Learning Rate: 0.0004466944
2025-09-09 19:37:28,867 New best model saved with validation loss: 0.0001232
2025-09-09 19:37:28,867 Train Loss: 0.0001233, Val Loss: 0.0001232
2025-09-09 19:37:28,867 Epoch 268/500
2025-09-09 19:38:25,785 Current Learning Rate: 0.0004435718
2025-09-09 19:38:25,785 Train Loss: 0.0001234, Val Loss: 0.0001363
2025-09-09 19:38:25,786 Epoch 269/500
2025-09-09 19:39:22,651 Current Learning Rate: 0.0004404514
2025-09-09 19:39:22,652 Train Loss: 0.0001223, Val Loss: 0.0001296
2025-09-09 19:39:22,652 Epoch 270/500
2025-09-09 19:40:19,735 Current Learning Rate: 0.0004373334
2025-09-09 19:40:19,736 Train Loss: 0.0001212, Val Loss: 0.0001316
2025-09-09 19:40:19,736 Epoch 271/500
2025-09-09 19:41:16,748 Current Learning Rate: 0.0004342178
2025-09-09 19:41:16,748 Train Loss: 0.0001215, Val Loss: 0.0001293
2025-09-09 19:41:16,749 Epoch 272/500
2025-09-09 19:42:13,837 Current Learning Rate: 0.0004311049
2025-09-09 19:42:13,837 Train Loss: 0.0001217, Val Loss: 0.0001442
2025-09-09 19:42:13,838 Epoch 273/500
2025-09-09 19:43:10,769 Current Learning Rate: 0.0004279946
2025-09-09 19:43:10,770 Train Loss: 0.0001198, Val Loss: 0.0001418
2025-09-09 19:43:10,770 Epoch 274/500
2025-09-09 19:44:07,815 Current Learning Rate: 0.0004248872
2025-09-09 19:44:08,048 New best model saved with validation loss: 0.0001207
2025-09-09 19:44:08,049 Train Loss: 0.0001208, Val Loss: 0.0001207
2025-09-09 19:44:08,049 Epoch 275/500
2025-09-09 19:45:05,142 Current Learning Rate: 0.0004217828
2025-09-09 19:45:05,142 Train Loss: 0.0001215, Val Loss: 0.0001254
2025-09-09 19:45:05,142 Epoch 276/500
2025-09-09 19:46:02,179 Current Learning Rate: 0.0004186814
2025-09-09 19:46:02,180 Train Loss: 0.0001211, Val Loss: 0.0001287
2025-09-09 19:46:02,180 Epoch 277/500
2025-09-09 19:46:59,129 Current Learning Rate: 0.0004155833
2025-09-09 19:46:59,130 Train Loss: 0.0001189, Val Loss: 0.0001257
2025-09-09 19:46:59,130 Epoch 278/500
2025-09-09 19:47:56,074 Current Learning Rate: 0.0004124885
2025-09-09 19:47:56,075 Train Loss: 0.0001194, Val Loss: 0.0001315
2025-09-09 19:47:56,075 Epoch 279/500
2025-09-09 19:48:52,994 Current Learning Rate: 0.0004093971
2025-09-09 19:48:52,994 Train Loss: 0.0001176, Val Loss: 0.0001266
2025-09-09 19:48:52,994 Epoch 280/500
2025-09-09 19:49:49,974 Current Learning Rate: 0.0004063093
2025-09-09 19:49:49,974 Train Loss: 0.0001194, Val Loss: 0.0001261
2025-09-09 19:49:49,974 Epoch 281/500
2025-09-09 19:50:46,928 Current Learning Rate: 0.0004032253
2025-09-09 19:50:46,928 Train Loss: 0.0001175, Val Loss: 0.0001362
2025-09-09 19:50:46,929 Epoch 282/500
2025-09-09 19:51:43,977 Current Learning Rate: 0.0004001450
2025-09-09 19:51:43,978 Train Loss: 0.0001172, Val Loss: 0.0001392
2025-09-09 19:51:43,978 Epoch 283/500
2025-09-09 19:52:41,105 Current Learning Rate: 0.0003970687
2025-09-09 19:52:41,106 Train Loss: 0.0001179, Val Loss: 0.0001211
2025-09-09 19:52:41,106 Epoch 284/500
2025-09-09 19:53:38,172 Current Learning Rate: 0.0003939964
2025-09-09 19:53:38,173 Train Loss: 0.0001163, Val Loss: 0.0001329
2025-09-09 19:53:38,173 Epoch 285/500
2025-09-09 19:54:35,298 Current Learning Rate: 0.0003909284
2025-09-09 19:54:35,298 Train Loss: 0.0001178, Val Loss: 0.0001348
2025-09-09 19:54:35,299 Epoch 286/500
2025-09-09 19:55:32,277 Current Learning Rate: 0.0003878646
2025-09-09 19:55:32,278 Train Loss: 0.0001159, Val Loss: 0.0001246
2025-09-09 19:55:32,278 Epoch 287/500
2025-09-09 19:56:29,220 Current Learning Rate: 0.0003848053
2025-09-09 19:56:29,220 Train Loss: 0.0001166, Val Loss: 0.0001374
2025-09-09 19:56:29,220 Epoch 288/500
2025-09-09 19:57:26,108 Current Learning Rate: 0.0003817505
2025-09-09 19:57:26,108 Train Loss: 0.0001153, Val Loss: 0.0001245
2025-09-09 19:57:26,109 Epoch 289/500
2025-09-09 19:58:23,176 Current Learning Rate: 0.0003787004
2025-09-09 19:58:23,177 Train Loss: 0.0001150, Val Loss: 0.0001329
2025-09-09 19:58:23,177 Epoch 290/500
2025-09-09 19:59:20,161 Current Learning Rate: 0.0003756551
2025-09-09 19:59:20,162 Train Loss: 0.0001150, Val Loss: 0.0001269
2025-09-09 19:59:20,162 Epoch 291/500
2025-09-09 20:00:17,066 Current Learning Rate: 0.0003726146
2025-09-09 20:00:17,067 Train Loss: 0.0001140, Val Loss: 0.0001949
2025-09-09 20:00:17,067 Epoch 292/500
2025-09-09 20:01:14,074 Current Learning Rate: 0.0003695792
2025-09-09 20:01:14,075 Train Loss: 0.0001142, Val Loss: 0.0001306
2025-09-09 20:01:14,075 Epoch 293/500
2025-09-09 20:02:11,039 Current Learning Rate: 0.0003665490
2025-09-09 20:02:11,039 Train Loss: 0.0001139, Val Loss: 0.0001328
2025-09-09 20:02:11,039 Epoch 294/500
2025-09-09 20:03:08,039 Current Learning Rate: 0.0003635240
2025-09-09 20:03:08,040 Train Loss: 0.0001138, Val Loss: 0.0001344
2025-09-09 20:03:08,040 Epoch 295/500
2025-09-09 20:04:04,983 Current Learning Rate: 0.0003605044
2025-09-09 20:04:05,183 New best model saved with validation loss: 0.0001199
2025-09-09 20:04:05,184 Train Loss: 0.0001135, Val Loss: 0.0001199
2025-09-09 20:04:05,184 Epoch 296/500
2025-09-09 20:05:02,156 Current Learning Rate: 0.0003574904
2025-09-09 20:05:02,156 Train Loss: 0.0001136, Val Loss: 0.0001260
2025-09-09 20:05:02,156 Epoch 297/500
2025-09-09 20:05:59,017 Current Learning Rate: 0.0003544819
2025-09-09 20:05:59,258 New best model saved with validation loss: 0.0001151
2025-09-09 20:05:59,259 Train Loss: 0.0001128, Val Loss: 0.0001151
2025-09-09 20:05:59,259 Epoch 298/500
2025-09-09 20:06:56,275 Current Learning Rate: 0.0003514792
2025-09-09 20:06:56,276 Train Loss: 0.0001129, Val Loss: 0.0001402
2025-09-09 20:06:56,276 Epoch 299/500
2025-09-09 20:07:53,447 Current Learning Rate: 0.0003484824
2025-09-09 20:07:53,447 Train Loss: 0.0001123, Val Loss: 0.0001342
2025-09-09 20:07:53,448 Epoch 300/500
2025-09-09 20:08:50,577 Current Learning Rate: 0.0003454915
2025-09-09 20:08:50,577 Train Loss: 0.0001117, Val Loss: 0.0001306
2025-09-09 20:08:50,577 Epoch 301/500
2025-09-09 20:09:47,684 Current Learning Rate: 0.0003425067
2025-09-09 20:09:47,685 Train Loss: 0.0001112, Val Loss: 0.0001179
2025-09-09 20:09:47,685 Epoch 302/500
2025-09-09 20:10:44,752 Current Learning Rate: 0.0003395282
2025-09-09 20:10:44,753 Train Loss: 0.0001108, Val Loss: 0.0001218
2025-09-09 20:10:44,753 Epoch 303/500
2025-09-09 20:11:41,772 Current Learning Rate: 0.0003365560
2025-09-09 20:11:41,772 Train Loss: 0.0001113, Val Loss: 0.0001190
2025-09-09 20:11:41,773 Epoch 304/500
2025-09-09 20:12:38,827 Current Learning Rate: 0.0003335902
2025-09-09 20:12:38,828 Train Loss: 0.0001096, Val Loss: 0.0001232
2025-09-09 20:12:38,828 Epoch 305/500
2025-09-09 20:13:35,900 Current Learning Rate: 0.0003306310
2025-09-09 20:13:35,900 Train Loss: 0.0001109, Val Loss: 0.0001227
2025-09-09 20:13:35,901 Epoch 306/500
2025-09-09 20:14:32,951 Current Learning Rate: 0.0003276785
2025-09-09 20:14:32,951 Train Loss: 0.0001107, Val Loss: 0.0001245
2025-09-09 20:14:32,952 Epoch 307/500
2025-09-09 20:15:30,135 Current Learning Rate: 0.0003247328
2025-09-09 20:15:30,136 Train Loss: 0.0001102, Val Loss: 0.0001228
2025-09-09 20:15:30,137 Epoch 308/500
2025-09-09 20:16:27,328 Current Learning Rate: 0.0003217941
2025-09-09 20:16:27,329 Train Loss: 0.0001099, Val Loss: 0.0001341
2025-09-09 20:16:27,329 Epoch 309/500
2025-09-09 20:17:24,435 Current Learning Rate: 0.0003188623
2025-09-09 20:17:24,436 Train Loss: 0.0001097, Val Loss: 0.0001190
2025-09-09 20:17:24,436 Epoch 310/500
2025-09-09 20:18:21,618 Current Learning Rate: 0.0003159377
2025-09-09 20:18:21,619 Train Loss: 0.0001101, Val Loss: 0.0001207
2025-09-09 20:18:21,619 Epoch 311/500
2025-09-09 20:19:18,961 Current Learning Rate: 0.0003130204
2025-09-09 20:19:18,962 Train Loss: 0.0001077, Val Loss: 0.0001279
2025-09-09 20:19:18,962 Epoch 312/500
2025-09-09 20:20:16,204 Current Learning Rate: 0.0003101105
2025-09-09 20:20:16,205 Train Loss: 0.0001082, Val Loss: 0.0001333
2025-09-09 20:20:16,205 Epoch 313/500
2025-09-09 20:21:13,426 Current Learning Rate: 0.0003072080
2025-09-09 20:21:13,702 New best model saved with validation loss: 0.0001135
2025-09-09 20:21:13,702 Train Loss: 0.0001070, Val Loss: 0.0001135
2025-09-09 20:21:13,702 Epoch 314/500
2025-09-09 20:22:10,989 Current Learning Rate: 0.0003043132
2025-09-09 20:22:10,990 Train Loss: 0.0001088, Val Loss: 0.0001361
2025-09-09 20:22:10,990 Epoch 315/500
2025-09-09 20:23:08,264 Current Learning Rate: 0.0003014261
2025-09-09 20:23:08,264 Train Loss: 0.0001084, Val Loss: 0.0001279
2025-09-09 20:23:08,265 Epoch 316/500
2025-09-09 20:24:05,385 Current Learning Rate: 0.0002985468
2025-09-09 20:24:05,386 Train Loss: 0.0001069, Val Loss: 0.0001172
2025-09-09 20:24:05,386 Epoch 317/500
2025-09-09 20:25:02,464 Current Learning Rate: 0.0002956755
2025-09-09 20:25:02,464 Train Loss: 0.0001070, Val Loss: 0.0001185
2025-09-09 20:25:02,465 Epoch 318/500
2025-09-09 20:25:59,481 Current Learning Rate: 0.0002928122
2025-09-09 20:25:59,482 Train Loss: 0.0001067, Val Loss: 0.0001149
2025-09-09 20:25:59,482 Epoch 319/500
2025-09-09 20:26:56,417 Current Learning Rate: 0.0002899571
2025-09-09 20:26:56,713 New best model saved with validation loss: 0.0001109
2025-09-09 20:26:56,713 Train Loss: 0.0001070, Val Loss: 0.0001109
2025-09-09 20:26:56,713 Epoch 320/500
2025-09-09 20:27:53,660 Current Learning Rate: 0.0002871104
2025-09-09 20:27:53,661 Train Loss: 0.0001068, Val Loss: 0.0001147
2025-09-09 20:27:53,661 Epoch 321/500
2025-09-09 20:28:50,766 Current Learning Rate: 0.0002842720
2025-09-09 20:28:50,767 Train Loss: 0.0001050, Val Loss: 0.0001165
2025-09-09 20:28:50,767 Epoch 322/500
2025-09-09 20:29:47,949 Current Learning Rate: 0.0002814421
2025-09-09 20:29:47,949 Train Loss: 0.0001053, Val Loss: 0.0001167
2025-09-09 20:29:47,949 Epoch 323/500
2025-09-09 20:30:45,209 Current Learning Rate: 0.0002786209
2025-09-09 20:30:45,209 Train Loss: 0.0001048, Val Loss: 0.0001134
2025-09-09 20:30:45,210 Epoch 324/500
2025-09-09 20:31:42,423 Current Learning Rate: 0.0002758084
2025-09-09 20:31:42,424 Train Loss: 0.0001059, Val Loss: 0.0001139
2025-09-09 20:31:42,424 Epoch 325/500
2025-09-09 20:32:39,423 Current Learning Rate: 0.0002730048
2025-09-09 20:32:39,424 Train Loss: 0.0001045, Val Loss: 0.0001147
2025-09-09 20:32:39,425 Epoch 326/500
2025-09-09 20:33:36,258 Current Learning Rate: 0.0002702101
2025-09-09 20:33:36,259 Train Loss: 0.0001051, Val Loss: 0.0001176
2025-09-09 20:33:36,259 Epoch 327/500
2025-09-09 20:34:33,115 Current Learning Rate: 0.0002674245
2025-09-09 20:34:33,116 Train Loss: 0.0001036, Val Loss: 0.0001145
2025-09-09 20:34:33,116 Epoch 328/500
2025-09-09 20:35:29,897 Current Learning Rate: 0.0002646480
2025-09-09 20:35:29,897 Train Loss: 0.0001028, Val Loss: 0.0001135
2025-09-09 20:35:29,898 Epoch 329/500
2025-09-09 20:36:26,570 Current Learning Rate: 0.0002618809
2025-09-09 20:36:26,571 Train Loss: 0.0001044, Val Loss: 0.0001115
2025-09-09 20:36:26,571 Epoch 330/500
2025-09-09 20:37:23,201 Current Learning Rate: 0.0002591232
2025-09-09 20:37:23,202 Train Loss: 0.0001031, Val Loss: 0.0001144
2025-09-09 20:37:23,202 Epoch 331/500
2025-09-09 20:38:19,877 Current Learning Rate: 0.0002563749
2025-09-09 20:38:19,878 Train Loss: 0.0001029, Val Loss: 0.0001125
2025-09-09 20:38:19,878 Epoch 332/500
2025-09-09 20:39:16,647 Current Learning Rate: 0.0002536363
2025-09-09 20:39:16,648 Train Loss: 0.0001026, Val Loss: 0.0001172
2025-09-09 20:39:16,648 Epoch 333/500
2025-09-09 20:40:13,497 Current Learning Rate: 0.0002509074
2025-09-09 20:40:13,745 New best model saved with validation loss: 0.0001093
2025-09-09 20:40:13,745 Train Loss: 0.0001021, Val Loss: 0.0001093
2025-09-09 20:40:13,745 Epoch 334/500
2025-09-09 20:41:10,554 Current Learning Rate: 0.0002481884
2025-09-09 20:41:10,555 Train Loss: 0.0001027, Val Loss: 0.0001176
2025-09-09 20:41:10,555 Epoch 335/500
2025-09-09 20:42:07,519 Current Learning Rate: 0.0002454793
2025-09-09 20:42:07,519 Train Loss: 0.0001010, Val Loss: 0.0001113
2025-09-09 20:42:07,520 Epoch 336/500
2025-09-09 20:43:04,524 Current Learning Rate: 0.0002427802
2025-09-09 20:43:04,525 Train Loss: 0.0001017, Val Loss: 0.0001263
2025-09-09 20:43:04,526 Epoch 337/500
2025-09-09 20:44:01,319 Current Learning Rate: 0.0002400913
2025-09-09 20:44:01,320 Train Loss: 0.0001023, Val Loss: 0.0001122
2025-09-09 20:44:01,320 Epoch 338/500
2025-09-09 20:44:58,168 Current Learning Rate: 0.0002374127
2025-09-09 20:44:58,169 Train Loss: 0.0001024, Val Loss: 0.0001130
2025-09-09 20:44:58,169 Epoch 339/500
2025-09-09 20:45:55,097 Current Learning Rate: 0.0002347444
2025-09-09 20:45:55,097 Train Loss: 0.0001013, Val Loss: 0.0001098
2025-09-09 20:45:55,098 Epoch 340/500
2025-09-09 20:46:51,972 Current Learning Rate: 0.0002320866
2025-09-09 20:46:51,973 Train Loss: 0.0001011, Val Loss: 0.0001121
2025-09-09 20:46:51,973 Epoch 341/500
2025-09-09 20:47:48,919 Current Learning Rate: 0.0002294394
2025-09-09 20:47:49,121 New best model saved with validation loss: 0.0001057
2025-09-09 20:47:49,121 Train Loss: 0.0001020, Val Loss: 0.0001057
2025-09-09 20:47:49,121 Epoch 342/500
2025-09-09 20:48:45,888 Current Learning Rate: 0.0002268028
2025-09-09 20:48:45,888 Train Loss: 0.0000996, Val Loss: 0.0001097
2025-09-09 20:48:45,889 Epoch 343/500
2025-09-09 20:49:42,764 Current Learning Rate: 0.0002241771
2025-09-09 20:49:42,764 Train Loss: 0.0001005, Val Loss: 0.0001185
2025-09-09 20:49:42,764 Epoch 344/500
2025-09-09 20:50:39,602 Current Learning Rate: 0.0002215622
2025-09-09 20:50:39,602 Train Loss: 0.0000999, Val Loss: 0.0001080
2025-09-09 20:50:39,603 Epoch 345/500
2025-09-09 20:51:36,476 Current Learning Rate: 0.0002189583
2025-09-09 20:51:36,476 Train Loss: 0.0001001, Val Loss: 0.0001079
2025-09-09 20:51:36,477 Epoch 346/500
2025-09-09 20:52:33,398 Current Learning Rate: 0.0002163655
2025-09-09 20:52:33,399 Train Loss: 0.0001003, Val Loss: 0.0001227
2025-09-09 20:52:33,399 Epoch 347/500
2025-09-09 20:53:30,310 Current Learning Rate: 0.0002137839
2025-09-09 20:53:30,511 New best model saved with validation loss: 0.0001056
2025-09-09 20:53:30,511 Train Loss: 0.0000990, Val Loss: 0.0001056
2025-09-09 20:53:30,511 Epoch 348/500
2025-09-09 20:54:27,483 Current Learning Rate: 0.0002112136
2025-09-09 20:54:27,484 Train Loss: 0.0000990, Val Loss: 0.0001308
2025-09-09 20:54:27,484 Epoch 349/500
2025-09-09 20:55:24,553 Current Learning Rate: 0.0002086548
2025-09-09 20:55:24,554 Train Loss: 0.0000992, Val Loss: 0.0001104
2025-09-09 20:55:24,554 Epoch 350/500
2025-09-09 20:56:21,599 Current Learning Rate: 0.0002061074
2025-09-09 20:56:21,599 Train Loss: 0.0000987, Val Loss: 0.0001095
2025-09-09 20:56:21,599 Epoch 351/500
2025-09-09 20:57:18,654 Current Learning Rate: 0.0002035716
2025-09-09 20:57:18,655 Train Loss: 0.0000979, Val Loss: 0.0001087
2025-09-09 20:57:18,655 Epoch 352/500
2025-09-09 20:58:15,696 Current Learning Rate: 0.0002010475
2025-09-09 20:58:15,696 Train Loss: 0.0000982, Val Loss: 0.0001073
2025-09-09 20:58:15,696 Epoch 353/500
2025-09-09 20:59:12,735 Current Learning Rate: 0.0001985352
2025-09-09 20:59:12,735 Train Loss: 0.0000984, Val Loss: 0.0001080
2025-09-09 20:59:12,736 Epoch 354/500
2025-09-09 21:00:09,879 Current Learning Rate: 0.0001960349
2025-09-09 21:00:09,880 Train Loss: 0.0000978, Val Loss: 0.0001062
2025-09-09 21:00:09,880 Epoch 355/500
2025-09-09 21:01:07,054 Current Learning Rate: 0.0001935465
2025-09-09 21:01:07,055 Train Loss: 0.0000982, Val Loss: 0.0001107
2025-09-09 21:01:07,055 Epoch 356/500
2025-09-09 21:02:04,027 Current Learning Rate: 0.0001910702
2025-09-09 21:02:04,322 New best model saved with validation loss: 0.0001024
2025-09-09 21:02:04,323 Train Loss: 0.0000978, Val Loss: 0.0001024
2025-09-09 21:02:04,323 Epoch 357/500
2025-09-09 21:03:01,316 Current Learning Rate: 0.0001886061
2025-09-09 21:03:01,316 Train Loss: 0.0000971, Val Loss: 0.0001085
2025-09-09 21:03:01,317 Epoch 358/500
2025-09-09 21:03:58,307 Current Learning Rate: 0.0001861543
2025-09-09 21:03:58,308 Train Loss: 0.0000973, Val Loss: 0.0001065
2025-09-09 21:03:58,308 Epoch 359/500
2025-09-09 21:04:55,300 Current Learning Rate: 0.0001837149
2025-09-09 21:04:55,301 Train Loss: 0.0000969, Val Loss: 0.0001031
2025-09-09 21:04:55,301 Epoch 360/500
2025-09-09 21:05:52,287 Current Learning Rate: 0.0001812880
2025-09-09 21:05:52,288 Train Loss: 0.0000968, Val Loss: 0.0001028
2025-09-09 21:05:52,289 Epoch 361/500
2025-09-09 21:06:49,207 Current Learning Rate: 0.0001788737
2025-09-09 21:06:49,210 Train Loss: 0.0000971, Val Loss: 0.0001049
2025-09-09 21:06:49,211 Epoch 362/500
2025-09-09 21:07:46,140 Current Learning Rate: 0.0001764720
2025-09-09 21:07:46,141 Train Loss: 0.0000969, Val Loss: 0.0001050
2025-09-09 21:07:46,141 Epoch 363/500
2025-09-09 21:08:43,059 Current Learning Rate: 0.0001740831
2025-09-09 21:08:43,059 Train Loss: 0.0000957, Val Loss: 0.0001037
2025-09-09 21:08:43,060 Epoch 364/500
2025-09-09 21:09:40,156 Current Learning Rate: 0.0001717071
2025-09-09 21:09:40,157 Train Loss: 0.0000968, Val Loss: 0.0001074
2025-09-09 21:09:40,157 Epoch 365/500
2025-09-09 21:10:37,199 Current Learning Rate: 0.0001693441
2025-09-09 21:10:37,199 Train Loss: 0.0000962, Val Loss: 0.0001047
2025-09-09 21:10:37,200 Epoch 366/500
2025-09-09 21:11:34,223 Current Learning Rate: 0.0001669941
2025-09-09 21:11:34,435 New best model saved with validation loss: 0.0001017
2025-09-09 21:11:34,435 Train Loss: 0.0000961, Val Loss: 0.0001017
2025-09-09 21:11:34,435 Epoch 367/500
2025-09-09 21:12:31,384 Current Learning Rate: 0.0001646572
2025-09-09 21:12:31,385 Train Loss: 0.0000955, Val Loss: 0.0001027
2025-09-09 21:12:31,385 Epoch 368/500
2025-09-09 21:13:28,436 Current Learning Rate: 0.0001623336
2025-09-09 21:13:28,437 Train Loss: 0.0000961, Val Loss: 0.0001060
2025-09-09 21:13:28,438 Epoch 369/500
2025-09-09 21:14:25,346 Current Learning Rate: 0.0001600233
2025-09-09 21:14:25,346 Train Loss: 0.0000957, Val Loss: 0.0001064
2025-09-09 21:14:25,346 Epoch 370/500
2025-09-09 21:15:22,108 Current Learning Rate: 0.0001577264
2025-09-09 21:15:22,110 Train Loss: 0.0000950, Val Loss: 0.0001092
2025-09-09 21:15:22,110 Epoch 371/500
2025-09-09 21:16:18,886 Current Learning Rate: 0.0001554431
2025-09-09 21:16:18,887 Train Loss: 0.0000949, Val Loss: 0.0001043
2025-09-09 21:16:18,887 Epoch 372/500
2025-09-09 21:17:15,761 Current Learning Rate: 0.0001531733
2025-09-09 21:17:15,762 Train Loss: 0.0000946, Val Loss: 0.0001023
2025-09-09 21:17:15,762 Epoch 373/500
2025-09-09 21:18:12,614 Current Learning Rate: 0.0001509173
2025-09-09 21:18:12,616 Train Loss: 0.0000941, Val Loss: 0.0001043
2025-09-09 21:18:12,616 Epoch 374/500
2025-09-09 21:19:09,618 Current Learning Rate: 0.0001486750
2025-09-09 21:19:09,619 Train Loss: 0.0000946, Val Loss: 0.0001020
2025-09-09 21:19:09,619 Epoch 375/500
2025-09-09 21:20:06,689 Current Learning Rate: 0.0001464466
2025-09-09 21:20:06,690 Train Loss: 0.0000944, Val Loss: 0.0001020
2025-09-09 21:20:06,691 Epoch 376/500
2025-09-09 21:21:03,778 Current Learning Rate: 0.0001442322
2025-09-09 21:21:04,059 New best model saved with validation loss: 0.0000998
2025-09-09 21:21:04,059 Train Loss: 0.0000938, Val Loss: 0.0000998
2025-09-09 21:21:04,059 Epoch 377/500
2025-09-09 21:22:01,187 Current Learning Rate: 0.0001420318
2025-09-09 21:22:01,188 Train Loss: 0.0000935, Val Loss: 0.0001022
2025-09-09 21:22:01,188 Epoch 378/500
2025-09-09 21:22:58,261 Current Learning Rate: 0.0001398455
2025-09-09 21:22:58,261 Train Loss: 0.0000938, Val Loss: 0.0001020
2025-09-09 21:22:58,262 Epoch 379/500
2025-09-09 21:23:55,231 Current Learning Rate: 0.0001376734
2025-09-09 21:23:55,232 Train Loss: 0.0000939, Val Loss: 0.0001032
2025-09-09 21:23:55,232 Epoch 380/500
2025-09-09 21:24:52,370 Current Learning Rate: 0.0001355157
2025-09-09 21:24:52,370 Train Loss: 0.0000931, Val Loss: 0.0001151
2025-09-09 21:24:52,370 Epoch 381/500
2025-09-09 21:25:49,551 Current Learning Rate: 0.0001333723
2025-09-09 21:25:49,551 Train Loss: 0.0000931, Val Loss: 0.0001012
2025-09-09 21:25:49,552 Epoch 382/500
2025-09-09 21:26:46,614 Current Learning Rate: 0.0001312434
2025-09-09 21:26:46,615 Train Loss: 0.0000930, Val Loss: 0.0001005
2025-09-09 21:26:46,615 Epoch 383/500
2025-09-09 21:27:43,672 Current Learning Rate: 0.0001291291
2025-09-09 21:27:43,858 New best model saved with validation loss: 0.0000994
2025-09-09 21:27:43,858 Train Loss: 0.0000933, Val Loss: 0.0000994
2025-09-09 21:27:43,858 Epoch 384/500
2025-09-09 21:28:40,725 Current Learning Rate: 0.0001270294
2025-09-09 21:28:40,911 New best model saved with validation loss: 0.0000992
2025-09-09 21:28:40,912 Train Loss: 0.0000930, Val Loss: 0.0000992
2025-09-09 21:28:40,912 Epoch 385/500
2025-09-09 21:29:37,833 Current Learning Rate: 0.0001249445
2025-09-09 21:29:37,834 Train Loss: 0.0000929, Val Loss: 0.0001003
2025-09-09 21:29:37,834 Epoch 386/500
2025-09-09 21:30:34,845 Current Learning Rate: 0.0001228743
2025-09-09 21:30:34,845 Train Loss: 0.0000923, Val Loss: 0.0001016
2025-09-09 21:30:34,846 Epoch 387/500
2025-09-09 21:31:31,750 Current Learning Rate: 0.0001208190
2025-09-09 21:31:31,934 New best model saved with validation loss: 0.0000981
2025-09-09 21:31:31,934 Train Loss: 0.0000921, Val Loss: 0.0000981
2025-09-09 21:31:31,934 Epoch 388/500
2025-09-09 21:32:28,964 Current Learning Rate: 0.0001187787
2025-09-09 21:32:28,965 Train Loss: 0.0000922, Val Loss: 0.0000986
2025-09-09 21:32:28,965 Epoch 389/500
2025-09-09 21:33:26,066 Current Learning Rate: 0.0001167535
2025-09-09 21:33:26,067 Train Loss: 0.0000925, Val Loss: 0.0000997
2025-09-09 21:33:26,067 Epoch 390/500
2025-09-09 21:34:22,991 Current Learning Rate: 0.0001147434
2025-09-09 21:34:22,992 Train Loss: 0.0000919, Val Loss: 0.0001014
2025-09-09 21:34:22,992 Epoch 391/500
2025-09-09 21:35:19,908 Current Learning Rate: 0.0001127485
2025-09-09 21:35:19,908 Train Loss: 0.0000923, Val Loss: 0.0001041
2025-09-09 21:35:19,908 Epoch 392/500
2025-09-09 21:36:16,844 Current Learning Rate: 0.0001107688
2025-09-09 21:36:16,845 Train Loss: 0.0000918, Val Loss: 0.0001033
2025-09-09 21:36:16,845 Epoch 393/500
2025-09-09 21:37:13,868 Current Learning Rate: 0.0001088046
2025-09-09 21:37:13,869 Train Loss: 0.0000915, Val Loss: 0.0000994
2025-09-09 21:37:13,869 Epoch 394/500
2025-09-09 21:38:10,873 Current Learning Rate: 0.0001068558
2025-09-09 21:38:10,874 Train Loss: 0.0000908, Val Loss: 0.0000997
2025-09-09 21:38:10,875 Epoch 395/500
2025-09-09 21:39:08,003 Current Learning Rate: 0.0001049225
2025-09-09 21:39:08,004 Train Loss: 0.0000906, Val Loss: 0.0001000
2025-09-09 21:39:08,004 Epoch 396/500
2025-09-09 21:40:04,995 Current Learning Rate: 0.0001030048
2025-09-09 21:40:04,996 Train Loss: 0.0000911, Val Loss: 0.0001006
2025-09-09 21:40:04,996 Epoch 397/500
2025-09-09 21:41:01,977 Current Learning Rate: 0.0001011028
2025-09-09 21:41:01,978 Train Loss: 0.0000908, Val Loss: 0.0000986
2025-09-09 21:41:01,978 Epoch 398/500
2025-09-09 21:41:58,951 Current Learning Rate: 0.0000992165
2025-09-09 21:41:58,951 Train Loss: 0.0000911, Val Loss: 0.0001009
2025-09-09 21:41:58,951 Epoch 399/500
2025-09-09 21:42:55,899 Current Learning Rate: 0.0000973461
2025-09-09 21:42:55,900 Train Loss: 0.0000904, Val Loss: 0.0000999
2025-09-09 21:42:55,900 Epoch 400/500
2025-09-09 21:43:52,837 Current Learning Rate: 0.0000954915
2025-09-09 21:43:53,052 New best model saved with validation loss: 0.0000973
2025-09-09 21:43:53,052 Train Loss: 0.0000902, Val Loss: 0.0000973
2025-09-09 21:43:53,053 Epoch 401/500
2025-09-09 21:44:50,013 Current Learning Rate: 0.0000936529
2025-09-09 21:44:50,207 New best model saved with validation loss: 0.0000970
2025-09-09 21:44:50,207 Train Loss: 0.0000902, Val Loss: 0.0000970
2025-09-09 21:44:50,207 Epoch 402/500
2025-09-09 21:45:47,254 Current Learning Rate: 0.0000918304
2025-09-09 21:45:47,255 Train Loss: 0.0000902, Val Loss: 0.0000972
2025-09-09 21:45:47,255 Epoch 403/500
2025-09-09 21:46:44,409 Current Learning Rate: 0.0000900239
2025-09-09 21:46:44,410 Train Loss: 0.0000909, Val Loss: 0.0000976
2025-09-09 21:46:44,410 Epoch 404/500
2025-09-09 21:47:41,515 Current Learning Rate: 0.0000882337
2025-09-09 21:47:41,516 Train Loss: 0.0000895, Val Loss: 0.0000977
2025-09-09 21:47:41,516 Epoch 405/500
2025-09-09 21:48:38,753 Current Learning Rate: 0.0000864597
2025-09-09 21:48:38,954 New best model saved with validation loss: 0.0000961
2025-09-09 21:48:38,954 Train Loss: 0.0000896, Val Loss: 0.0000961
2025-09-09 21:48:38,954 Epoch 406/500
2025-09-09 21:49:36,251 Current Learning Rate: 0.0000847021
2025-09-09 21:49:36,252 Train Loss: 0.0000899, Val Loss: 0.0000987
2025-09-09 21:49:36,252 Epoch 407/500
2025-09-09 21:50:33,443 Current Learning Rate: 0.0000829608
2025-09-09 21:50:33,655 New best model saved with validation loss: 0.0000954
2025-09-09 21:50:33,655 Train Loss: 0.0000904, Val Loss: 0.0000954
2025-09-09 21:50:33,655 Epoch 408/500
2025-09-09 21:51:30,649 Current Learning Rate: 0.0000812360
2025-09-09 21:51:30,649 Train Loss: 0.0000901, Val Loss: 0.0000979
2025-09-09 21:51:30,649 Epoch 409/500
2025-09-09 21:52:27,696 Current Learning Rate: 0.0000795277
2025-09-09 21:52:27,696 Train Loss: 0.0000894, Val Loss: 0.0000976
2025-09-09 21:52:27,696 Epoch 410/500
2025-09-09 21:53:24,791 Current Learning Rate: 0.0000778360
2025-09-09 21:53:24,791 Train Loss: 0.0000893, Val Loss: 0.0000968
2025-09-09 21:53:24,791 Epoch 411/500
2025-09-09 21:54:21,881 Current Learning Rate: 0.0000761610
2025-09-09 21:54:21,882 Train Loss: 0.0000894, Val Loss: 0.0000985
2025-09-09 21:54:21,882 Epoch 412/500
2025-09-09 21:55:19,017 Current Learning Rate: 0.0000745028
2025-09-09 21:55:19,018 Train Loss: 0.0000887, Val Loss: 0.0000963
2025-09-09 21:55:19,018 Epoch 413/500
2025-09-09 21:56:15,914 Current Learning Rate: 0.0000728613
2025-09-09 21:56:15,915 Train Loss: 0.0000888, Val Loss: 0.0000969
2025-09-09 21:56:15,915 Epoch 414/500
2025-09-09 21:57:13,043 Current Learning Rate: 0.0000712367
2025-09-09 21:57:13,044 Train Loss: 0.0000896, Val Loss: 0.0000965
2025-09-09 21:57:13,044 Epoch 415/500
2025-09-09 21:58:10,038 Current Learning Rate: 0.0000696290
2025-09-09 21:58:10,038 Train Loss: 0.0000891, Val Loss: 0.0000957
2025-09-09 21:58:10,039 Epoch 416/500
2025-09-09 21:59:07,178 Current Learning Rate: 0.0000680383
2025-09-09 21:59:07,179 Train Loss: 0.0000883, Val Loss: 0.0000983
2025-09-09 21:59:07,179 Epoch 417/500
2025-09-09 22:00:04,144 Current Learning Rate: 0.0000664646
2025-09-09 22:00:04,144 Train Loss: 0.0000887, Val Loss: 0.0000956
2025-09-09 22:00:04,144 Epoch 418/500
2025-09-09 22:01:01,220 Current Learning Rate: 0.0000649081
2025-09-09 22:01:01,221 Train Loss: 0.0000882, Val Loss: 0.0000966
2025-09-09 22:01:01,221 Epoch 419/500
2025-09-09 22:01:58,301 Current Learning Rate: 0.0000633688
2025-09-09 22:01:58,301 Train Loss: 0.0000887, Val Loss: 0.0000957
2025-09-09 22:01:58,301 Epoch 420/500
2025-09-09 22:02:55,429 Current Learning Rate: 0.0000618467
2025-09-09 22:02:55,643 New best model saved with validation loss: 0.0000951
2025-09-09 22:02:55,643 Train Loss: 0.0000898, Val Loss: 0.0000951
2025-09-09 22:02:55,643 Epoch 421/500
2025-09-09 22:03:52,512 Current Learning Rate: 0.0000603418
2025-09-09 22:03:52,715 New best model saved with validation loss: 0.0000951
2025-09-09 22:03:52,715 Train Loss: 0.0000888, Val Loss: 0.0000951
2025-09-09 22:03:52,716 Epoch 422/500
2025-09-09 22:04:49,585 Current Learning Rate: 0.0000588544
2025-09-09 22:04:49,586 Train Loss: 0.0000876, Val Loss: 0.0000959
2025-09-09 22:04:49,586 Epoch 423/500
2025-09-09 22:05:46,479 Current Learning Rate: 0.0000573843
2025-09-09 22:05:46,480 Train Loss: 0.0000877, Val Loss: 0.0000955
2025-09-09 22:05:46,480 Epoch 424/500
2025-09-09 22:06:43,413 Current Learning Rate: 0.0000559318
2025-09-09 22:06:43,675 New best model saved with validation loss: 0.0000948
2025-09-09 22:06:43,675 Train Loss: 0.0000880, Val Loss: 0.0000948
2025-09-09 22:06:43,675 Epoch 425/500
2025-09-09 22:07:40,637 Current Learning Rate: 0.0000544967
2025-09-09 22:07:40,846 New best model saved with validation loss: 0.0000948
2025-09-09 22:07:40,846 Train Loss: 0.0000881, Val Loss: 0.0000948
2025-09-09 22:07:40,846 Epoch 426/500
2025-09-09 22:08:37,931 Current Learning Rate: 0.0000530793
2025-09-09 22:08:37,931 Train Loss: 0.0000883, Val Loss: 0.0000977
2025-09-09 22:08:37,932 Epoch 427/500
2025-09-09 22:09:34,968 Current Learning Rate: 0.0000516795
2025-09-09 22:09:34,968 Train Loss: 0.0000877, Val Loss: 0.0000950
2025-09-09 22:09:34,969 Epoch 428/500
2025-09-09 22:10:31,932 Current Learning Rate: 0.0000502974
2025-09-09 22:10:32,141 New best model saved with validation loss: 0.0000946
2025-09-09 22:10:32,141 Train Loss: 0.0000879, Val Loss: 0.0000946
2025-09-09 22:10:32,141 Epoch 429/500
2025-09-09 22:11:28,971 Current Learning Rate: 0.0000489330
2025-09-09 22:11:28,971 Train Loss: 0.0000875, Val Loss: 0.0000948
2025-09-09 22:11:28,971 Epoch 430/500
2025-09-09 22:12:25,926 Current Learning Rate: 0.0000475865
2025-09-09 22:12:26,136 New best model saved with validation loss: 0.0000945
2025-09-09 22:12:26,136 Train Loss: 0.0000876, Val Loss: 0.0000945
2025-09-09 22:12:26,136 Epoch 431/500
2025-09-09 22:13:23,200 Current Learning Rate: 0.0000462578
2025-09-09 22:13:23,393 New best model saved with validation loss: 0.0000944
2025-09-09 22:13:23,393 Train Loss: 0.0000883, Val Loss: 0.0000944
2025-09-09 22:13:23,393 Epoch 432/500
2025-09-09 22:14:20,256 Current Learning Rate: 0.0000449470
2025-09-09 22:14:20,461 New best model saved with validation loss: 0.0000935
2025-09-09 22:14:20,461 Train Loss: 0.0000871, Val Loss: 0.0000935
2025-09-09 22:14:20,461 Epoch 433/500
2025-09-09 22:15:17,452 Current Learning Rate: 0.0000436542
2025-09-09 22:15:17,667 New best model saved with validation loss: 0.0000932
2025-09-09 22:15:17,667 Train Loss: 0.0000873, Val Loss: 0.0000932
2025-09-09 22:15:17,667 Epoch 434/500
2025-09-09 22:16:14,564 Current Learning Rate: 0.0000423794
2025-09-09 22:16:14,565 Train Loss: 0.0000868, Val Loss: 0.0000934
2025-09-09 22:16:14,565 Epoch 435/500
2025-09-09 22:17:11,504 Current Learning Rate: 0.0000411227
2025-09-09 22:17:11,505 Train Loss: 0.0000873, Val Loss: 0.0000939
2025-09-09 22:17:11,505 Epoch 436/500
2025-09-09 22:18:08,313 Current Learning Rate: 0.0000398841
2025-09-09 22:18:08,314 Train Loss: 0.0000865, Val Loss: 0.0000939
2025-09-09 22:18:08,314 Epoch 437/500
2025-09-09 22:19:05,141 Current Learning Rate: 0.0000386636
2025-09-09 22:19:05,141 Train Loss: 0.0000866, Val Loss: 0.0000934
2025-09-09 22:19:05,141 Epoch 438/500
2025-09-09 22:20:01,945 Current Learning Rate: 0.0000374614
2025-09-09 22:20:01,946 Train Loss: 0.0000873, Val Loss: 0.0000950
2025-09-09 22:20:01,946 Epoch 439/500
2025-09-09 22:20:58,926 Current Learning Rate: 0.0000362774
2025-09-09 22:20:58,926 Train Loss: 0.0000868, Val Loss: 0.0000938
2025-09-09 22:20:58,927 Epoch 440/500
2025-09-09 22:21:55,941 Current Learning Rate: 0.0000351118
2025-09-09 22:21:56,144 New best model saved with validation loss: 0.0000930
2025-09-09 22:21:56,144 Train Loss: 0.0000865, Val Loss: 0.0000930
2025-09-09 22:21:56,145 Epoch 441/500
2025-09-09 22:22:53,022 Current Learning Rate: 0.0000339644
2025-09-09 22:22:53,022 Train Loss: 0.0000869, Val Loss: 0.0000933
2025-09-09 22:22:53,022 Epoch 442/500
2025-09-09 22:23:49,859 Current Learning Rate: 0.0000328355
2025-09-09 22:23:49,860 Train Loss: 0.0000871, Val Loss: 0.0000937
2025-09-09 22:23:49,860 Epoch 443/500
2025-09-09 22:24:47,003 Current Learning Rate: 0.0000317251
2025-09-09 22:24:47,003 Train Loss: 0.0000869, Val Loss: 0.0000933
2025-09-09 22:24:47,003 Epoch 444/500
2025-09-09 22:25:43,814 Current Learning Rate: 0.0000306331
2025-09-09 22:25:43,814 Train Loss: 0.0000858, Val Loss: 0.0000939
2025-09-09 22:25:43,814 Epoch 445/500
2025-09-09 22:26:40,746 Current Learning Rate: 0.0000295596
2025-09-09 22:26:40,746 Train Loss: 0.0000858, Val Loss: 0.0000934
2025-09-09 22:26:40,747 Epoch 446/500
2025-09-09 22:27:37,611 Current Learning Rate: 0.0000285047
2025-09-09 22:27:37,796 New best model saved with validation loss: 0.0000929
2025-09-09 22:27:37,796 Train Loss: 0.0000860, Val Loss: 0.0000929
2025-09-09 22:27:37,796 Epoch 447/500
2025-09-09 22:28:34,636 Current Learning Rate: 0.0000274685
2025-09-09 22:28:34,637 Train Loss: 0.0000863, Val Loss: 0.0000934
2025-09-09 22:28:34,637 Epoch 448/500
2025-09-09 22:29:31,311 Current Learning Rate: 0.0000264508
2025-09-09 22:29:31,311 Train Loss: 0.0000868, Val Loss: 0.0000930
2025-09-09 22:29:31,311 Epoch 449/500
2025-09-09 22:30:28,111 Current Learning Rate: 0.0000254519
2025-09-09 22:30:28,297 New best model saved with validation loss: 0.0000926
2025-09-09 22:30:28,298 Train Loss: 0.0000861, Val Loss: 0.0000926
2025-09-09 22:30:28,298 Epoch 450/500
2025-09-09 22:31:24,944 Current Learning Rate: 0.0000244717
2025-09-09 22:31:24,945 Train Loss: 0.0000860, Val Loss: 0.0000932
2025-09-09 22:31:24,945 Epoch 451/500
2025-09-09 22:32:21,629 Current Learning Rate: 0.0000235103
2025-09-09 22:32:21,630 Train Loss: 0.0000862, Val Loss: 0.0000933
2025-09-09 22:32:21,630 Epoch 452/500
2025-09-09 22:33:18,366 Current Learning Rate: 0.0000225677
2025-09-09 22:33:18,366 Train Loss: 0.0000862, Val Loss: 0.0000932
2025-09-09 22:33:18,367 Epoch 453/500
2025-09-09 22:34:15,018 Current Learning Rate: 0.0000216440
2025-09-09 22:34:15,019 Train Loss: 0.0000861, Val Loss: 0.0000933
2025-09-09 22:34:15,019 Epoch 454/500
2025-09-09 22:35:11,874 Current Learning Rate: 0.0000207391
2025-09-09 22:35:11,874 Train Loss: 0.0000856, Val Loss: 0.0000935
2025-09-09 22:35:11,875 Epoch 455/500
2025-09-09 22:36:08,748 Current Learning Rate: 0.0000198532
2025-09-09 22:36:09,084 New best model saved with validation loss: 0.0000925
2025-09-09 22:36:09,084 Train Loss: 0.0000857, Val Loss: 0.0000925
2025-09-09 22:36:09,084 Epoch 456/500
2025-09-09 22:37:05,927 Current Learning Rate: 0.0000189862
2025-09-09 22:37:06,125 New best model saved with validation loss: 0.0000922
2025-09-09 22:37:06,125 Train Loss: 0.0000858, Val Loss: 0.0000922
2025-09-09 22:37:06,125 Epoch 457/500
2025-09-09 22:38:02,926 Current Learning Rate: 0.0000181382
2025-09-09 22:38:02,927 Train Loss: 0.0000855, Val Loss: 0.0000925
2025-09-09 22:38:02,927 Epoch 458/500
2025-09-09 22:38:59,559 Current Learning Rate: 0.0000173092
2025-09-09 22:38:59,560 Train Loss: 0.0000858, Val Loss: 0.0000929
2025-09-09 22:38:59,560 Epoch 459/500
2025-09-09 22:39:56,332 Current Learning Rate: 0.0000164993
2025-09-09 22:39:56,332 Train Loss: 0.0000853, Val Loss: 0.0000922
2025-09-09 22:39:56,333 Epoch 460/500
2025-09-09 22:40:53,115 Current Learning Rate: 0.0000157084
2025-09-09 22:40:53,115 Train Loss: 0.0000850, Val Loss: 0.0000926
2025-09-09 22:40:53,115 Epoch 461/500
2025-09-09 22:41:49,832 Current Learning Rate: 0.0000149367
2025-09-09 22:41:50,059 New best model saved with validation loss: 0.0000920
2025-09-09 22:41:50,059 Train Loss: 0.0000850, Val Loss: 0.0000920
2025-09-09 22:41:50,059 Epoch 462/500
2025-09-09 22:42:46,851 Current Learning Rate: 0.0000141841
2025-09-09 22:42:46,852 Train Loss: 0.0000855, Val Loss: 0.0000932
2025-09-09 22:42:46,852 Epoch 463/500
2025-09-09 22:43:43,535 Current Learning Rate: 0.0000134507
2025-09-09 22:43:43,536 Train Loss: 0.0000855, Val Loss: 0.0000927
2025-09-09 22:43:43,536 Epoch 464/500
2025-09-09 22:44:40,225 Current Learning Rate: 0.0000127366
2025-09-09 22:44:40,226 Train Loss: 0.0000851, Val Loss: 0.0000923
2025-09-09 22:44:40,226 Epoch 465/500
2025-09-09 22:45:36,835 Current Learning Rate: 0.0000120416
2025-09-09 22:45:36,836 Train Loss: 0.0000857, Val Loss: 0.0000923
2025-09-09 22:45:36,836 Epoch 466/500
2025-09-09 22:46:33,624 Current Learning Rate: 0.0000113659
2025-09-09 22:46:33,625 Train Loss: 0.0000853, Val Loss: 0.0000924
2025-09-09 22:46:33,625 Epoch 467/500
2025-09-09 22:47:30,407 Current Learning Rate: 0.0000107095
2025-09-09 22:47:30,407 Train Loss: 0.0000857, Val Loss: 0.0000924
2025-09-09 22:47:30,407 Epoch 468/500
2025-09-09 22:48:27,234 Current Learning Rate: 0.0000100725
2025-09-09 22:48:27,235 Train Loss: 0.0000854, Val Loss: 0.0000921
2025-09-09 22:48:27,235 Epoch 469/500
2025-09-09 22:49:23,935 Current Learning Rate: 0.0000094547
2025-09-09 22:49:23,936 Train Loss: 0.0000847, Val Loss: 0.0000922
2025-09-09 22:49:23,936 Epoch 470/500
2025-09-09 22:50:20,659 Current Learning Rate: 0.0000088564
2025-09-09 22:50:20,848 New best model saved with validation loss: 0.0000918
2025-09-09 22:50:20,848 Train Loss: 0.0000848, Val Loss: 0.0000918
2025-09-09 22:50:20,848 Epoch 471/500
2025-09-09 22:51:17,633 Current Learning Rate: 0.0000082774
2025-09-09 22:51:17,633 Train Loss: 0.0000852, Val Loss: 0.0000921
2025-09-09 22:51:17,633 Epoch 472/500
2025-09-09 22:52:14,540 Current Learning Rate: 0.0000077178
2025-09-09 22:52:14,541 Train Loss: 0.0000848, Val Loss: 0.0000922
2025-09-09 22:52:14,541 Epoch 473/500
2025-09-09 22:53:11,568 Current Learning Rate: 0.0000071777
2025-09-09 22:53:11,568 Train Loss: 0.0000851, Val Loss: 0.0000921
2025-09-09 22:53:11,568 Epoch 474/500
2025-09-09 22:54:08,349 Current Learning Rate: 0.0000066570
2025-09-09 22:54:08,531 New best model saved with validation loss: 0.0000917
2025-09-09 22:54:08,531 Train Loss: 0.0000849, Val Loss: 0.0000917
2025-09-09 22:54:08,532 Epoch 475/500
2025-09-09 22:55:05,407 Current Learning Rate: 0.0000061558
2025-09-09 22:55:05,408 Train Loss: 0.0000848, Val Loss: 0.0000920
2025-09-09 22:55:05,408 Epoch 476/500
2025-09-09 22:56:02,243 Current Learning Rate: 0.0000056741
2025-09-09 22:56:02,243 Train Loss: 0.0000847, Val Loss: 0.0000918
2025-09-09 22:56:02,244 Epoch 477/500
2025-09-09 22:56:59,097 Current Learning Rate: 0.0000052119
2025-09-09 22:56:59,098 Train Loss: 0.0000844, Val Loss: 0.0000919
2025-09-09 22:56:59,098 Epoch 478/500
2025-09-09 22:57:56,053 Current Learning Rate: 0.0000047693
2025-09-09 22:57:56,053 Train Loss: 0.0000855, Val Loss: 0.0000918
2025-09-09 22:57:56,054 Epoch 479/500
2025-09-09 22:58:52,982 Current Learning Rate: 0.0000043462
2025-09-09 22:58:52,982 Train Loss: 0.0000848, Val Loss: 0.0000919
2025-09-09 22:58:52,983 Epoch 480/500
2025-09-09 22:59:49,784 Current Learning Rate: 0.0000039426
2025-09-09 22:59:49,955 New best model saved with validation loss: 0.0000917
2025-09-09 22:59:49,955 Train Loss: 0.0000848, Val Loss: 0.0000917
2025-09-09 22:59:49,955 Epoch 481/500
2025-09-09 23:00:46,851 Current Learning Rate: 0.0000035587
2025-09-09 23:00:46,852 Train Loss: 0.0000838, Val Loss: 0.0000922
2025-09-09 23:00:46,852 Epoch 482/500
2025-09-09 23:01:43,660 Current Learning Rate: 0.0000031943
2025-09-09 23:01:43,661 Train Loss: 0.0000846, Val Loss: 0.0000921
2025-09-09 23:01:43,661 Epoch 483/500
2025-09-09 23:02:40,469 Current Learning Rate: 0.0000028496
2025-09-09 23:02:40,469 Train Loss: 0.0000846, Val Loss: 0.0000918
2025-09-09 23:02:40,470 Epoch 484/500
2025-09-09 23:03:37,328 Current Learning Rate: 0.0000025245
2025-09-09 23:03:37,328 Train Loss: 0.0000853, Val Loss: 0.0000921
2025-09-09 23:03:37,329 Epoch 485/500
2025-09-09 23:04:34,072 Current Learning Rate: 0.0000022190
2025-09-09 23:04:34,073 Train Loss: 0.0000843, Val Loss: 0.0000922
2025-09-09 23:04:34,073 Epoch 486/500
2025-09-09 23:05:30,981 Current Learning Rate: 0.0000019332
2025-09-09 23:05:31,161 New best model saved with validation loss: 0.0000916
2025-09-09 23:05:31,161 Train Loss: 0.0000845, Val Loss: 0.0000916
2025-09-09 23:05:31,161 Epoch 487/500
2025-09-09 23:06:28,110 Current Learning Rate: 0.0000016670
2025-09-09 23:06:28,111 Train Loss: 0.0000841, Val Loss: 0.0000920
2025-09-09 23:06:28,111 Epoch 488/500
2025-09-09 23:07:24,854 Current Learning Rate: 0.0000014205
2025-09-09 23:07:24,854 Train Loss: 0.0000845, Val Loss: 0.0000919
2025-09-09 23:07:24,854 Epoch 489/500
2025-09-09 23:08:21,611 Current Learning Rate: 0.0000011937
2025-09-09 23:08:21,612 Train Loss: 0.0000846, Val Loss: 0.0000919
2025-09-09 23:08:21,612 Epoch 490/500
2025-09-09 23:09:18,404 Current Learning Rate: 0.0000009866
2025-09-09 23:09:18,405 Train Loss: 0.0000846, Val Loss: 0.0000918
2025-09-09 23:09:18,405 Epoch 491/500
2025-09-09 23:10:15,211 Current Learning Rate: 0.0000007992
2025-09-09 23:10:15,427 New best model saved with validation loss: 0.0000916
2025-09-09 23:10:15,427 Train Loss: 0.0000845, Val Loss: 0.0000916
2025-09-09 23:10:15,427 Epoch 492/500
2025-09-09 23:11:12,371 Current Learning Rate: 0.0000006315
2025-09-09 23:11:12,372 Train Loss: 0.0000845, Val Loss: 0.0000919
2025-09-09 23:11:12,372 Epoch 493/500
2025-09-09 23:12:09,162 Current Learning Rate: 0.0000004835
2025-09-09 23:12:09,163 Train Loss: 0.0000840, Val Loss: 0.0000919
2025-09-09 23:12:09,163 Epoch 494/500
2025-09-09 23:13:06,001 Current Learning Rate: 0.0000003553
2025-09-09 23:13:06,001 Train Loss: 0.0000853, Val Loss: 0.0000916
2025-09-09 23:13:06,002 Epoch 495/500
2025-09-09 23:14:02,766 Current Learning Rate: 0.0000002467
2025-09-09 23:14:02,766 Train Loss: 0.0000852, Val Loss: 0.0000918
2025-09-09 23:14:02,767 Epoch 496/500
2025-09-09 23:14:59,566 Current Learning Rate: 0.0000001579
2025-09-09 23:14:59,567 Train Loss: 0.0000842, Val Loss: 0.0000918
2025-09-09 23:14:59,567 Epoch 497/500
2025-09-09 23:15:56,364 Current Learning Rate: 0.0000000888
2025-09-09 23:15:56,364 Train Loss: 0.0000849, Val Loss: 0.0000918
2025-09-09 23:15:56,365 Epoch 498/500
2025-09-09 23:16:53,162 Current Learning Rate: 0.0000000395
2025-09-09 23:16:53,162 Train Loss: 0.0000844, Val Loss: 0.0000919
2025-09-09 23:16:53,162 Epoch 499/500
2025-09-09 23:17:49,960 Current Learning Rate: 0.0000000099
2025-09-09 23:17:49,961 Train Loss: 0.0000840, Val Loss: 0.0000918
2025-09-09 23:17:49,961 Epoch 500/500
2025-09-09 23:18:46,676 Current Learning Rate: 0.0000000000
2025-09-09 23:18:46,677 Train Loss: 0.0000840, Val Loss: 0.0000918
2025-09-09 23:18:46,677 Loading best model for final testing...
