2025-09-09 17:27:04,026 Added key: store_based_barrier_key:1 to store for rank: 4
2025-09-09 17:27:04,034 Added key: store_based_barrier_key:1 to store for rank: 3
2025-09-09 17:27:04,039 Added key: store_based_barrier_key:1 to store for rank: 6
2025-09-09 17:27:04,773 Added key: store_based_barrier_key:1 to store for rank: 7
2025-09-09 17:27:04,910 Added key: store_based_barrier_key:1 to store for rank: 1
2025-09-09 17:27:04,927 Added key: store_based_barrier_key:1 to store for rank: 5
2025-09-09 17:27:04,984 Added key: store_based_barrier_key:1 to store for rank: 2
2025-09-09 17:27:04,985 Added key: store_based_barrier_key:1 to store for rank: 0
2025-09-09 17:27:32,413 Epoch 1/500
2025-09-09 17:29:26,678 Added key: store_based_barrier_key:1 to store for rank: 7
2025-09-09 17:29:26,711 Added key: store_based_barrier_key:1 to store for rank: 2
2025-09-09 17:29:26,767 Added key: store_based_barrier_key:1 to store for rank: 6
2025-09-09 17:29:26,785 Added key: store_based_barrier_key:1 to store for rank: 5
2025-09-09 17:29:26,793 Added key: store_based_barrier_key:1 to store for rank: 4
2025-09-09 17:29:26,800 Added key: store_based_barrier_key:1 to store for rank: 3
2025-09-09 17:29:26,804 Added key: store_based_barrier_key:1 to store for rank: 1
2025-09-09 17:29:26,813 Added key: store_based_barrier_key:1 to store for rank: 0
2025-09-09 17:29:51,802 Epoch 1/500
2025-09-09 17:33:23,630 Current Learning Rate: 0.0009999901
2025-09-09 17:33:23,878 New best model saved with validation loss: 0.0207353
2025-09-09 17:33:23,879 Train Loss: 0.0253235, Val Loss: 0.0207353
2025-09-09 17:33:23,879 Epoch 2/500
2025-09-09 17:36:54,261 Current Learning Rate: 0.0009999605
2025-09-09 17:36:54,438 New best model saved with validation loss: 0.0198893
2025-09-09 17:36:54,439 Train Loss: 0.0191489, Val Loss: 0.0198893
2025-09-09 17:36:54,439 Epoch 3/500
2025-09-09 17:40:24,770 Current Learning Rate: 0.0009999112
2025-09-09 17:40:24,962 New best model saved with validation loss: 0.0115662
2025-09-09 17:40:24,962 Train Loss: 0.0141291, Val Loss: 0.0115662
2025-09-09 17:40:24,963 Epoch 4/500
2025-09-09 17:43:55,478 Current Learning Rate: 0.0009998421
2025-09-09 17:43:55,678 New best model saved with validation loss: 0.0104119
2025-09-09 17:43:55,679 Train Loss: 0.0107175, Val Loss: 0.0104119
2025-09-09 17:43:55,679 Epoch 5/500
2025-09-09 17:47:26,160 Current Learning Rate: 0.0009997533
2025-09-09 17:47:26,380 New best model saved with validation loss: 0.0097078
2025-09-09 17:47:26,381 Train Loss: 0.0097912, Val Loss: 0.0097078
2025-09-09 17:47:26,381 Epoch 6/500
2025-09-09 17:50:57,145 Current Learning Rate: 0.0009996447
2025-09-09 17:50:57,470 New best model saved with validation loss: 0.0093741
2025-09-09 17:50:57,470 Train Loss: 0.0092875, Val Loss: 0.0093741
2025-09-09 17:50:57,470 Epoch 7/500
2025-09-09 17:54:28,168 Current Learning Rate: 0.0009995165
2025-09-09 17:54:28,667 New best model saved with validation loss: 0.0091624
2025-09-09 17:54:28,667 Train Loss: 0.0089135, Val Loss: 0.0091624
2025-09-09 17:54:28,667 Epoch 8/500
2025-09-09 17:57:59,456 Current Learning Rate: 0.0009993685
2025-09-09 17:57:59,456 Train Loss: 0.0086115, Val Loss: 0.0094118
2025-09-09 17:57:59,457 Epoch 9/500
2025-09-09 18:01:29,952 Current Learning Rate: 0.0009992008
2025-09-09 18:01:30,158 New best model saved with validation loss: 0.0090195
2025-09-09 18:01:30,158 Train Loss: 0.0083712, Val Loss: 0.0090195
2025-09-09 18:01:30,158 Epoch 10/500
2025-09-09 18:05:00,911 Current Learning Rate: 0.0009990134
2025-09-09 18:05:01,403 New best model saved with validation loss: 0.0087248
2025-09-09 18:05:01,403 Train Loss: 0.0081227, Val Loss: 0.0087248
2025-09-09 18:05:01,403 Epoch 11/500
2025-09-09 18:08:32,356 Current Learning Rate: 0.0009988063
2025-09-09 18:08:32,631 New best model saved with validation loss: 0.0087088
2025-09-09 18:08:32,631 Train Loss: 0.0079249, Val Loss: 0.0087088
2025-09-09 18:08:32,631 Epoch 12/500
2025-09-09 18:12:03,155 Current Learning Rate: 0.0009985795
2025-09-09 18:12:04,371 New best model saved with validation loss: 0.0086244
2025-09-09 18:12:04,372 Train Loss: 0.0077249, Val Loss: 0.0086244
2025-09-09 18:12:04,372 Epoch 13/500
2025-09-09 18:15:35,103 Current Learning Rate: 0.0009983330
2025-09-09 18:15:35,104 Train Loss: 0.0075380, Val Loss: 0.0087874
2025-09-09 18:15:35,104 Epoch 14/500
2025-09-09 18:19:05,889 Current Learning Rate: 0.0009980668
2025-09-09 18:19:05,889 Train Loss: 0.0073401, Val Loss: 0.0087101
2025-09-09 18:19:05,890 Epoch 15/500
2025-09-09 18:22:36,711 Current Learning Rate: 0.0009977810
2025-09-09 18:22:36,712 Train Loss: 0.0071607, Val Loss: 0.0086370
2025-09-09 18:22:36,712 Epoch 16/500
2025-09-09 18:26:07,397 Current Learning Rate: 0.0009974755
2025-09-09 18:26:07,397 Train Loss: 0.0069616, Val Loss: 0.0086818
2025-09-09 18:26:07,397 Epoch 17/500
2025-09-09 18:29:38,108 Current Learning Rate: 0.0009971504
2025-09-09 18:29:38,474 New best model saved with validation loss: 0.0085783
2025-09-09 18:29:38,474 Train Loss: 0.0067726, Val Loss: 0.0085783
2025-09-09 18:29:38,475 Epoch 18/500
2025-09-09 18:33:09,561 Current Learning Rate: 0.0009968057
2025-09-09 18:33:09,562 Train Loss: 0.0066020, Val Loss: 0.0087880
2025-09-09 18:33:09,562 Epoch 19/500
2025-09-09 18:36:40,288 Current Learning Rate: 0.0009964413
2025-09-09 18:36:40,289 Train Loss: 0.0064194, Val Loss: 0.0087534
2025-09-09 18:36:40,289 Epoch 20/500
2025-09-09 18:40:11,155 Current Learning Rate: 0.0009960574
2025-09-09 18:40:11,156 Train Loss: 0.0062682, Val Loss: 0.0087327
2025-09-09 18:40:11,156 Epoch 21/500
2025-09-09 18:43:42,028 Current Learning Rate: 0.0009956538
2025-09-09 18:43:42,028 Train Loss: 0.0061010, Val Loss: 0.0089203
2025-09-09 18:43:42,028 Epoch 22/500
2025-09-09 18:47:12,812 Current Learning Rate: 0.0009952307
2025-09-09 18:47:12,813 Train Loss: 0.0059627, Val Loss: 0.0088701
2025-09-09 18:47:12,813 Epoch 23/500
2025-09-09 18:50:43,509 Current Learning Rate: 0.0009947881
2025-09-09 18:50:43,509 Train Loss: 0.0058112, Val Loss: 0.0090203
2025-09-09 18:50:43,509 Epoch 24/500
2025-09-09 18:54:14,237 Current Learning Rate: 0.0009943259
2025-09-09 18:54:14,237 Train Loss: 0.0056996, Val Loss: 0.0089318
2025-09-09 18:54:14,237 Epoch 25/500
2025-09-09 18:57:44,998 Current Learning Rate: 0.0009938442
2025-09-09 18:57:44,999 Train Loss: 0.0055840, Val Loss: 0.0090884
2025-09-09 18:57:44,999 Epoch 26/500
2025-09-09 19:01:15,834 Current Learning Rate: 0.0009933430
2025-09-09 19:01:15,835 Train Loss: 0.0054424, Val Loss: 0.0089895
2025-09-09 19:01:15,835 Epoch 27/500
2025-09-09 19:04:46,818 Current Learning Rate: 0.0009928223
2025-09-09 19:04:46,819 Train Loss: 0.0053560, Val Loss: 0.0091733
2025-09-09 19:04:46,819 Epoch 28/500
2025-09-09 19:08:17,221 Current Learning Rate: 0.0009922822
2025-09-09 19:08:17,222 Train Loss: 0.0052622, Val Loss: 0.0091912
2025-09-09 19:08:17,222 Epoch 29/500
2025-09-09 19:11:47,676 Current Learning Rate: 0.0009917226
2025-09-09 19:11:47,676 Train Loss: 0.0051526, Val Loss: 0.0090681
2025-09-09 19:11:47,676 Epoch 30/500
2025-09-09 19:15:18,092 Current Learning Rate: 0.0009911436
2025-09-09 19:15:18,092 Train Loss: 0.0050876, Val Loss: 0.0090550
2025-09-09 19:15:18,093 Epoch 31/500
2025-09-09 19:18:48,761 Current Learning Rate: 0.0009905453
2025-09-09 19:18:48,762 Train Loss: 0.0049993, Val Loss: 0.0090620
2025-09-09 19:18:48,762 Epoch 32/500
2025-09-09 19:22:19,212 Current Learning Rate: 0.0009899275
2025-09-09 19:22:19,213 Train Loss: 0.0049157, Val Loss: 0.0093168
2025-09-09 19:22:19,213 Epoch 33/500
2025-09-09 19:25:50,033 Current Learning Rate: 0.0009892905
2025-09-09 19:25:50,034 Train Loss: 0.0048442, Val Loss: 0.0093497
2025-09-09 19:25:50,034 Epoch 34/500
2025-09-09 19:29:20,841 Current Learning Rate: 0.0009886341
2025-09-09 19:29:20,842 Train Loss: 0.0047936, Val Loss: 0.0091373
2025-09-09 19:29:20,842 Epoch 35/500
2025-09-09 19:32:51,654 Current Learning Rate: 0.0009879584
2025-09-09 19:32:51,654 Train Loss: 0.0047170, Val Loss: 0.0090540
2025-09-09 19:32:51,654 Epoch 36/500
2025-09-09 19:36:22,467 Current Learning Rate: 0.0009872634
2025-09-09 19:36:22,467 Train Loss: 0.0046650, Val Loss: 0.0092572
2025-09-09 19:36:22,468 Epoch 37/500
2025-09-09 19:39:53,290 Current Learning Rate: 0.0009865493
2025-09-09 19:39:53,291 Train Loss: 0.0046058, Val Loss: 0.0092212
2025-09-09 19:39:53,291 Epoch 38/500
2025-09-09 19:43:24,083 Current Learning Rate: 0.0009858159
2025-09-09 19:43:24,084 Train Loss: 0.0045453, Val Loss: 0.0092580
2025-09-09 19:43:24,084 Epoch 39/500
2025-09-09 19:46:54,630 Current Learning Rate: 0.0009850633
2025-09-09 19:46:54,631 Train Loss: 0.0044971, Val Loss: 0.0092510
2025-09-09 19:46:54,631 Epoch 40/500
2025-09-09 19:50:25,016 Current Learning Rate: 0.0009842916
2025-09-09 19:50:25,017 Train Loss: 0.0044562, Val Loss: 0.0091236
2025-09-09 19:50:25,017 Epoch 41/500
2025-09-09 19:53:55,414 Current Learning Rate: 0.0009835007
2025-09-09 19:53:55,414 Train Loss: 0.0044031, Val Loss: 0.0091878
2025-09-09 19:53:55,415 Epoch 42/500
2025-09-09 19:57:25,472 Current Learning Rate: 0.0009826908
2025-09-09 19:57:25,473 Train Loss: 0.0043561, Val Loss: 0.0093349
2025-09-09 19:57:25,473 Epoch 43/500
2025-09-09 20:00:55,725 Current Learning Rate: 0.0009818618
2025-09-09 20:00:55,725 Train Loss: 0.0043178, Val Loss: 0.0092128
2025-09-09 20:00:55,725 Epoch 44/500
2025-09-09 20:04:26,272 Current Learning Rate: 0.0009810138
2025-09-09 20:04:26,272 Train Loss: 0.0042772, Val Loss: 0.0094848
2025-09-09 20:04:26,272 Epoch 45/500
2025-09-09 20:07:56,820 Current Learning Rate: 0.0009801468
2025-09-09 20:07:56,821 Train Loss: 0.0042380, Val Loss: 0.0093826
2025-09-09 20:07:56,821 Epoch 46/500
2025-09-09 20:11:27,215 Current Learning Rate: 0.0009792609
2025-09-09 20:11:27,216 Train Loss: 0.0042068, Val Loss: 0.0093959
2025-09-09 20:11:27,216 Epoch 47/500
2025-09-09 20:14:57,613 Current Learning Rate: 0.0009783560
2025-09-09 20:14:57,613 Train Loss: 0.0041600, Val Loss: 0.0095226
2025-09-09 20:14:57,613 Epoch 48/500
2025-09-09 20:18:27,907 Current Learning Rate: 0.0009774323
2025-09-09 20:18:27,907 Train Loss: 0.0041398, Val Loss: 0.0092448
2025-09-09 20:18:27,907 Epoch 49/500
2025-09-09 20:21:58,265 Current Learning Rate: 0.0009764897
2025-09-09 20:21:58,265 Train Loss: 0.0041014, Val Loss: 0.0094634
2025-09-09 20:21:58,265 Epoch 50/500
2025-09-09 20:25:28,708 Current Learning Rate: 0.0009755283
2025-09-09 20:25:28,709 Train Loss: 0.0040707, Val Loss: 0.0094586
2025-09-09 20:25:28,709 Epoch 51/500
2025-09-09 20:28:59,209 Current Learning Rate: 0.0009745481
2025-09-09 20:28:59,209 Train Loss: 0.0040430, Val Loss: 0.0093682
2025-09-09 20:28:59,209 Epoch 52/500
2025-09-09 20:32:29,749 Current Learning Rate: 0.0009735492
2025-09-09 20:32:29,749 Train Loss: 0.0040136, Val Loss: 0.0095778
2025-09-09 20:32:29,750 Epoch 53/500
2025-09-09 20:36:00,463 Current Learning Rate: 0.0009725315
2025-09-09 20:36:00,463 Train Loss: 0.0039805, Val Loss: 0.0094028
2025-09-09 20:36:00,463 Epoch 54/500
2025-09-09 20:39:30,890 Current Learning Rate: 0.0009714953
2025-09-09 20:39:30,890 Train Loss: 0.0039603, Val Loss: 0.0095596
2025-09-09 20:39:30,890 Epoch 55/500
2025-09-09 20:43:01,702 Current Learning Rate: 0.0009704404
2025-09-09 20:43:01,702 Train Loss: 0.0039366, Val Loss: 0.0094135
2025-09-09 20:43:01,702 Epoch 56/500
2025-09-09 20:46:32,469 Current Learning Rate: 0.0009693669
2025-09-09 20:46:32,469 Train Loss: 0.0038992, Val Loss: 0.0094788
2025-09-09 20:46:32,469 Epoch 57/500
2025-09-09 20:50:03,235 Current Learning Rate: 0.0009682749
2025-09-09 20:50:03,235 Train Loss: 0.0038864, Val Loss: 0.0095036
2025-09-09 20:50:03,236 Epoch 58/500
2025-09-09 20:53:33,656 Current Learning Rate: 0.0009671645
2025-09-09 20:53:33,656 Train Loss: 0.0038600, Val Loss: 0.0096172
2025-09-09 20:53:33,656 Epoch 59/500
2025-09-09 20:57:03,756 Current Learning Rate: 0.0009660356
2025-09-09 20:57:03,756 Train Loss: 0.0038395, Val Loss: 0.0094986
2025-09-09 20:57:03,756 Epoch 60/500
2025-09-09 21:00:33,347 Current Learning Rate: 0.0009648882
2025-09-09 21:00:33,347 Train Loss: 0.0038183, Val Loss: 0.0094397
2025-09-09 21:00:33,348 Epoch 61/500
2025-09-09 21:04:02,875 Current Learning Rate: 0.0009637226
2025-09-09 21:04:02,875 Train Loss: 0.0037916, Val Loss: 0.0094134
2025-09-09 21:04:02,875 Epoch 62/500
2025-09-09 21:07:32,494 Current Learning Rate: 0.0009625386
2025-09-09 21:07:32,495 Train Loss: 0.0037823, Val Loss: 0.0094922
2025-09-09 21:07:32,495 Epoch 63/500
2025-09-09 21:11:01,987 Current Learning Rate: 0.0009613364
2025-09-09 21:11:01,987 Train Loss: 0.0037491, Val Loss: 0.0093936
2025-09-09 21:11:01,987 Epoch 64/500
2025-09-09 21:14:31,887 Current Learning Rate: 0.0009601159
2025-09-09 21:14:31,887 Train Loss: 0.0037395, Val Loss: 0.0095317
2025-09-09 21:14:31,887 Epoch 65/500
2025-09-09 21:18:01,636 Current Learning Rate: 0.0009588773
2025-09-09 21:18:01,637 Train Loss: 0.0037178, Val Loss: 0.0096609
2025-09-09 21:18:01,637 Epoch 66/500
2025-09-09 21:21:31,459 Current Learning Rate: 0.0009576206
2025-09-09 21:21:31,459 Train Loss: 0.0037008, Val Loss: 0.0095205
2025-09-09 21:21:31,459 Epoch 67/500
2025-09-09 21:25:01,268 Current Learning Rate: 0.0009563458
2025-09-09 21:25:01,268 Train Loss: 0.0036767, Val Loss: 0.0096334
2025-09-09 21:25:01,268 Epoch 68/500
2025-09-09 21:28:30,732 Current Learning Rate: 0.0009550530
2025-09-09 21:28:30,733 Train Loss: 0.0036633, Val Loss: 0.0096122
2025-09-09 21:28:30,733 Epoch 69/500
2025-09-09 21:31:59,968 Current Learning Rate: 0.0009537422
2025-09-09 21:31:59,969 Train Loss: 0.0036439, Val Loss: 0.0095397
2025-09-09 21:31:59,969 Epoch 70/500
2025-09-09 21:35:29,557 Current Learning Rate: 0.0009524135
2025-09-09 21:35:29,557 Train Loss: 0.0036292, Val Loss: 0.0096601
2025-09-09 21:35:29,557 Epoch 71/500
2025-09-09 21:38:59,498 Current Learning Rate: 0.0009510670
2025-09-09 21:38:59,498 Train Loss: 0.0036228, Val Loss: 0.0095574
2025-09-09 21:38:59,498 Epoch 72/500
2025-09-09 21:42:29,015 Current Learning Rate: 0.0009497026
2025-09-09 21:42:29,016 Train Loss: 0.0035976, Val Loss: 0.0097761
2025-09-09 21:42:29,016 Epoch 73/500
2025-09-09 21:45:58,837 Current Learning Rate: 0.0009483205
2025-09-09 21:45:58,837 Train Loss: 0.0035810, Val Loss: 0.0096767
2025-09-09 21:45:58,838 Epoch 74/500
2025-09-09 21:49:28,925 Current Learning Rate: 0.0009469207
2025-09-09 21:49:28,925 Train Loss: 0.0035703, Val Loss: 0.0097321
2025-09-09 21:49:28,926 Epoch 75/500
2025-09-09 21:52:58,899 Current Learning Rate: 0.0009455033
2025-09-09 21:52:58,899 Train Loss: 0.0035531, Val Loss: 0.0096336
2025-09-09 21:52:58,899 Epoch 76/500
2025-09-09 21:56:28,457 Current Learning Rate: 0.0009440682
2025-09-09 21:56:28,458 Train Loss: 0.0035436, Val Loss: 0.0095543
2025-09-09 21:56:28,458 Epoch 77/500
2025-09-09 21:59:58,137 Current Learning Rate: 0.0009426157
2025-09-09 21:59:58,138 Train Loss: 0.0035314, Val Loss: 0.0096454
2025-09-09 21:59:58,138 Epoch 78/500
2025-09-09 22:03:28,167 Current Learning Rate: 0.0009411456
2025-09-09 22:03:28,167 Train Loss: 0.0035114, Val Loss: 0.0095624
2025-09-09 22:03:28,167 Epoch 79/500
2025-09-09 22:06:57,817 Current Learning Rate: 0.0009396582
2025-09-09 22:06:57,817 Train Loss: 0.0034938, Val Loss: 0.0095489
2025-09-09 22:06:57,817 Epoch 80/500
2025-09-09 22:10:27,428 Current Learning Rate: 0.0009381533
2025-09-09 22:10:27,428 Train Loss: 0.0034898, Val Loss: 0.0095800
2025-09-09 22:10:27,428 Epoch 81/500
2025-09-09 22:13:57,355 Current Learning Rate: 0.0009366312
2025-09-09 22:13:57,355 Train Loss: 0.0034732, Val Loss: 0.0096707
2025-09-09 22:13:57,356 Epoch 82/500
2025-09-09 22:17:27,626 Current Learning Rate: 0.0009350919
2025-09-09 22:17:27,626 Train Loss: 0.0034645, Val Loss: 0.0096595
2025-09-09 22:17:27,627 Epoch 83/500
2025-09-09 22:20:57,938 Current Learning Rate: 0.0009335354
2025-09-09 22:20:57,938 Train Loss: 0.0034564, Val Loss: 0.0096221
2025-09-09 22:20:57,939 Epoch 84/500
2025-09-09 22:24:28,007 Current Learning Rate: 0.0009319617
2025-09-09 22:24:28,007 Train Loss: 0.0034304, Val Loss: 0.0097311
2025-09-09 22:24:28,007 Epoch 85/500
2025-09-09 22:27:57,900 Current Learning Rate: 0.0009303710
2025-09-09 22:27:57,900 Train Loss: 0.0034282, Val Loss: 0.0096791
2025-09-09 22:27:57,900 Epoch 86/500
2025-09-09 22:31:27,952 Current Learning Rate: 0.0009287633
2025-09-09 22:31:27,952 Train Loss: 0.0034181, Val Loss: 0.0095451
2025-09-09 22:31:27,952 Epoch 87/500
2025-09-09 22:34:57,995 Current Learning Rate: 0.0009271387
2025-09-09 22:34:57,996 Train Loss: 0.0034016, Val Loss: 0.0095701
2025-09-09 22:34:57,996 Epoch 88/500
2025-09-09 22:38:27,879 Current Learning Rate: 0.0009254972
2025-09-09 22:38:27,880 Train Loss: 0.0034014, Val Loss: 0.0096332
2025-09-09 22:38:27,880 Epoch 89/500
2025-09-09 22:41:57,758 Current Learning Rate: 0.0009238390
2025-09-09 22:41:57,758 Train Loss: 0.0033853, Val Loss: 0.0097132
2025-09-09 22:41:57,759 Epoch 90/500
2025-09-09 22:45:27,597 Current Learning Rate: 0.0009221640
2025-09-09 22:45:27,598 Train Loss: 0.0033723, Val Loss: 0.0096447
2025-09-09 22:45:27,598 Epoch 91/500
2025-09-09 22:48:57,249 Current Learning Rate: 0.0009204723
2025-09-09 22:48:57,249 Train Loss: 0.0033589, Val Loss: 0.0097527
2025-09-09 22:48:57,249 Epoch 92/500
2025-09-09 22:52:26,806 Current Learning Rate: 0.0009187640
2025-09-09 22:52:26,807 Train Loss: 0.0033457, Val Loss: 0.0097572
2025-09-09 22:52:26,807 Epoch 93/500
2025-09-09 22:55:56,736 Current Learning Rate: 0.0009170392
2025-09-09 22:55:56,737 Train Loss: 0.0033439, Val Loss: 0.0096094
2025-09-09 22:55:56,737 Epoch 94/500
2025-09-09 22:59:26,906 Current Learning Rate: 0.0009152979
2025-09-09 22:59:26,906 Train Loss: 0.0033358, Val Loss: 0.0096193
2025-09-09 22:59:26,906 Epoch 95/500
2025-09-09 23:02:57,345 Current Learning Rate: 0.0009135403
2025-09-09 23:02:57,346 Train Loss: 0.0033170, Val Loss: 0.0095580
2025-09-09 23:02:57,346 Epoch 96/500
2025-09-09 23:06:27,741 Current Learning Rate: 0.0009117663
2025-09-09 23:06:27,742 Train Loss: 0.0033175, Val Loss: 0.0096170
2025-09-09 23:06:27,742 Epoch 97/500
2025-09-09 23:09:58,091 Current Learning Rate: 0.0009099761
2025-09-09 23:09:58,091 Train Loss: 0.0033027, Val Loss: 0.0096056
2025-09-09 23:09:58,091 Epoch 98/500
2025-09-09 23:13:28,217 Current Learning Rate: 0.0009081696
2025-09-09 23:13:28,218 Train Loss: 0.0032928, Val Loss: 0.0096137
2025-09-09 23:13:28,218 Epoch 99/500
2025-09-09 23:16:58,610 Current Learning Rate: 0.0009063471
2025-09-09 23:16:58,611 Train Loss: 0.0032870, Val Loss: 0.0096881
2025-09-09 23:16:58,611 Epoch 100/500
2025-09-09 23:20:28,579 Current Learning Rate: 0.0009045085
2025-09-09 23:20:28,580 Train Loss: 0.0032713, Val Loss: 0.0096831
2025-09-09 23:20:28,580 Epoch 101/500
2025-09-09 23:23:58,139 Current Learning Rate: 0.0009026539
2025-09-09 23:23:58,140 Train Loss: 0.0032676, Val Loss: 0.0096575
2025-09-09 23:23:58,140 Epoch 102/500
2025-09-09 23:27:27,257 Current Learning Rate: 0.0009007835
2025-09-09 23:27:27,257 Train Loss: 0.0032613, Val Loss: 0.0096282
2025-09-09 23:27:27,257 Epoch 103/500
2025-09-09 23:30:56,605 Current Learning Rate: 0.0008988972
2025-09-09 23:30:56,606 Train Loss: 0.0032474, Val Loss: 0.0097546
2025-09-09 23:30:56,606 Epoch 104/500
2025-09-09 23:34:26,170 Current Learning Rate: 0.0008969952
2025-09-09 23:34:26,170 Train Loss: 0.0032469, Val Loss: 0.0097376
2025-09-09 23:34:26,170 Epoch 105/500
2025-09-09 23:37:55,941 Current Learning Rate: 0.0008950775
2025-09-09 23:37:55,942 Train Loss: 0.0032358, Val Loss: 0.0096781
2025-09-09 23:37:55,942 Epoch 106/500
2025-09-09 23:41:25,755 Current Learning Rate: 0.0008931442
2025-09-09 23:41:25,755 Train Loss: 0.0032267, Val Loss: 0.0095750
2025-09-09 23:41:25,756 Epoch 107/500
2025-09-09 23:44:55,270 Current Learning Rate: 0.0008911954
2025-09-09 23:44:55,270 Train Loss: 0.0032181, Val Loss: 0.0095983
2025-09-09 23:44:55,270 Epoch 108/500
2025-09-09 23:48:24,717 Current Learning Rate: 0.0008892312
2025-09-09 23:48:24,717 Train Loss: 0.0032091, Val Loss: 0.0096020
2025-09-09 23:48:24,718 Epoch 109/500
2025-09-09 23:51:54,718 Current Learning Rate: 0.0008872515
2025-09-09 23:51:54,719 Train Loss: 0.0032055, Val Loss: 0.0096240
2025-09-09 23:51:54,719 Epoch 110/500
2025-09-09 23:55:24,908 Current Learning Rate: 0.0008852566
2025-09-09 23:55:24,908 Train Loss: 0.0031953, Val Loss: 0.0095619
2025-09-09 23:55:24,909 Epoch 111/500
2025-09-09 23:58:55,389 Current Learning Rate: 0.0008832465
2025-09-09 23:58:55,390 Train Loss: 0.0031854, Val Loss: 0.0097994
2025-09-09 23:58:55,390 Epoch 112/500
2025-09-10 00:02:25,468 Current Learning Rate: 0.0008812213
2025-09-10 00:02:25,469 Train Loss: 0.0031817, Val Loss: 0.0097895
2025-09-10 00:02:25,469 Epoch 113/500
2025-09-10 00:05:55,869 Current Learning Rate: 0.0008791810
2025-09-10 00:05:55,870 Train Loss: 0.0031754, Val Loss: 0.0096508
2025-09-10 00:05:55,870 Epoch 114/500
2025-09-10 00:09:25,741 Current Learning Rate: 0.0008771257
2025-09-10 00:09:25,742 Train Loss: 0.0031608, Val Loss: 0.0097935
2025-09-10 00:09:25,742 Epoch 115/500
2025-09-10 00:12:55,491 Current Learning Rate: 0.0008750555
2025-09-10 00:12:55,492 Train Loss: 0.0031581, Val Loss: 0.0096169
2025-09-10 00:12:55,492 Epoch 116/500
2025-09-10 00:16:25,657 Current Learning Rate: 0.0008729706
2025-09-10 00:16:25,658 Train Loss: 0.0031529, Val Loss: 0.0097446
2025-09-10 00:16:25,658 Epoch 117/500
2025-09-10 00:19:55,597 Current Learning Rate: 0.0008708709
2025-09-10 00:19:55,598 Train Loss: 0.0031408, Val Loss: 0.0097294
2025-09-10 00:19:55,598 Epoch 118/500
2025-09-10 00:23:25,143 Current Learning Rate: 0.0008687566
2025-09-10 00:23:25,143 Train Loss: 0.0031422, Val Loss: 0.0096841
2025-09-10 00:23:25,143 Epoch 119/500
2025-09-10 00:26:54,268 Current Learning Rate: 0.0008666277
2025-09-10 00:26:54,268 Train Loss: 0.0031326, Val Loss: 0.0097227
2025-09-10 00:26:54,268 Epoch 120/500
2025-09-10 00:30:23,838 Current Learning Rate: 0.0008644843
2025-09-10 00:30:23,839 Train Loss: 0.0031214, Val Loss: 0.0097231
2025-09-10 00:30:23,839 Epoch 121/500
2025-09-10 00:33:53,321 Current Learning Rate: 0.0008623266
2025-09-10 00:33:53,322 Train Loss: 0.0031209, Val Loss: 0.0096939
2025-09-10 00:33:53,322 Epoch 122/500
2025-09-10 00:37:22,419 Current Learning Rate: 0.0008601545
2025-09-10 00:37:22,419 Train Loss: 0.0031083, Val Loss: 0.0096894
2025-09-10 00:37:22,419 Epoch 123/500
2025-09-10 00:40:52,209 Current Learning Rate: 0.0008579682
2025-09-10 00:40:52,209 Train Loss: 0.0031085, Val Loss: 0.0098037
2025-09-10 00:40:52,210 Epoch 124/500
2025-09-10 00:44:22,021 Current Learning Rate: 0.0008557678
2025-09-10 00:44:22,021 Train Loss: 0.0031015, Val Loss: 0.0096770
2025-09-10 00:44:22,021 Epoch 125/500
2025-09-10 00:47:51,841 Current Learning Rate: 0.0008535534
2025-09-10 00:47:51,841 Train Loss: 0.0030914, Val Loss: 0.0096538
2025-09-10 00:47:51,842 Epoch 126/500
2025-09-10 00:51:21,688 Current Learning Rate: 0.0008513250
2025-09-10 00:51:21,689 Train Loss: 0.0030821, Val Loss: 0.0096499
2025-09-10 00:51:21,689 Epoch 127/500
2025-09-10 00:54:51,750 Current Learning Rate: 0.0008490827
2025-09-10 00:54:51,751 Train Loss: 0.0030811, Val Loss: 0.0098019
2025-09-10 00:54:51,751 Epoch 128/500
2025-09-10 00:58:21,731 Current Learning Rate: 0.0008468267
2025-09-10 00:58:21,732 Train Loss: 0.0030780, Val Loss: 0.0098231
2025-09-10 00:58:21,732 Epoch 129/500
2025-09-10 01:01:51,677 Current Learning Rate: 0.0008445569
2025-09-10 01:01:51,677 Train Loss: 0.0030725, Val Loss: 0.0098888
2025-09-10 01:01:51,678 Epoch 130/500
2025-09-10 01:05:21,462 Current Learning Rate: 0.0008422736
2025-09-10 01:05:21,462 Train Loss: 0.0030630, Val Loss: 0.0097058
2025-09-10 01:05:21,462 Epoch 131/500
2025-09-10 01:08:51,533 Current Learning Rate: 0.0008399767
2025-09-10 01:08:51,534 Train Loss: 0.0030543, Val Loss: 0.0096842
2025-09-10 01:08:51,534 Epoch 132/500
2025-09-10 01:12:21,425 Current Learning Rate: 0.0008376664
2025-09-10 01:12:21,425 Train Loss: 0.0030520, Val Loss: 0.0097955
2025-09-10 01:12:21,425 Epoch 133/500
2025-09-10 01:15:51,355 Current Learning Rate: 0.0008353428
2025-09-10 01:15:51,355 Train Loss: 0.0030492, Val Loss: 0.0098963
2025-09-10 01:15:51,355 Epoch 134/500
2025-09-10 01:19:21,352 Current Learning Rate: 0.0008330059
2025-09-10 01:19:21,353 Train Loss: 0.0030407, Val Loss: 0.0096991
2025-09-10 01:19:21,353 Epoch 135/500
2025-09-10 01:22:51,656 Current Learning Rate: 0.0008306559
2025-09-10 01:22:51,656 Train Loss: 0.0030340, Val Loss: 0.0098246
2025-09-10 01:22:51,656 Epoch 136/500
2025-09-10 01:26:21,988 Current Learning Rate: 0.0008282929
2025-09-10 01:26:21,988 Train Loss: 0.0030296, Val Loss: 0.0097522
2025-09-10 01:26:21,988 Epoch 137/500
2025-09-10 01:29:52,075 Current Learning Rate: 0.0008259169
2025-09-10 01:29:52,075 Train Loss: 0.0030206, Val Loss: 0.0098541
2025-09-10 01:29:52,075 Epoch 138/500
2025-09-10 01:33:21,781 Current Learning Rate: 0.0008235280
2025-09-10 01:33:21,782 Train Loss: 0.0030266, Val Loss: 0.0097590
2025-09-10 01:33:21,782 Epoch 139/500
2025-09-10 01:36:52,040 Current Learning Rate: 0.0008211263
2025-09-10 01:36:52,040 Train Loss: 0.0030088, Val Loss: 0.0097130
2025-09-10 01:36:52,040 Epoch 140/500
2025-09-10 01:40:22,129 Current Learning Rate: 0.0008187120
2025-09-10 01:40:22,129 Train Loss: 0.0030117, Val Loss: 0.0098500
2025-09-10 01:40:22,130 Epoch 141/500
2025-09-10 01:43:52,197 Current Learning Rate: 0.0008162851
2025-09-10 01:43:52,198 Train Loss: 0.0030027, Val Loss: 0.0098699
2025-09-10 01:43:52,198 Epoch 142/500
2025-09-10 01:47:21,852 Current Learning Rate: 0.0008138457
2025-09-10 01:47:21,852 Train Loss: 0.0029942, Val Loss: 0.0097561
2025-09-10 01:47:21,852 Epoch 143/500
2025-09-10 01:50:51,539 Current Learning Rate: 0.0008113939
2025-09-10 01:50:51,539 Train Loss: 0.0029992, Val Loss: 0.0097209
2025-09-10 01:50:51,539 Epoch 144/500
2025-09-10 01:54:21,650 Current Learning Rate: 0.0008089298
2025-09-10 01:54:21,650 Train Loss: 0.0029885, Val Loss: 0.0097407
2025-09-10 01:54:21,650 Epoch 145/500
2025-09-10 01:57:51,600 Current Learning Rate: 0.0008064535
2025-09-10 01:57:51,600 Train Loss: 0.0029842, Val Loss: 0.0098027
2025-09-10 01:57:51,601 Epoch 146/500
2025-09-10 02:01:21,746 Current Learning Rate: 0.0008039651
2025-09-10 02:01:21,747 Train Loss: 0.0029791, Val Loss: 0.0097173
2025-09-10 02:01:21,747 Epoch 147/500
2025-09-10 02:04:52,071 Current Learning Rate: 0.0008014648
2025-09-10 02:04:52,071 Train Loss: 0.0029773, Val Loss: 0.0097603
2025-09-10 02:04:52,071 Epoch 148/500
2025-09-10 02:08:22,185 Current Learning Rate: 0.0007989525
2025-09-10 02:08:22,186 Train Loss: 0.0029621, Val Loss: 0.0097527
2025-09-10 02:08:22,186 Epoch 149/500
2025-09-10 02:11:51,853 Current Learning Rate: 0.0007964284
2025-09-10 02:11:51,853 Train Loss: 0.0029658, Val Loss: 0.0097556
2025-09-10 02:11:51,853 Epoch 150/500
2025-09-10 02:15:21,825 Current Learning Rate: 0.0007938926
2025-09-10 02:15:21,826 Train Loss: 0.0029571, Val Loss: 0.0097712
2025-09-10 02:15:21,826 Epoch 151/500
2025-09-10 02:18:51,858 Current Learning Rate: 0.0007913452
2025-09-10 02:18:51,859 Train Loss: 0.0029558, Val Loss: 0.0098610
2025-09-10 02:18:51,859 Epoch 152/500
2025-09-10 02:22:21,606 Current Learning Rate: 0.0007887864
2025-09-10 02:22:21,607 Train Loss: 0.0029527, Val Loss: 0.0097401
2025-09-10 02:22:21,607 Epoch 153/500
2025-09-10 02:25:51,526 Current Learning Rate: 0.0007862161
2025-09-10 02:25:51,526 Train Loss: 0.0029441, Val Loss: 0.0097202
2025-09-10 02:25:51,526 Epoch 154/500
2025-09-10 02:29:21,521 Current Learning Rate: 0.0007836345
2025-09-10 02:29:21,521 Train Loss: 0.0029405, Val Loss: 0.0098183
2025-09-10 02:29:21,521 Epoch 155/500
2025-09-10 02:32:51,584 Current Learning Rate: 0.0007810417
2025-09-10 02:32:51,585 Train Loss: 0.0029375, Val Loss: 0.0097505
2025-09-10 02:32:51,585 Epoch 156/500
2025-09-10 02:36:21,432 Current Learning Rate: 0.0007784378
2025-09-10 02:36:21,432 Train Loss: 0.0029346, Val Loss: 0.0097897
2025-09-10 02:36:21,432 Epoch 157/500
2025-09-10 02:39:51,070 Current Learning Rate: 0.0007758229
2025-09-10 02:39:51,070 Train Loss: 0.0029278, Val Loss: 0.0097873
2025-09-10 02:39:51,070 Epoch 158/500
2025-09-10 02:43:20,963 Current Learning Rate: 0.0007731972
2025-09-10 02:43:20,963 Train Loss: 0.0029234, Val Loss: 0.0098160
2025-09-10 02:43:20,963 Epoch 159/500
2025-09-10 02:46:51,277 Current Learning Rate: 0.0007705606
2025-09-10 02:46:51,278 Train Loss: 0.0029198, Val Loss: 0.0096041
2025-09-10 02:46:51,278 Epoch 160/500
2025-09-10 02:50:21,242 Current Learning Rate: 0.0007679134
2025-09-10 02:50:21,242 Train Loss: 0.0029136, Val Loss: 0.0097442
2025-09-10 02:50:21,243 Epoch 161/500
2025-09-10 02:53:51,325 Current Learning Rate: 0.0007652556
2025-09-10 02:53:51,326 Train Loss: 0.0029129, Val Loss: 0.0097940
2025-09-10 02:53:51,326 Epoch 162/500
2025-09-10 02:57:21,534 Current Learning Rate: 0.0007625873
2025-09-10 02:57:21,534 Train Loss: 0.0029025, Val Loss: 0.0097511
2025-09-10 02:57:21,534 Epoch 163/500
2025-09-10 03:00:52,063 Current Learning Rate: 0.0007599087
2025-09-10 03:00:52,063 Train Loss: 0.0029031, Val Loss: 0.0097878
2025-09-10 03:00:52,063 Epoch 164/500
2025-09-10 03:04:22,275 Current Learning Rate: 0.0007572198
2025-09-10 03:04:22,276 Train Loss: 0.0028993, Val Loss: 0.0097590
2025-09-10 03:04:22,276 Epoch 165/500
2025-09-10 03:07:52,237 Current Learning Rate: 0.0007545207
2025-09-10 03:07:52,237 Train Loss: 0.0028928, Val Loss: 0.0097994
2025-09-10 03:07:52,237 Epoch 166/500
2025-09-10 03:11:22,018 Current Learning Rate: 0.0007518116
2025-09-10 03:11:22,019 Train Loss: 0.0028890, Val Loss: 0.0097540
2025-09-10 03:11:22,019 Epoch 167/500
2025-09-10 03:14:51,206 Current Learning Rate: 0.0007490926
2025-09-10 03:14:51,207 Train Loss: 0.0028883, Val Loss: 0.0097485
2025-09-10 03:14:51,207 Epoch 168/500
2025-09-10 03:18:21,052 Current Learning Rate: 0.0007463637
2025-09-10 03:18:21,052 Train Loss: 0.0028809, Val Loss: 0.0099063
2025-09-10 03:18:21,053 Epoch 169/500
2025-09-10 03:21:51,441 Current Learning Rate: 0.0007436251
2025-09-10 03:21:51,441 Train Loss: 0.0028790, Val Loss: 0.0096944
2025-09-10 03:21:51,441 Epoch 170/500
2025-09-10 03:25:21,207 Current Learning Rate: 0.0007408768
2025-09-10 03:25:21,208 Train Loss: 0.0028715, Val Loss: 0.0098170
2025-09-10 03:25:21,208 Epoch 171/500
2025-09-10 03:28:51,181 Current Learning Rate: 0.0007381191
2025-09-10 03:28:51,182 Train Loss: 0.0028713, Val Loss: 0.0098256
2025-09-10 03:28:51,182 Epoch 172/500
2025-09-10 03:32:21,503 Current Learning Rate: 0.0007353520
2025-09-10 03:32:21,504 Train Loss: 0.0028672, Val Loss: 0.0097775
2025-09-10 03:32:21,504 Epoch 173/500
2025-09-10 03:35:51,639 Current Learning Rate: 0.0007325755
2025-09-10 03:35:51,640 Train Loss: 0.0028611, Val Loss: 0.0098091
2025-09-10 03:35:51,640 Epoch 174/500
2025-09-10 03:39:21,668 Current Learning Rate: 0.0007297899
2025-09-10 03:39:21,668 Train Loss: 0.0028590, Val Loss: 0.0098697
2025-09-10 03:39:21,669 Epoch 175/500
2025-09-10 03:42:51,962 Current Learning Rate: 0.0007269952
2025-09-10 03:42:51,963 Train Loss: 0.0028544, Val Loss: 0.0098138
2025-09-10 03:42:51,963 Epoch 176/500
2025-09-10 03:46:21,738 Current Learning Rate: 0.0007241916
2025-09-10 03:46:21,738 Train Loss: 0.0028489, Val Loss: 0.0098248
2025-09-10 03:46:21,739 Epoch 177/500
2025-09-10 03:49:51,764 Current Learning Rate: 0.0007213791
2025-09-10 03:49:51,764 Train Loss: 0.0028478, Val Loss: 0.0097939
2025-09-10 03:49:51,764 Epoch 178/500
2025-09-10 03:53:21,989 Current Learning Rate: 0.0007185579
2025-09-10 03:53:21,989 Train Loss: 0.0028452, Val Loss: 0.0098693
2025-09-10 03:53:21,989 Epoch 179/500
2025-09-10 03:56:52,081 Current Learning Rate: 0.0007157280
2025-09-10 03:56:52,082 Train Loss: 0.0028339, Val Loss: 0.0097860
2025-09-10 03:56:52,082 Epoch 180/500
2025-09-10 04:00:22,219 Current Learning Rate: 0.0007128896
2025-09-10 04:00:22,219 Train Loss: 0.0028394, Val Loss: 0.0097805
2025-09-10 04:00:22,219 Epoch 181/500
2025-09-10 04:03:52,228 Current Learning Rate: 0.0007100429
2025-09-10 04:03:52,228 Train Loss: 0.0028317, Val Loss: 0.0097338
2025-09-10 04:03:52,228 Epoch 182/500
2025-09-10 04:07:22,494 Current Learning Rate: 0.0007071878
2025-09-10 04:07:22,494 Train Loss: 0.0028244, Val Loss: 0.0098509
2025-09-10 04:07:22,494 Epoch 183/500
2025-09-10 04:10:52,836 Current Learning Rate: 0.0007043245
2025-09-10 04:10:52,836 Train Loss: 0.0028280, Val Loss: 0.0099540
2025-09-10 04:10:52,836 Epoch 184/500
2025-09-10 04:14:22,908 Current Learning Rate: 0.0007014532
2025-09-10 04:14:22,908 Train Loss: 0.0028212, Val Loss: 0.0098160
2025-09-10 04:14:22,909 Epoch 185/500
2025-09-10 04:17:53,029 Current Learning Rate: 0.0006985739
2025-09-10 04:17:53,029 Train Loss: 0.0028188, Val Loss: 0.0098375
2025-09-10 04:17:53,029 Epoch 186/500
2025-09-10 04:21:23,079 Current Learning Rate: 0.0006956868
2025-09-10 04:21:23,079 Train Loss: 0.0028185, Val Loss: 0.0099307
2025-09-10 04:21:23,079 Epoch 187/500
2025-09-10 04:24:53,027 Current Learning Rate: 0.0006927920
2025-09-10 04:24:53,028 Train Loss: 0.0028064, Val Loss: 0.0099311
2025-09-10 04:24:53,028 Epoch 188/500
2025-09-10 04:28:23,203 Current Learning Rate: 0.0006898895
2025-09-10 04:28:23,203 Train Loss: 0.0028090, Val Loss: 0.0098082
2025-09-10 04:28:23,203 Epoch 189/500
2025-09-10 04:31:52,681 Current Learning Rate: 0.0006869796
2025-09-10 04:31:52,681 Train Loss: 0.0028061, Val Loss: 0.0098249
2025-09-10 04:31:52,681 Epoch 190/500
2025-09-10 04:35:22,612 Current Learning Rate: 0.0006840623
2025-09-10 04:35:22,612 Train Loss: 0.0027995, Val Loss: 0.0098100
2025-09-10 04:35:22,613 Epoch 191/500
2025-09-10 04:38:52,342 Current Learning Rate: 0.0006811377
2025-09-10 04:38:52,343 Train Loss: 0.0027946, Val Loss: 0.0098085
2025-09-10 04:38:52,343 Epoch 192/500
2025-09-10 04:42:22,141 Current Learning Rate: 0.0006782059
2025-09-10 04:42:22,141 Train Loss: 0.0027945, Val Loss: 0.0098674
2025-09-10 04:42:22,141 Epoch 193/500
2025-09-10 04:45:51,474 Current Learning Rate: 0.0006752672
2025-09-10 04:45:51,474 Train Loss: 0.0027872, Val Loss: 0.0098447
2025-09-10 04:45:51,474 Epoch 194/500
2025-09-10 04:49:20,643 Current Learning Rate: 0.0006723215
2025-09-10 04:49:20,643 Train Loss: 0.0027898, Val Loss: 0.0097467
2025-09-10 04:49:20,643 Epoch 195/500
2025-09-10 04:52:50,277 Current Learning Rate: 0.0006693690
2025-09-10 04:52:50,278 Train Loss: 0.0027843, Val Loss: 0.0097582
2025-09-10 04:52:50,278 Epoch 196/500
2025-09-10 04:56:20,168 Current Learning Rate: 0.0006664098
2025-09-10 04:56:20,168 Train Loss: 0.0027816, Val Loss: 0.0097928
2025-09-10 04:56:20,168 Epoch 197/500
2025-09-10 04:59:49,803 Current Learning Rate: 0.0006634440
2025-09-10 04:59:49,803 Train Loss: 0.0027749, Val Loss: 0.0098972
2025-09-10 04:59:49,804 Epoch 198/500
2025-09-10 05:03:19,644 Current Learning Rate: 0.0006604718
2025-09-10 05:03:19,645 Train Loss: 0.0027747, Val Loss: 0.0098953
2025-09-10 05:03:19,645 Epoch 199/500
2025-09-10 05:06:49,114 Current Learning Rate: 0.0006574933
2025-09-10 05:06:49,114 Train Loss: 0.0027706, Val Loss: 0.0099123
2025-09-10 05:06:49,114 Epoch 200/500
2025-09-10 05:10:18,854 Current Learning Rate: 0.0006545085
2025-09-10 05:10:18,855 Train Loss: 0.0027701, Val Loss: 0.0098063
2025-09-10 05:10:18,855 Epoch 201/500
2025-09-10 05:13:48,430 Current Learning Rate: 0.0006515176
2025-09-10 05:13:48,430 Train Loss: 0.0027620, Val Loss: 0.0098980
2025-09-10 05:13:48,431 Epoch 202/500
2025-09-10 05:17:18,131 Current Learning Rate: 0.0006485208
2025-09-10 05:17:18,132 Train Loss: 0.0027624, Val Loss: 0.0098155
2025-09-10 05:17:18,132 Epoch 203/500
2025-09-10 05:20:48,365 Current Learning Rate: 0.0006455181
2025-09-10 05:20:48,366 Train Loss: 0.0027594, Val Loss: 0.0098393
2025-09-10 05:20:48,366 Epoch 204/500
2025-09-10 05:24:18,995 Current Learning Rate: 0.0006425096
2025-09-10 05:24:18,996 Train Loss: 0.0027575, Val Loss: 0.0099332
2025-09-10 05:24:18,996 Epoch 205/500
2025-09-10 05:27:48,904 Current Learning Rate: 0.0006394956
2025-09-10 05:27:48,905 Train Loss: 0.0027483, Val Loss: 0.0098325
2025-09-10 05:27:48,905 Epoch 206/500
2025-09-10 05:31:18,883 Current Learning Rate: 0.0006364760
2025-09-10 05:31:18,884 Train Loss: 0.0027495, Val Loss: 0.0097817
2025-09-10 05:31:18,884 Epoch 207/500
2025-09-10 05:34:48,490 Current Learning Rate: 0.0006334510
2025-09-10 05:34:48,491 Train Loss: 0.0027487, Val Loss: 0.0098839
2025-09-10 05:34:48,491 Epoch 208/500
2025-09-10 05:38:18,196 Current Learning Rate: 0.0006304208
2025-09-10 05:38:18,197 Train Loss: 0.0027466, Val Loss: 0.0098982
2025-09-10 05:38:18,197 Epoch 209/500
2025-09-10 05:41:48,147 Current Learning Rate: 0.0006273854
2025-09-10 05:41:48,147 Train Loss: 0.0027398, Val Loss: 0.0098722
2025-09-10 05:41:48,147 Epoch 210/500
2025-09-10 05:45:18,192 Current Learning Rate: 0.0006243449
2025-09-10 05:45:18,192 Train Loss: 0.0027396, Val Loss: 0.0097628
2025-09-10 05:45:18,192 Epoch 211/500
2025-09-10 05:48:48,099 Current Learning Rate: 0.0006212996
2025-09-10 05:48:48,099 Train Loss: 0.0027336, Val Loss: 0.0098857
2025-09-10 05:48:48,099 Epoch 212/500
2025-09-10 05:52:18,095 Current Learning Rate: 0.0006182495
2025-09-10 05:52:18,095 Train Loss: 0.0027302, Val Loss: 0.0097977
2025-09-10 05:52:18,095 Epoch 213/500
2025-09-10 05:55:48,172 Current Learning Rate: 0.0006151947
2025-09-10 05:55:48,173 Train Loss: 0.0027289, Val Loss: 0.0098365
2025-09-10 05:55:48,173 Epoch 214/500
2025-09-10 05:59:18,439 Current Learning Rate: 0.0006121354
2025-09-10 05:59:18,440 Train Loss: 0.0027252, Val Loss: 0.0099163
2025-09-10 05:59:18,440 Epoch 215/500
2025-09-10 06:02:48,853 Current Learning Rate: 0.0006090716
2025-09-10 06:02:48,853 Train Loss: 0.0027226, Val Loss: 0.0098622
2025-09-10 06:02:48,853 Epoch 216/500
2025-09-10 06:06:18,854 Current Learning Rate: 0.0006060036
2025-09-10 06:06:18,854 Train Loss: 0.0027188, Val Loss: 0.0097592
2025-09-10 06:06:18,854 Epoch 217/500
2025-09-10 06:09:48,575 Current Learning Rate: 0.0006029313
2025-09-10 06:09:48,576 Train Loss: 0.0027198, Val Loss: 0.0098197
2025-09-10 06:09:48,576 Epoch 218/500
2025-09-10 06:13:18,398 Current Learning Rate: 0.0005998550
2025-09-10 06:13:18,398 Train Loss: 0.0027134, Val Loss: 0.0097364
2025-09-10 06:13:18,398 Epoch 219/500
2025-09-10 06:16:47,855 Current Learning Rate: 0.0005967747
2025-09-10 06:16:47,855 Train Loss: 0.0027124, Val Loss: 0.0099250
2025-09-10 06:16:47,855 Epoch 220/500
2025-09-10 06:20:17,446 Current Learning Rate: 0.0005936907
2025-09-10 06:20:17,446 Train Loss: 0.0027113, Val Loss: 0.0097912
2025-09-10 06:20:17,446 Epoch 221/500
2025-09-10 06:23:46,899 Current Learning Rate: 0.0005906029
2025-09-10 06:23:46,899 Train Loss: 0.0027050, Val Loss: 0.0099287
2025-09-10 06:23:46,899 Epoch 222/500
2025-09-10 06:27:16,165 Current Learning Rate: 0.0005875115
2025-09-10 06:27:16,165 Train Loss: 0.0027033, Val Loss: 0.0098934
2025-09-10 06:27:16,165 Epoch 223/500
2025-09-10 06:30:45,327 Current Learning Rate: 0.0005844167
2025-09-10 06:30:45,328 Train Loss: 0.0027020, Val Loss: 0.0098496
2025-09-10 06:30:45,328 Epoch 224/500
2025-09-10 06:34:15,090 Current Learning Rate: 0.0005813186
2025-09-10 06:34:15,090 Train Loss: 0.0026967, Val Loss: 0.0099352
2025-09-10 06:34:15,091 Epoch 225/500
2025-09-10 06:37:45,090 Current Learning Rate: 0.0005782172
2025-09-10 06:37:45,091 Train Loss: 0.0026952, Val Loss: 0.0098893
2025-09-10 06:37:45,091 Epoch 226/500
2025-09-10 06:41:14,975 Current Learning Rate: 0.0005751128
2025-09-10 06:41:14,975 Train Loss: 0.0026954, Val Loss: 0.0098609
2025-09-10 06:41:14,976 Epoch 227/500
2025-09-10 06:44:44,432 Current Learning Rate: 0.0005720054
2025-09-10 06:44:44,432 Train Loss: 0.0026893, Val Loss: 0.0097502
2025-09-10 06:44:44,433 Epoch 228/500
2025-09-10 06:48:13,903 Current Learning Rate: 0.0005688951
2025-09-10 06:48:13,903 Train Loss: 0.0026869, Val Loss: 0.0098319
2025-09-10 06:48:13,903 Epoch 229/500
2025-09-10 06:51:43,761 Current Learning Rate: 0.0005657822
2025-09-10 06:51:43,762 Train Loss: 0.0026854, Val Loss: 0.0099433
2025-09-10 06:51:43,762 Epoch 230/500
2025-09-10 06:55:13,735 Current Learning Rate: 0.0005626666
2025-09-10 06:55:13,736 Train Loss: 0.0026817, Val Loss: 0.0098814
2025-09-10 06:55:13,736 Epoch 231/500
2025-09-10 06:58:43,667 Current Learning Rate: 0.0005595486
2025-09-10 06:58:43,667 Train Loss: 0.0026790, Val Loss: 0.0098346
2025-09-10 06:58:43,667 Epoch 232/500
2025-09-10 07:02:13,542 Current Learning Rate: 0.0005564282
2025-09-10 07:02:13,543 Train Loss: 0.0026767, Val Loss: 0.0098161
2025-09-10 07:02:13,543 Epoch 233/500
2025-09-10 07:05:43,828 Current Learning Rate: 0.0005533056
2025-09-10 07:05:43,829 Train Loss: 0.0026738, Val Loss: 0.0098580
2025-09-10 07:05:43,829 Epoch 234/500
2025-09-10 07:09:13,610 Current Learning Rate: 0.0005501809
2025-09-10 07:09:13,610 Train Loss: 0.0026727, Val Loss: 0.0099403
2025-09-10 07:09:13,610 Epoch 235/500
2025-09-10 07:12:43,219 Current Learning Rate: 0.0005470542
2025-09-10 07:12:43,219 Train Loss: 0.0026685, Val Loss: 0.0098478
2025-09-10 07:12:43,220 Epoch 236/500
2025-09-10 07:16:13,181 Current Learning Rate: 0.0005439256
2025-09-10 07:16:13,181 Train Loss: 0.0026675, Val Loss: 0.0098746
2025-09-10 07:16:13,181 Epoch 237/500
2025-09-10 07:19:43,468 Current Learning Rate: 0.0005407953
2025-09-10 07:19:43,468 Train Loss: 0.0026646, Val Loss: 0.0098430
2025-09-10 07:19:43,468 Epoch 238/500
2025-09-10 07:23:12,861 Current Learning Rate: 0.0005376634
2025-09-10 07:23:12,861 Train Loss: 0.0026609, Val Loss: 0.0098740
2025-09-10 07:23:12,861 Epoch 239/500
2025-09-10 07:26:43,559 Current Learning Rate: 0.0005345300
2025-09-10 07:26:43,560 Train Loss: 0.0026627, Val Loss: 0.0098651
2025-09-10 07:26:43,560 Epoch 240/500
2025-09-10 07:30:13,406 Current Learning Rate: 0.0005313953
2025-09-10 07:30:13,406 Train Loss: 0.0026575, Val Loss: 0.0099371
2025-09-10 07:30:13,406 Epoch 241/500
2025-09-10 07:33:42,838 Current Learning Rate: 0.0005282593
2025-09-10 07:33:42,838 Train Loss: 0.0026552, Val Loss: 0.0098880
2025-09-10 07:33:42,838 Epoch 242/500
2025-09-10 07:37:12,561 Current Learning Rate: 0.0005251222
2025-09-10 07:37:12,561 Train Loss: 0.0026501, Val Loss: 0.0098555
2025-09-10 07:37:12,562 Epoch 243/500
2025-09-10 07:40:42,058 Current Learning Rate: 0.0005219841
2025-09-10 07:40:42,058 Train Loss: 0.0026489, Val Loss: 0.0098601
2025-09-10 07:40:42,058 Epoch 244/500
2025-09-10 07:44:11,867 Current Learning Rate: 0.0005188451
2025-09-10 07:44:11,867 Train Loss: 0.0026462, Val Loss: 0.0098317
2025-09-10 07:44:11,868 Epoch 245/500
2025-09-10 07:47:41,817 Current Learning Rate: 0.0005157054
2025-09-10 07:47:41,817 Train Loss: 0.0026466, Val Loss: 0.0098467
2025-09-10 07:47:41,817 Epoch 246/500
2025-09-10 07:51:11,759 Current Learning Rate: 0.0005125650
2025-09-10 07:51:11,759 Train Loss: 0.0026434, Val Loss: 0.0099228
2025-09-10 07:51:11,759 Epoch 247/500
2025-09-10 07:54:41,425 Current Learning Rate: 0.0005094242
2025-09-10 07:54:41,425 Train Loss: 0.0026395, Val Loss: 0.0098870
2025-09-10 07:54:41,425 Epoch 248/500
2025-09-10 07:58:11,633 Current Learning Rate: 0.0005062830
2025-09-10 07:58:11,634 Train Loss: 0.0026377, Val Loss: 0.0099154
2025-09-10 07:58:11,634 Epoch 249/500
2025-09-10 08:01:41,615 Current Learning Rate: 0.0005031416
2025-09-10 08:01:41,616 Train Loss: 0.0026345, Val Loss: 0.0099062
2025-09-10 08:01:41,616 Epoch 250/500
2025-09-10 08:05:11,089 Current Learning Rate: 0.0005000000
2025-09-10 08:05:11,089 Train Loss: 0.0026334, Val Loss: 0.0098889
2025-09-10 08:05:11,089 Epoch 251/500
2025-09-10 08:08:40,528 Current Learning Rate: 0.0004968584
2025-09-10 08:08:40,529 Train Loss: 0.0026316, Val Loss: 0.0098765
2025-09-10 08:08:40,529 Epoch 252/500
2025-09-10 08:12:10,265 Current Learning Rate: 0.0004937170
2025-09-10 08:12:10,266 Train Loss: 0.0026275, Val Loss: 0.0098179
2025-09-10 08:12:10,266 Epoch 253/500
2025-09-10 08:15:39,998 Current Learning Rate: 0.0004905758
2025-09-10 08:15:39,999 Train Loss: 0.0026268, Val Loss: 0.0098322
2025-09-10 08:15:39,999 Epoch 254/500
2025-09-10 08:19:09,555 Current Learning Rate: 0.0004874350
2025-09-10 08:19:09,556 Train Loss: 0.0026218, Val Loss: 0.0099735
2025-09-10 08:19:09,556 Epoch 255/500
2025-09-10 08:22:38,794 Current Learning Rate: 0.0004842946
2025-09-10 08:22:38,794 Train Loss: 0.0026230, Val Loss: 0.0098179
2025-09-10 08:22:38,794 Epoch 256/500
2025-09-10 08:26:08,427 Current Learning Rate: 0.0004811549
2025-09-10 08:26:08,428 Train Loss: 0.0026186, Val Loss: 0.0099726
2025-09-10 08:26:08,428 Epoch 257/500
2025-09-10 08:29:37,651 Current Learning Rate: 0.0004780159
2025-09-10 08:29:37,652 Train Loss: 0.0026176, Val Loss: 0.0098071
2025-09-10 08:29:37,652 Epoch 258/500
2025-09-10 08:33:07,117 Current Learning Rate: 0.0004748778
2025-09-10 08:33:07,117 Train Loss: 0.0026143, Val Loss: 0.0098560
2025-09-10 08:33:07,117 Epoch 259/500
2025-09-10 08:36:37,329 Current Learning Rate: 0.0004717407
2025-09-10 08:36:37,330 Train Loss: 0.0026130, Val Loss: 0.0098267
2025-09-10 08:36:37,330 Epoch 260/500
2025-09-10 08:40:07,235 Current Learning Rate: 0.0004686047
2025-09-10 08:40:07,235 Train Loss: 0.0026075, Val Loss: 0.0099411
2025-09-10 08:40:07,236 Epoch 261/500
2025-09-10 08:43:37,187 Current Learning Rate: 0.0004654700
2025-09-10 08:43:37,187 Train Loss: 0.0026104, Val Loss: 0.0099283
2025-09-10 08:43:37,187 Epoch 262/500
2025-09-10 08:47:07,050 Current Learning Rate: 0.0004623366
2025-09-10 08:47:07,050 Train Loss: 0.0026057, Val Loss: 0.0098143
2025-09-10 08:47:07,051 Epoch 263/500
2025-09-10 08:50:37,013 Current Learning Rate: 0.0004592047
2025-09-10 08:50:37,013 Train Loss: 0.0026030, Val Loss: 0.0098834
2025-09-10 08:50:37,013 Epoch 264/500
2025-09-10 08:54:06,346 Current Learning Rate: 0.0004560744
2025-09-10 08:54:06,346 Train Loss: 0.0026034, Val Loss: 0.0098666
2025-09-10 08:54:06,347 Epoch 265/500
2025-09-10 08:57:36,094 Current Learning Rate: 0.0004529458
2025-09-10 08:57:36,094 Train Loss: 0.0025992, Val Loss: 0.0098896
2025-09-10 08:57:36,094 Epoch 266/500
2025-09-10 09:01:05,430 Current Learning Rate: 0.0004498191
2025-09-10 09:01:05,431 Train Loss: 0.0025959, Val Loss: 0.0099021
2025-09-10 09:01:05,431 Epoch 267/500
2025-09-10 09:04:34,744 Current Learning Rate: 0.0004466944
2025-09-10 09:04:34,744 Train Loss: 0.0025951, Val Loss: 0.0098959
2025-09-10 09:04:34,744 Epoch 268/500
2025-09-10 09:08:04,377 Current Learning Rate: 0.0004435718
2025-09-10 09:08:04,377 Train Loss: 0.0025917, Val Loss: 0.0098297
2025-09-10 09:08:04,378 Epoch 269/500
2025-09-10 09:11:33,831 Current Learning Rate: 0.0004404514
2025-09-10 09:11:33,832 Train Loss: 0.0025920, Val Loss: 0.0098581
2025-09-10 09:11:33,832 Epoch 270/500
2025-09-10 09:15:03,045 Current Learning Rate: 0.0004373334
2025-09-10 09:15:03,045 Train Loss: 0.0025884, Val Loss: 0.0098466
2025-09-10 09:15:03,045 Epoch 271/500
2025-09-10 09:18:32,633 Current Learning Rate: 0.0004342178
2025-09-10 09:18:32,634 Train Loss: 0.0025877, Val Loss: 0.0099252
2025-09-10 09:18:32,634 Epoch 272/500
2025-09-10 09:22:02,153 Current Learning Rate: 0.0004311049
2025-09-10 09:22:02,153 Train Loss: 0.0025833, Val Loss: 0.0098927
2025-09-10 09:22:02,153 Epoch 273/500
2025-09-10 09:25:31,807 Current Learning Rate: 0.0004279946
2025-09-10 09:25:31,807 Train Loss: 0.0025814, Val Loss: 0.0099178
2025-09-10 09:25:31,807 Epoch 274/500
2025-09-10 09:29:01,203 Current Learning Rate: 0.0004248872
2025-09-10 09:29:01,203 Train Loss: 0.0025809, Val Loss: 0.0099352
2025-09-10 09:29:01,203 Epoch 275/500
2025-09-10 09:32:30,585 Current Learning Rate: 0.0004217828
2025-09-10 09:32:30,585 Train Loss: 0.0025777, Val Loss: 0.0098621
2025-09-10 09:32:30,586 Epoch 276/500
2025-09-10 09:36:00,173 Current Learning Rate: 0.0004186814
2025-09-10 09:36:00,173 Train Loss: 0.0025762, Val Loss: 0.0099533
2025-09-10 09:36:00,173 Epoch 277/500
2025-09-10 09:39:29,610 Current Learning Rate: 0.0004155833
2025-09-10 09:39:29,611 Train Loss: 0.0025739, Val Loss: 0.0099539
2025-09-10 09:39:29,611 Epoch 278/500
2025-09-10 09:42:59,595 Current Learning Rate: 0.0004124885
2025-09-10 09:42:59,595 Train Loss: 0.0025732, Val Loss: 0.0099322
2025-09-10 09:42:59,595 Epoch 279/500
2025-09-10 09:46:29,468 Current Learning Rate: 0.0004093971
2025-09-10 09:46:29,469 Train Loss: 0.0025690, Val Loss: 0.0099062
2025-09-10 09:46:29,469 Epoch 280/500
2025-09-10 09:49:59,422 Current Learning Rate: 0.0004063093
2025-09-10 09:49:59,422 Train Loss: 0.0025682, Val Loss: 0.0099559
2025-09-10 09:49:59,423 Epoch 281/500
2025-09-10 09:53:29,246 Current Learning Rate: 0.0004032253
2025-09-10 09:53:29,246 Train Loss: 0.0025677, Val Loss: 0.0099153
2025-09-10 09:53:29,246 Epoch 282/500
2025-09-10 09:56:59,300 Current Learning Rate: 0.0004001450
2025-09-10 09:56:59,300 Train Loss: 0.0025630, Val Loss: 0.0098661
2025-09-10 09:56:59,301 Epoch 283/500
2025-09-10 10:00:29,296 Current Learning Rate: 0.0003970687
2025-09-10 10:00:29,296 Train Loss: 0.0025632, Val Loss: 0.0099908
2025-09-10 10:00:29,297 Epoch 284/500
2025-09-10 10:03:59,655 Current Learning Rate: 0.0003939964
2025-09-10 10:03:59,656 Train Loss: 0.0025613, Val Loss: 0.0098872
2025-09-10 10:03:59,656 Epoch 285/500
2025-09-10 10:07:29,803 Current Learning Rate: 0.0003909284
2025-09-10 10:07:29,803 Train Loss: 0.0025565, Val Loss: 0.0099208
2025-09-10 10:07:29,804 Epoch 286/500
2025-09-10 10:10:59,993 Current Learning Rate: 0.0003878646
2025-09-10 10:10:59,993 Train Loss: 0.0025572, Val Loss: 0.0098540
2025-09-10 10:10:59,993 Epoch 287/500
2025-09-10 10:14:30,063 Current Learning Rate: 0.0003848053
2025-09-10 10:14:30,064 Train Loss: 0.0025550, Val Loss: 0.0098737
2025-09-10 10:14:30,064 Epoch 288/500
2025-09-10 10:17:59,537 Current Learning Rate: 0.0003817505
2025-09-10 10:17:59,538 Train Loss: 0.0025536, Val Loss: 0.0099494
2025-09-10 10:17:59,538 Epoch 289/500
2025-09-10 10:21:29,169 Current Learning Rate: 0.0003787004
2025-09-10 10:21:29,170 Train Loss: 0.0025495, Val Loss: 0.0098784
2025-09-10 10:21:29,170 Epoch 290/500
2025-09-10 10:24:59,026 Current Learning Rate: 0.0003756551
2025-09-10 10:24:59,026 Train Loss: 0.0025504, Val Loss: 0.0099017
2025-09-10 10:24:59,026 Epoch 291/500
2025-09-10 10:28:28,543 Current Learning Rate: 0.0003726146
2025-09-10 10:28:28,544 Train Loss: 0.0025471, Val Loss: 0.0099022
2025-09-10 10:28:28,544 Epoch 292/500
2025-09-10 10:31:58,389 Current Learning Rate: 0.0003695792
2025-09-10 10:31:58,389 Train Loss: 0.0025459, Val Loss: 0.0099189
2025-09-10 10:31:58,389 Epoch 293/500
2025-09-10 10:35:28,368 Current Learning Rate: 0.0003665490
2025-09-10 10:35:28,369 Train Loss: 0.0025438, Val Loss: 0.0098600
2025-09-10 10:35:28,369 Epoch 294/500
2025-09-10 10:38:57,861 Current Learning Rate: 0.0003635240
2025-09-10 10:38:57,861 Train Loss: 0.0025407, Val Loss: 0.0099121
2025-09-10 10:38:57,861 Epoch 295/500
2025-09-10 10:42:27,368 Current Learning Rate: 0.0003605044
2025-09-10 10:42:27,368 Train Loss: 0.0025406, Val Loss: 0.0099217
2025-09-10 10:42:27,368 Epoch 296/500
2025-09-10 10:45:56,731 Current Learning Rate: 0.0003574904
2025-09-10 10:45:56,731 Train Loss: 0.0025375, Val Loss: 0.0099148
2025-09-10 10:45:56,732 Epoch 297/500
2025-09-10 10:49:27,015 Current Learning Rate: 0.0003544819
2025-09-10 10:49:27,016 Train Loss: 0.0025371, Val Loss: 0.0099643
2025-09-10 10:49:27,016 Epoch 298/500
2025-09-10 10:52:57,446 Current Learning Rate: 0.0003514792
2025-09-10 10:52:57,447 Train Loss: 0.0025344, Val Loss: 0.0099697
2025-09-10 10:52:57,447 Epoch 299/500
2025-09-10 10:56:27,489 Current Learning Rate: 0.0003484824
2025-09-10 10:56:27,489 Train Loss: 0.0025330, Val Loss: 0.0099900
2025-09-10 10:56:27,489 Epoch 300/500
2025-09-10 10:59:57,479 Current Learning Rate: 0.0003454915
2025-09-10 10:59:57,479 Train Loss: 0.0025296, Val Loss: 0.0098824
2025-09-10 10:59:57,480 Epoch 301/500
2025-09-10 11:03:27,298 Current Learning Rate: 0.0003425067
2025-09-10 11:03:27,299 Train Loss: 0.0025280, Val Loss: 0.0099385
2025-09-10 11:03:27,299 Epoch 302/500
2025-09-10 11:06:57,385 Current Learning Rate: 0.0003395282
2025-09-10 11:06:57,386 Train Loss: 0.0025279, Val Loss: 0.0098432
2025-09-10 11:06:57,386 Epoch 303/500
2025-09-10 11:10:26,939 Current Learning Rate: 0.0003365560
2025-09-10 11:10:26,939 Train Loss: 0.0025245, Val Loss: 0.0099595
2025-09-10 11:10:26,940 Epoch 304/500
2025-09-10 11:13:56,919 Current Learning Rate: 0.0003335902
2025-09-10 11:13:56,920 Train Loss: 0.0025223, Val Loss: 0.0099077
2025-09-10 11:13:56,920 Epoch 305/500
2025-09-10 11:17:26,767 Current Learning Rate: 0.0003306310
2025-09-10 11:17:26,768 Train Loss: 0.0025230, Val Loss: 0.0098523
2025-09-10 11:17:26,768 Epoch 306/500
2025-09-10 11:20:56,435 Current Learning Rate: 0.0003276785
2025-09-10 11:20:56,435 Train Loss: 0.0025193, Val Loss: 0.0098659
2025-09-10 11:20:56,435 Epoch 307/500
2025-09-10 11:24:26,104 Current Learning Rate: 0.0003247328
2025-09-10 11:24:26,105 Train Loss: 0.0025184, Val Loss: 0.0098528
2025-09-10 11:24:26,105 Epoch 308/500
2025-09-10 11:27:55,681 Current Learning Rate: 0.0003217941
2025-09-10 11:27:55,681 Train Loss: 0.0025173, Val Loss: 0.0098711
2025-09-10 11:27:55,681 Epoch 309/500
2025-09-10 11:31:25,638 Current Learning Rate: 0.0003188623
2025-09-10 11:31:25,638 Train Loss: 0.0025135, Val Loss: 0.0098976
2025-09-10 11:31:25,638 Epoch 310/500
2025-09-10 11:34:55,587 Current Learning Rate: 0.0003159377
2025-09-10 11:34:55,587 Train Loss: 0.0025136, Val Loss: 0.0099336
2025-09-10 11:34:55,587 Epoch 311/500
2025-09-10 11:38:25,508 Current Learning Rate: 0.0003130204
2025-09-10 11:38:25,508 Train Loss: 0.0025113, Val Loss: 0.0098537
2025-09-10 11:38:25,508 Epoch 312/500
2025-09-10 11:41:55,363 Current Learning Rate: 0.0003101105
2025-09-10 11:41:55,363 Train Loss: 0.0025097, Val Loss: 0.0099348
2025-09-10 11:41:55,363 Epoch 313/500
2025-09-10 11:45:25,415 Current Learning Rate: 0.0003072080
2025-09-10 11:45:25,415 Train Loss: 0.0025072, Val Loss: 0.0098886
2025-09-10 11:45:25,415 Epoch 314/500
2025-09-10 11:48:55,550 Current Learning Rate: 0.0003043132
2025-09-10 11:48:55,550 Train Loss: 0.0025061, Val Loss: 0.0099062
2025-09-10 11:48:55,550 Epoch 315/500
2025-09-10 11:52:25,699 Current Learning Rate: 0.0003014261
2025-09-10 11:52:25,700 Train Loss: 0.0025044, Val Loss: 0.0098912
2025-09-10 11:52:25,700 Epoch 316/500
2025-09-10 11:55:56,003 Current Learning Rate: 0.0002985468
2025-09-10 11:55:56,003 Train Loss: 0.0025043, Val Loss: 0.0098774
2025-09-10 11:55:56,004 Epoch 317/500
2025-09-10 11:59:26,329 Current Learning Rate: 0.0002956755
2025-09-10 11:59:26,330 Train Loss: 0.0025020, Val Loss: 0.0099623
2025-09-10 11:59:26,330 Epoch 318/500
2025-09-10 12:02:55,913 Current Learning Rate: 0.0002928122
2025-09-10 12:02:55,913 Train Loss: 0.0024992, Val Loss: 0.0098826
2025-09-10 12:02:55,914 Epoch 319/500
2025-09-10 12:06:24,935 Current Learning Rate: 0.0002899571
2025-09-10 12:06:24,936 Train Loss: 0.0024981, Val Loss: 0.0099391
2025-09-10 12:06:24,936 Epoch 320/500
2025-09-10 12:09:53,967 Current Learning Rate: 0.0002871104
2025-09-10 12:09:53,967 Train Loss: 0.0024970, Val Loss: 0.0099057
2025-09-10 12:09:53,967 Epoch 321/500
2025-09-10 12:13:23,338 Current Learning Rate: 0.0002842720
2025-09-10 12:13:23,339 Train Loss: 0.0024952, Val Loss: 0.0099395
2025-09-10 12:13:23,339 Epoch 322/500
2025-09-10 12:16:53,135 Current Learning Rate: 0.0002814421
2025-09-10 12:16:53,136 Train Loss: 0.0024934, Val Loss: 0.0099544
2025-09-10 12:16:53,136 Epoch 323/500
2025-09-10 12:20:22,733 Current Learning Rate: 0.0002786209
2025-09-10 12:20:22,733 Train Loss: 0.0024911, Val Loss: 0.0099067
2025-09-10 12:20:22,733 Epoch 324/500
2025-09-10 12:23:51,934 Current Learning Rate: 0.0002758084
2025-09-10 12:23:51,934 Train Loss: 0.0024904, Val Loss: 0.0098862
2025-09-10 12:23:51,935 Epoch 325/500
2025-09-10 12:27:21,302 Current Learning Rate: 0.0002730048
2025-09-10 12:27:21,302 Train Loss: 0.0024890, Val Loss: 0.0099732
2025-09-10 12:27:21,302 Epoch 326/500
2025-09-10 12:30:50,562 Current Learning Rate: 0.0002702101
2025-09-10 12:30:50,562 Train Loss: 0.0024876, Val Loss: 0.0098850
2025-09-10 12:30:50,563 Epoch 327/500
2025-09-10 12:34:20,257 Current Learning Rate: 0.0002674245
2025-09-10 12:34:20,258 Train Loss: 0.0024857, Val Loss: 0.0099893
2025-09-10 12:34:20,258 Epoch 328/500
2025-09-10 12:37:50,098 Current Learning Rate: 0.0002646480
2025-09-10 12:37:50,098 Train Loss: 0.0024838, Val Loss: 0.0099481
2025-09-10 12:37:50,098 Epoch 329/500
2025-09-10 12:41:20,182 Current Learning Rate: 0.0002618809
2025-09-10 12:41:20,183 Train Loss: 0.0024823, Val Loss: 0.0099168
2025-09-10 12:41:20,183 Epoch 330/500
2025-09-10 12:44:50,068 Current Learning Rate: 0.0002591232
2025-09-10 12:44:50,069 Train Loss: 0.0024814, Val Loss: 0.0099444
2025-09-10 12:44:50,069 Epoch 331/500
2025-09-10 12:48:19,951 Current Learning Rate: 0.0002563749
2025-09-10 12:48:19,951 Train Loss: 0.0024784, Val Loss: 0.0098989
2025-09-10 12:48:19,952 Epoch 332/500
2025-09-10 12:51:49,810 Current Learning Rate: 0.0002536363
2025-09-10 12:51:49,811 Train Loss: 0.0024790, Val Loss: 0.0099562
2025-09-10 12:51:49,811 Epoch 333/500
2025-09-10 12:55:20,386 Current Learning Rate: 0.0002509074
2025-09-10 12:55:20,386 Train Loss: 0.0024750, Val Loss: 0.0099439
2025-09-10 12:55:20,386 Epoch 334/500
2025-09-10 12:58:50,502 Current Learning Rate: 0.0002481884
2025-09-10 12:58:50,502 Train Loss: 0.0024741, Val Loss: 0.0099670
2025-09-10 12:58:50,502 Epoch 335/500
2025-09-10 13:02:20,269 Current Learning Rate: 0.0002454793
2025-09-10 13:02:20,270 Train Loss: 0.0024742, Val Loss: 0.0099419
2025-09-10 13:02:20,270 Epoch 336/500
2025-09-10 13:05:50,031 Current Learning Rate: 0.0002427802
2025-09-10 13:05:50,031 Train Loss: 0.0024719, Val Loss: 0.0098993
2025-09-10 13:05:50,032 Epoch 337/500
2025-09-10 13:09:19,744 Current Learning Rate: 0.0002400913
2025-09-10 13:09:19,744 Train Loss: 0.0024702, Val Loss: 0.0099081
2025-09-10 13:09:19,745 Epoch 338/500
2025-09-10 13:12:49,374 Current Learning Rate: 0.0002374127
2025-09-10 13:12:49,375 Train Loss: 0.0024697, Val Loss: 0.0099340
2025-09-10 13:12:49,375 Epoch 339/500
2025-09-10 13:16:19,112 Current Learning Rate: 0.0002347444
2025-09-10 13:16:19,113 Train Loss: 0.0024674, Val Loss: 0.0099491
2025-09-10 13:16:19,113 Epoch 340/500
2025-09-10 13:19:48,969 Current Learning Rate: 0.0002320866
2025-09-10 13:19:48,969 Train Loss: 0.0024658, Val Loss: 0.0099322
2025-09-10 13:19:48,969 Epoch 341/500
2025-09-10 13:23:18,933 Current Learning Rate: 0.0002294394
2025-09-10 13:23:18,933 Train Loss: 0.0024642, Val Loss: 0.0099971
2025-09-10 13:23:18,933 Epoch 342/500
2025-09-10 13:26:48,219 Current Learning Rate: 0.0002268028
2025-09-10 13:26:48,220 Train Loss: 0.0024634, Val Loss: 0.0099487
2025-09-10 13:26:48,220 Epoch 343/500
2025-09-10 13:30:17,379 Current Learning Rate: 0.0002241771
2025-09-10 13:30:17,380 Train Loss: 0.0024615, Val Loss: 0.0099425
2025-09-10 13:30:17,380 Epoch 344/500
2025-09-10 13:33:46,738 Current Learning Rate: 0.0002215622
2025-09-10 13:33:46,738 Train Loss: 0.0024599, Val Loss: 0.0099025
2025-09-10 13:33:46,738 Epoch 345/500
2025-09-10 13:37:16,609 Current Learning Rate: 0.0002189583
2025-09-10 13:37:16,609 Train Loss: 0.0024586, Val Loss: 0.0099758
2025-09-10 13:37:16,609 Epoch 346/500
2025-09-10 13:40:46,375 Current Learning Rate: 0.0002163655
2025-09-10 13:40:46,376 Train Loss: 0.0024584, Val Loss: 0.0099133
2025-09-10 13:40:46,376 Epoch 347/500
2025-09-10 13:44:16,187 Current Learning Rate: 0.0002137839
2025-09-10 13:44:16,187 Train Loss: 0.0024561, Val Loss: 0.0099653
2025-09-10 13:44:16,187 Epoch 348/500
2025-09-10 13:47:46,424 Current Learning Rate: 0.0002112136
2025-09-10 13:47:46,424 Train Loss: 0.0024544, Val Loss: 0.0099505
2025-09-10 13:47:46,425 Epoch 349/500
2025-09-10 13:51:16,695 Current Learning Rate: 0.0002086548
2025-09-10 13:51:16,695 Train Loss: 0.0024530, Val Loss: 0.0100207
2025-09-10 13:51:16,695 Epoch 350/500
2025-09-10 13:54:46,553 Current Learning Rate: 0.0002061074
2025-09-10 13:54:46,554 Train Loss: 0.0024530, Val Loss: 0.0099421
2025-09-10 13:54:46,554 Epoch 351/500
2025-09-10 13:58:16,518 Current Learning Rate: 0.0002035716
2025-09-10 13:58:16,518 Train Loss: 0.0024505, Val Loss: 0.0099125
2025-09-10 13:58:16,519 Epoch 352/500
2025-09-10 14:01:46,694 Current Learning Rate: 0.0002010475
2025-09-10 14:01:46,694 Train Loss: 0.0024492, Val Loss: 0.0099563
2025-09-10 14:01:46,694 Epoch 353/500
2025-09-10 14:05:16,613 Current Learning Rate: 0.0001985352
2025-09-10 14:05:16,613 Train Loss: 0.0024485, Val Loss: 0.0099199
2025-09-10 14:05:16,613 Epoch 354/500
2025-09-10 14:08:46,734 Current Learning Rate: 0.0001960349
2025-09-10 14:08:46,734 Train Loss: 0.0024464, Val Loss: 0.0099146
2025-09-10 14:08:46,734 Epoch 355/500
2025-09-10 14:12:16,940 Current Learning Rate: 0.0001935465
2025-09-10 14:12:16,941 Train Loss: 0.0024449, Val Loss: 0.0099816
2025-09-10 14:12:16,941 Epoch 356/500
2025-09-10 14:15:47,004 Current Learning Rate: 0.0001910702
2025-09-10 14:15:47,005 Train Loss: 0.0024446, Val Loss: 0.0099532
2025-09-10 14:15:47,005 Epoch 357/500
2025-09-10 14:19:16,993 Current Learning Rate: 0.0001886061
2025-09-10 14:19:16,993 Train Loss: 0.0024429, Val Loss: 0.0099464
2025-09-10 14:19:16,993 Epoch 358/500
2025-09-10 14:22:47,090 Current Learning Rate: 0.0001861543
2025-09-10 14:22:47,091 Train Loss: 0.0024418, Val Loss: 0.0099176
2025-09-10 14:22:47,091 Epoch 359/500
2025-09-10 14:26:17,266 Current Learning Rate: 0.0001837149
2025-09-10 14:26:17,267 Train Loss: 0.0024399, Val Loss: 0.0099274
2025-09-10 14:26:17,267 Epoch 360/500
2025-09-10 14:29:47,046 Current Learning Rate: 0.0001812880
2025-09-10 14:29:47,047 Train Loss: 0.0024384, Val Loss: 0.0099189
2025-09-10 14:29:47,047 Epoch 361/500
2025-09-10 14:33:16,513 Current Learning Rate: 0.0001788737
2025-09-10 14:33:16,513 Train Loss: 0.0024386, Val Loss: 0.0099010
2025-09-10 14:33:16,514 Epoch 362/500
2025-09-10 14:36:46,400 Current Learning Rate: 0.0001764720
2025-09-10 14:36:46,400 Train Loss: 0.0024360, Val Loss: 0.0099763
2025-09-10 14:36:46,401 Epoch 363/500
2025-09-10 14:40:16,434 Current Learning Rate: 0.0001740831
2025-09-10 14:40:16,434 Train Loss: 0.0024346, Val Loss: 0.0099662
2025-09-10 14:40:16,434 Epoch 364/500
2025-09-10 14:43:46,574 Current Learning Rate: 0.0001717071
2025-09-10 14:43:46,574 Train Loss: 0.0024338, Val Loss: 0.0099169
2025-09-10 14:43:46,575 Epoch 365/500
2025-09-10 14:47:16,603 Current Learning Rate: 0.0001693441
2025-09-10 14:47:16,603 Train Loss: 0.0024328, Val Loss: 0.0099509
2025-09-10 14:47:16,604 Epoch 366/500
2025-09-10 14:50:46,424 Current Learning Rate: 0.0001669941
2025-09-10 14:50:46,424 Train Loss: 0.0024318, Val Loss: 0.0099236
2025-09-10 14:50:46,425 Epoch 367/500
2025-09-10 14:54:16,192 Current Learning Rate: 0.0001646572
2025-09-10 14:54:16,192 Train Loss: 0.0024304, Val Loss: 0.0099837
2025-09-10 14:54:16,193 Epoch 368/500
2025-09-10 14:57:45,987 Current Learning Rate: 0.0001623336
2025-09-10 14:57:45,988 Train Loss: 0.0024287, Val Loss: 0.0099554
2025-09-10 14:57:45,988 Epoch 369/500
2025-09-10 15:01:15,686 Current Learning Rate: 0.0001600233
2025-09-10 15:01:15,686 Train Loss: 0.0024277, Val Loss: 0.0100184
2025-09-10 15:01:15,686 Epoch 370/500
2025-09-10 15:04:45,324 Current Learning Rate: 0.0001577264
2025-09-10 15:04:45,324 Train Loss: 0.0024272, Val Loss: 0.0099377
2025-09-10 15:04:45,324 Epoch 371/500
2025-09-10 15:08:15,235 Current Learning Rate: 0.0001554431
2025-09-10 15:08:15,236 Train Loss: 0.0024261, Val Loss: 0.0099546
2025-09-10 15:08:15,236 Epoch 372/500
2025-09-10 15:11:45,027 Current Learning Rate: 0.0001531733
2025-09-10 15:11:45,027 Train Loss: 0.0024232, Val Loss: 0.0099863
2025-09-10 15:11:45,027 Epoch 373/500
2025-09-10 15:15:14,730 Current Learning Rate: 0.0001509173
2025-09-10 15:15:14,731 Train Loss: 0.0024234, Val Loss: 0.0099813
2025-09-10 15:15:14,731 Epoch 374/500
2025-09-10 15:18:44,083 Current Learning Rate: 0.0001486750
2025-09-10 15:18:44,083 Train Loss: 0.0024213, Val Loss: 0.0099208
2025-09-10 15:18:44,083 Epoch 375/500
2025-09-10 15:22:13,488 Current Learning Rate: 0.0001464466
2025-09-10 15:22:13,488 Train Loss: 0.0024208, Val Loss: 0.0100035
2025-09-10 15:22:13,488 Epoch 376/500
2025-09-10 15:25:42,972 Current Learning Rate: 0.0001442322
2025-09-10 15:25:42,973 Train Loss: 0.0024192, Val Loss: 0.0099800
2025-09-10 15:25:42,973 Epoch 377/500
2025-09-10 15:29:12,818 Current Learning Rate: 0.0001420318
2025-09-10 15:29:12,818 Train Loss: 0.0024180, Val Loss: 0.0099588
2025-09-10 15:29:12,819 Epoch 378/500
2025-09-10 15:32:42,385 Current Learning Rate: 0.0001398455
2025-09-10 15:32:42,386 Train Loss: 0.0024168, Val Loss: 0.0100063
2025-09-10 15:32:42,386 Epoch 379/500
2025-09-10 15:36:12,185 Current Learning Rate: 0.0001376734
2025-09-10 15:36:12,185 Train Loss: 0.0024164, Val Loss: 0.0099494
2025-09-10 15:36:12,186 Epoch 380/500
2025-09-10 15:39:42,251 Current Learning Rate: 0.0001355157
2025-09-10 15:39:42,251 Train Loss: 0.0024152, Val Loss: 0.0099938
2025-09-10 15:39:42,251 Epoch 381/500
2025-09-10 15:43:11,908 Current Learning Rate: 0.0001333723
2025-09-10 15:43:11,909 Train Loss: 0.0024138, Val Loss: 0.0099483
2025-09-10 15:43:11,909 Epoch 382/500
2025-09-10 15:46:41,556 Current Learning Rate: 0.0001312434
2025-09-10 15:46:41,558 Train Loss: 0.0024126, Val Loss: 0.0099600
2025-09-10 15:46:41,559 Epoch 383/500
2025-09-10 15:50:11,548 Current Learning Rate: 0.0001291291
2025-09-10 15:50:11,548 Train Loss: 0.0024113, Val Loss: 0.0099889
2025-09-10 15:50:11,549 Epoch 384/500
2025-09-10 15:53:41,604 Current Learning Rate: 0.0001270294
2025-09-10 15:53:41,605 Train Loss: 0.0024102, Val Loss: 0.0099716
2025-09-10 15:53:41,605 Epoch 385/500
2025-09-10 15:57:11,616 Current Learning Rate: 0.0001249445
2025-09-10 15:57:11,616 Train Loss: 0.0024093, Val Loss: 0.0099624
2025-09-10 15:57:11,617 Epoch 386/500
2025-09-10 16:00:41,485 Current Learning Rate: 0.0001228743
2025-09-10 16:00:41,486 Train Loss: 0.0024083, Val Loss: 0.0100031
2025-09-10 16:00:41,486 Epoch 387/500
2025-09-10 16:04:11,240 Current Learning Rate: 0.0001208190
2025-09-10 16:04:11,240 Train Loss: 0.0024070, Val Loss: 0.0100388
2025-09-10 16:04:11,241 Epoch 388/500
2025-09-10 16:07:41,065 Current Learning Rate: 0.0001187787
2025-09-10 16:07:41,065 Train Loss: 0.0024065, Val Loss: 0.0100048
2025-09-10 16:07:41,065 Epoch 389/500
2025-09-10 16:11:11,057 Current Learning Rate: 0.0001167535
2025-09-10 16:11:11,057 Train Loss: 0.0024051, Val Loss: 0.0099608
2025-09-10 16:11:11,057 Epoch 390/500
2025-09-10 16:14:40,688 Current Learning Rate: 0.0001147434
2025-09-10 16:14:40,688 Train Loss: 0.0024042, Val Loss: 0.0099393
2025-09-10 16:14:40,689 Epoch 391/500
2025-09-10 16:18:09,850 Current Learning Rate: 0.0001127485
2025-09-10 16:18:09,850 Train Loss: 0.0024030, Val Loss: 0.0099958
2025-09-10 16:18:09,851 Epoch 392/500
2025-09-10 16:21:39,741 Current Learning Rate: 0.0001107688
2025-09-10 16:21:39,741 Train Loss: 0.0024019, Val Loss: 0.0099580
2025-09-10 16:21:39,741 Epoch 393/500
2025-09-10 16:25:09,954 Current Learning Rate: 0.0001088046
2025-09-10 16:25:09,954 Train Loss: 0.0024007, Val Loss: 0.0099368
2025-09-10 16:25:09,955 Epoch 394/500
2025-09-10 16:28:39,869 Current Learning Rate: 0.0001068558
2025-09-10 16:28:39,870 Train Loss: 0.0024000, Val Loss: 0.0099617
2025-09-10 16:28:39,870 Epoch 395/500
2025-09-10 16:32:09,482 Current Learning Rate: 0.0001049225
2025-09-10 16:32:09,482 Train Loss: 0.0023989, Val Loss: 0.0099420
2025-09-10 16:32:09,482 Epoch 396/500
2025-09-10 16:35:39,023 Current Learning Rate: 0.0001030048
2025-09-10 16:35:39,024 Train Loss: 0.0023978, Val Loss: 0.0099463
2025-09-10 16:35:39,024 Epoch 397/500
2025-09-10 16:39:07,976 Current Learning Rate: 0.0001011028
2025-09-10 16:39:07,977 Train Loss: 0.0023965, Val Loss: 0.0099858
2025-09-10 16:39:07,977 Epoch 398/500
2025-09-10 16:42:37,147 Current Learning Rate: 0.0000992165
2025-09-10 16:42:37,147 Train Loss: 0.0023957, Val Loss: 0.0099838
2025-09-10 16:42:37,147 Epoch 399/500
2025-09-10 16:46:06,165 Current Learning Rate: 0.0000973461
2025-09-10 16:46:06,165 Train Loss: 0.0023949, Val Loss: 0.0099769
2025-09-10 16:46:06,165 Epoch 400/500
2025-09-10 16:49:36,322 Current Learning Rate: 0.0000954915
2025-09-10 16:49:36,322 Train Loss: 0.0023937, Val Loss: 0.0099721
2025-09-10 16:49:36,323 Epoch 401/500
2025-09-10 16:53:06,815 Current Learning Rate: 0.0000936529
2025-09-10 16:53:06,815 Train Loss: 0.0023931, Val Loss: 0.0099540
2025-09-10 16:53:06,816 Epoch 402/500
2025-09-10 16:56:37,152 Current Learning Rate: 0.0000918304
2025-09-10 16:56:37,153 Train Loss: 0.0023919, Val Loss: 0.0099666
2025-09-10 16:56:37,153 Epoch 403/500
2025-09-10 17:00:07,075 Current Learning Rate: 0.0000900239
2025-09-10 17:00:07,075 Train Loss: 0.0023913, Val Loss: 0.0099640
2025-09-10 17:00:07,075 Epoch 404/500
2025-09-10 17:03:37,523 Current Learning Rate: 0.0000882337
2025-09-10 17:03:37,523 Train Loss: 0.0023902, Val Loss: 0.0099232
2025-09-10 17:03:37,523 Epoch 405/500
2025-09-10 17:07:07,535 Current Learning Rate: 0.0000864597
2025-09-10 17:07:07,535 Train Loss: 0.0023896, Val Loss: 0.0099465
2025-09-10 17:07:07,535 Epoch 406/500
2025-09-10 17:10:37,296 Current Learning Rate: 0.0000847021
2025-09-10 17:10:37,296 Train Loss: 0.0023885, Val Loss: 0.0099552
2025-09-10 17:10:37,296 Epoch 407/500
2025-09-10 17:14:06,573 Current Learning Rate: 0.0000829608
2025-09-10 17:14:06,574 Train Loss: 0.0023871, Val Loss: 0.0099785
2025-09-10 17:14:06,574 Epoch 408/500
