2025-08-13 20:27:21,979 Epoch 1/500
2025-08-13 20:30:01,053 Current Learning Rate: 0.0009999901
2025-08-13 20:30:01,205 Train Loss: 0.0204749, Val Loss: 0.0109544
2025-08-13 20:30:01,205 Epoch 2/500
2025-08-13 20:32:36,757 Current Learning Rate: 0.0009999605
2025-08-13 20:32:36,880 Train Loss: 0.0061445, Val Loss: 0.0032250
2025-08-13 20:32:36,881 Epoch 3/500
2025-08-13 20:35:12,452 Current Learning Rate: 0.0009999112
2025-08-13 20:35:12,605 Train Loss: 0.0024859, Val Loss: 0.0018986
2025-08-13 20:35:12,605 Epoch 4/500
2025-08-13 20:37:48,058 Current Learning Rate: 0.0009998421
2025-08-13 20:37:48,157 Train Loss: 0.0015328, Val Loss: 0.0012577
2025-08-13 20:37:48,157 Epoch 5/500
2025-08-13 20:40:23,862 Current Learning Rate: 0.0009997533
2025-08-13 20:40:23,973 Train Loss: 0.0011118, Val Loss: 0.0010862
2025-08-13 20:40:23,973 Epoch 6/500
2025-08-13 20:42:59,430 Current Learning Rate: 0.0009996447
2025-08-13 20:42:59,547 Train Loss: 0.0009014, Val Loss: 0.0008469
2025-08-13 20:42:59,547 Epoch 7/500
2025-08-13 20:45:35,242 Current Learning Rate: 0.0009995165
2025-08-13 20:45:35,324 Train Loss: 0.0007542, Val Loss: 0.0006488
2025-08-13 20:45:35,325 Epoch 8/500
2025-08-13 20:48:10,858 Current Learning Rate: 0.0009993685
2025-08-13 20:48:11,022 Train Loss: 0.0006772, Val Loss: 0.0005622
2025-08-13 20:48:11,022 Epoch 9/500
2025-08-13 20:50:46,417 Current Learning Rate: 0.0009992008
2025-08-13 20:50:46,602 Train Loss: 0.0005984, Val Loss: 0.0005149
2025-08-13 20:50:46,602 Epoch 10/500
2025-08-13 20:53:22,149 Current Learning Rate: 0.0009990134
2025-08-13 20:53:22,149 Train Loss: 0.0005423, Val Loss: 0.0005661
2025-08-13 20:53:22,149 Epoch 11/500
2025-08-13 20:55:57,896 Current Learning Rate: 0.0009988063
2025-08-13 20:55:58,069 Train Loss: 0.0004995, Val Loss: 0.0004360
2025-08-13 20:55:58,069 Epoch 12/500
2025-08-13 20:58:33,673 Current Learning Rate: 0.0009985795
2025-08-13 20:58:33,674 Train Loss: 0.0004515, Val Loss: 0.0004529
2025-08-13 20:58:33,674 Epoch 13/500
2025-08-13 21:01:09,179 Current Learning Rate: 0.0009983330
2025-08-13 21:01:09,180 Train Loss: 0.0004278, Val Loss: 0.0004540
2025-08-13 21:01:09,180 Epoch 14/500
2025-08-13 21:03:44,762 Current Learning Rate: 0.0009980668
2025-08-13 21:03:44,836 Train Loss: 0.0003985, Val Loss: 0.0003428
2025-08-13 21:03:44,836 Epoch 15/500
2025-08-13 21:06:20,353 Current Learning Rate: 0.0009977810
2025-08-13 21:06:20,473 Train Loss: 0.0003760, Val Loss: 0.0003361
2025-08-13 21:06:20,474 Epoch 16/500
2025-08-13 21:08:56,013 Current Learning Rate: 0.0009974755
2025-08-13 21:08:56,110 Train Loss: 0.0003492, Val Loss: 0.0003222
2025-08-13 21:08:56,110 Epoch 17/500
2025-08-13 21:11:31,380 Current Learning Rate: 0.0009971504
2025-08-13 21:11:31,380 Train Loss: 0.0003304, Val Loss: 0.0003680
2025-08-13 21:11:31,381 Epoch 18/500
2025-08-13 21:14:06,918 Current Learning Rate: 0.0009968057
2025-08-13 21:14:07,025 Train Loss: 0.0003165, Val Loss: 0.0003217
2025-08-13 21:14:07,025 Epoch 19/500
2025-08-13 21:16:42,472 Current Learning Rate: 0.0009964413
2025-08-13 21:16:42,618 Train Loss: 0.0002947, Val Loss: 0.0002915
2025-08-13 21:16:42,618 Epoch 20/500
2025-08-13 21:19:18,020 Current Learning Rate: 0.0009960574
2025-08-13 21:19:18,120 Train Loss: 0.0002813, Val Loss: 0.0002813
2025-08-13 21:19:18,122 Epoch 21/500
2025-08-13 21:19:40,730 Loading best model from checkpoint.
2025-08-13 21:19:40,804 Loading best model from checkpoint.
2025-08-13 21:19:40,876 Loading best model from checkpoint.
2025-08-13 21:19:40,890 Loading best model from checkpoint.
2025-08-13 21:19:40,891 Loading best model from checkpoint.
2025-08-13 21:19:40,903 Loading best model from checkpoint.
2025-08-13 21:19:40,917 Loading best model from checkpoint.
2025-08-13 21:19:40,932 Loading best model from checkpoint.
2025-08-13 21:21:53,588 Current Learning Rate: 0.0009956538
2025-08-13 21:21:53,700 Train Loss: 0.0002684, Val Loss: 0.0002414
2025-08-13 21:21:53,701 Epoch 22/500
2025-08-13 21:24:29,016 Current Learning Rate: 0.0009952307
2025-08-13 21:24:29,207 Train Loss: 0.0002566, Val Loss: 0.0002145
2025-08-13 21:24:29,208 Epoch 23/500
2025-08-13 21:27:04,773 Current Learning Rate: 0.0009947881
2025-08-13 21:27:04,774 Train Loss: 0.0002466, Val Loss: 0.0002467
2025-08-13 21:27:04,774 Epoch 24/500
2025-08-13 21:29:40,977 Current Learning Rate: 0.0009943259
2025-08-13 21:29:40,977 Train Loss: 0.0002403, Val Loss: 0.0002276
2025-08-13 21:29:40,977 Epoch 25/500
2025-08-13 21:32:17,238 Current Learning Rate: 0.0009938442
2025-08-13 21:32:17,328 Train Loss: 0.0002257, Val Loss: 0.0001950
2025-08-13 21:32:17,329 Epoch 26/500
2025-08-13 21:34:53,286 Current Learning Rate: 0.0009933430
2025-08-13 21:34:53,394 Train Loss: 0.0002199, Val Loss: 0.0001805
2025-08-13 21:34:53,395 Epoch 27/500
2025-08-13 21:37:29,295 Current Learning Rate: 0.0009928223
2025-08-13 21:37:29,426 Train Loss: 0.0002073, Val Loss: 0.0001739
2025-08-13 21:37:29,427 Epoch 28/500
2025-08-13 21:40:05,287 Current Learning Rate: 0.0009922822
2025-08-13 21:40:05,288 Train Loss: 0.0002048, Val Loss: 0.0002349
2025-08-13 21:40:05,288 Epoch 29/500
2025-08-13 21:42:41,260 Current Learning Rate: 0.0009917226
2025-08-13 21:42:41,260 Train Loss: 0.0001967, Val Loss: 0.0001880
2025-08-13 21:42:41,261 Epoch 30/500
2025-08-13 21:45:17,223 Current Learning Rate: 0.0009911436
2025-08-13 21:45:17,345 Train Loss: 0.0001909, Val Loss: 0.0001655
2025-08-13 21:45:17,345 Epoch 31/500
2025-08-13 21:47:53,006 Current Learning Rate: 0.0009905453
2025-08-13 21:47:53,007 Train Loss: 0.0001861, Val Loss: 0.0001845
2025-08-13 21:47:53,007 Epoch 32/500
2025-08-13 21:50:28,680 Current Learning Rate: 0.0009899275
2025-08-13 21:50:28,681 Train Loss: 0.0001794, Val Loss: 0.0001662
2025-08-13 21:50:28,681 Epoch 33/500
2025-08-13 21:53:04,751 Current Learning Rate: 0.0009892905
2025-08-13 21:53:04,752 Train Loss: 0.0001731, Val Loss: 0.0001979
2025-08-13 21:53:04,752 Epoch 34/500
2025-08-13 21:55:40,965 Current Learning Rate: 0.0009886341
2025-08-13 21:55:40,965 Train Loss: 0.0001728, Val Loss: 0.0001955
2025-08-13 21:55:40,965 Epoch 35/500
2025-08-13 21:58:17,084 Current Learning Rate: 0.0009879584
2025-08-13 21:58:17,181 Train Loss: 0.0001630, Val Loss: 0.0001597
2025-08-13 21:58:17,181 Epoch 36/500
2025-08-13 22:00:53,297 Current Learning Rate: 0.0009872634
2025-08-13 22:00:53,403 Train Loss: 0.0001602, Val Loss: 0.0001444
2025-08-13 22:00:53,403 Epoch 37/500
2025-08-13 22:03:29,493 Current Learning Rate: 0.0009865493
2025-08-13 22:03:29,493 Train Loss: 0.0001568, Val Loss: 0.0001453
2025-08-13 22:03:29,494 Epoch 38/500
2025-08-13 22:06:05,167 Current Learning Rate: 0.0009858159
2025-08-13 22:06:05,259 Train Loss: 0.0001536, Val Loss: 0.0001394
2025-08-13 22:06:05,259 Epoch 39/500
2025-08-13 22:08:40,832 Current Learning Rate: 0.0009850633
2025-08-13 22:08:40,832 Train Loss: 0.0001487, Val Loss: 0.0001497
2025-08-13 22:08:40,832 Epoch 40/500
2025-08-13 22:11:16,415 Current Learning Rate: 0.0009842916
2025-08-13 22:11:16,415 Train Loss: 0.0001470, Val Loss: 0.0001573
2025-08-13 22:11:16,415 Epoch 41/500
2025-08-13 22:13:51,927 Current Learning Rate: 0.0009835007
2025-08-13 22:13:52,087 Train Loss: 0.0001459, Val Loss: 0.0001278
2025-08-13 22:13:52,087 Epoch 42/500
2025-08-13 22:16:27,624 Current Learning Rate: 0.0009826908
2025-08-13 22:16:27,731 Train Loss: 0.0001387, Val Loss: 0.0001255
2025-08-13 22:16:27,731 Epoch 43/500
2025-08-13 22:19:03,367 Current Learning Rate: 0.0009818618
2025-08-13 22:19:03,367 Train Loss: 0.0001402, Val Loss: 0.0001373
2025-08-13 22:19:03,368 Epoch 44/500
2025-08-13 22:21:39,172 Current Learning Rate: 0.0009810138
2025-08-13 22:21:39,173 Train Loss: 0.0001329, Val Loss: 0.0001422
2025-08-13 22:21:39,173 Epoch 45/500
2025-08-13 22:24:15,052 Current Learning Rate: 0.0009801468
2025-08-13 22:24:15,146 Train Loss: 0.0001337, Val Loss: 0.0001210
2025-08-13 22:24:15,147 Epoch 46/500
2025-08-13 22:26:51,350 Current Learning Rate: 0.0009792609
2025-08-13 22:26:51,485 Train Loss: 0.0001292, Val Loss: 0.0001178
2025-08-13 22:26:51,485 Epoch 47/500
2025-08-13 22:29:27,422 Current Learning Rate: 0.0009783560
2025-08-13 22:29:27,422 Train Loss: 0.0001282, Val Loss: 0.0001292
2025-08-13 22:29:27,422 Epoch 48/500
2025-08-13 22:32:03,041 Current Learning Rate: 0.0009774323
2025-08-13 22:32:03,041 Train Loss: 0.0001245, Val Loss: 0.0001189
2025-08-13 22:32:03,042 Epoch 49/500
2025-08-13 22:34:38,693 Current Learning Rate: 0.0009764897
2025-08-13 22:34:38,693 Train Loss: 0.0001218, Val Loss: 0.0001186
2025-08-13 22:34:38,693 Epoch 50/500
2025-08-13 22:37:14,388 Current Learning Rate: 0.0009755283
2025-08-13 22:37:14,511 Train Loss: 0.0001211, Val Loss: 0.0001100
2025-08-13 22:37:14,511 Epoch 51/500
2025-08-13 22:39:50,064 Current Learning Rate: 0.0009745481
2025-08-13 22:39:50,153 Train Loss: 0.0001185, Val Loss: 0.0001073
2025-08-13 22:39:50,153 Epoch 52/500
2025-08-13 22:42:25,698 Current Learning Rate: 0.0009735492
2025-08-13 22:42:25,831 Train Loss: 0.0001176, Val Loss: 0.0001036
2025-08-13 22:42:25,831 Epoch 53/500
2025-08-13 22:45:01,553 Current Learning Rate: 0.0009725315
2025-08-13 22:45:01,553 Train Loss: 0.0001140, Val Loss: 0.0001131
2025-08-13 22:45:01,553 Epoch 54/500
2025-08-13 22:47:37,277 Current Learning Rate: 0.0009714953
2025-08-13 22:47:37,278 Train Loss: 0.0001117, Val Loss: 0.0001277
2025-08-13 22:47:37,278 Epoch 55/500
2025-08-13 22:50:13,074 Current Learning Rate: 0.0009704404
2025-08-13 22:50:13,075 Train Loss: 0.0001110, Val Loss: 0.0001131
2025-08-13 22:50:13,075 Epoch 56/500
2025-08-13 22:52:48,767 Current Learning Rate: 0.0009693669
2025-08-13 22:52:48,767 Train Loss: 0.0001105, Val Loss: 0.0001056
2025-08-13 22:52:48,767 Epoch 57/500
2025-08-13 22:55:24,834 Current Learning Rate: 0.0009682749
2025-08-13 22:55:24,962 Train Loss: 0.0001141, Val Loss: 0.0001017
2025-08-13 22:55:24,963 Epoch 58/500
2025-08-13 22:58:01,135 Current Learning Rate: 0.0009671645
2025-08-13 22:58:01,136 Train Loss: 0.0001062, Val Loss: 0.0001154
2025-08-13 22:58:01,136 Epoch 59/500
2025-08-13 23:00:37,104 Current Learning Rate: 0.0009660356
2025-08-13 23:00:37,235 Train Loss: 0.0001040, Val Loss: 0.0000935
2025-08-13 23:00:37,235 Epoch 60/500
2025-08-13 23:03:13,036 Current Learning Rate: 0.0009648882
2025-08-13 23:03:13,037 Train Loss: 0.0001028, Val Loss: 0.0000992
2025-08-13 23:03:13,037 Epoch 61/500
2025-08-13 23:05:48,730 Current Learning Rate: 0.0009637226
2025-08-13 23:05:48,731 Train Loss: 0.0001050, Val Loss: 0.0000935
2025-08-13 23:05:48,731 Epoch 62/500
2025-08-13 23:08:24,275 Current Learning Rate: 0.0009625386
2025-08-13 23:08:24,275 Train Loss: 0.0000996, Val Loss: 0.0001026
2025-08-13 23:08:24,276 Epoch 63/500
2025-08-13 23:10:59,871 Current Learning Rate: 0.0009613364
2025-08-13 23:10:59,871 Train Loss: 0.0001013, Val Loss: 0.0000975
2025-08-13 23:10:59,872 Epoch 64/500
2025-08-13 23:13:35,585 Current Learning Rate: 0.0009601159
2025-08-13 23:13:35,702 Train Loss: 0.0000987, Val Loss: 0.0000893
2025-08-13 23:13:35,703 Epoch 65/500
2025-08-13 23:16:11,057 Current Learning Rate: 0.0009588773
2025-08-13 23:16:11,057 Train Loss: 0.0000983, Val Loss: 0.0001000
2025-08-13 23:16:11,057 Epoch 66/500
2025-08-13 23:18:46,821 Current Learning Rate: 0.0009576206
2025-08-13 23:18:46,961 Train Loss: 0.0000960, Val Loss: 0.0000885
2025-08-13 23:18:46,962 Epoch 67/500
2025-08-13 23:21:22,605 Current Learning Rate: 0.0009563458
2025-08-13 23:21:22,701 Train Loss: 0.0000953, Val Loss: 0.0000860
2025-08-13 23:21:22,702 Epoch 68/500
2025-08-13 23:23:58,367 Current Learning Rate: 0.0009550530
2025-08-13 23:23:58,368 Train Loss: 0.0000929, Val Loss: 0.0000946
2025-08-13 23:23:58,368 Epoch 69/500
2025-08-13 23:26:34,205 Current Learning Rate: 0.0009537422
2025-08-13 23:26:34,206 Train Loss: 0.0000949, Val Loss: 0.0000969
2025-08-13 23:26:34,206 Epoch 70/500
2025-08-13 23:29:09,994 Current Learning Rate: 0.0009524135
2025-08-13 23:29:09,995 Train Loss: 0.0000940, Val Loss: 0.0000903
2025-08-13 23:29:09,995 Epoch 71/500
2025-08-13 23:31:45,516 Current Learning Rate: 0.0009510670
2025-08-13 23:31:45,516 Train Loss: 0.0000915, Val Loss: 0.0000891
2025-08-13 23:31:45,516 Epoch 72/500
2025-08-13 23:34:21,013 Current Learning Rate: 0.0009497026
2025-08-13 23:34:21,202 Train Loss: 0.0000895, Val Loss: 0.0000822
2025-08-13 23:34:21,202 Epoch 73/500
2025-08-13 23:36:56,716 Current Learning Rate: 0.0009483205
2025-08-13 23:36:56,813 Train Loss: 0.0000897, Val Loss: 0.0000805
2025-08-13 23:36:56,813 Epoch 74/500
2025-08-13 23:39:32,313 Current Learning Rate: 0.0009469207
2025-08-13 23:39:32,313 Train Loss: 0.0000881, Val Loss: 0.0001051
2025-08-13 23:39:32,313 Epoch 75/500
2025-08-13 23:42:07,932 Current Learning Rate: 0.0009455033
2025-08-13 23:42:07,933 Train Loss: 0.0000870, Val Loss: 0.0000859
2025-08-13 23:42:07,933 Epoch 76/500
2025-08-13 23:44:43,550 Current Learning Rate: 0.0009440682
2025-08-13 23:44:43,551 Train Loss: 0.0000863, Val Loss: 0.0000808
2025-08-13 23:44:43,551 Epoch 77/500
2025-08-13 23:47:19,064 Current Learning Rate: 0.0009426157
2025-08-13 23:47:19,064 Train Loss: 0.0000864, Val Loss: 0.0000875
2025-08-13 23:47:19,064 Epoch 78/500
2025-08-13 23:49:54,530 Current Learning Rate: 0.0009411456
2025-08-13 23:49:54,530 Train Loss: 0.0000844, Val Loss: 0.0000838
2025-08-13 23:49:54,531 Epoch 79/500
2025-08-13 23:52:29,985 Current Learning Rate: 0.0009396582
2025-08-13 23:52:30,067 Train Loss: 0.0000853, Val Loss: 0.0000769
2025-08-13 23:52:30,068 Epoch 80/500
2025-08-13 23:55:05,649 Current Learning Rate: 0.0009381533
2025-08-13 23:55:05,650 Train Loss: 0.0000819, Val Loss: 0.0000864
2025-08-13 23:55:05,650 Epoch 81/500
2025-08-13 23:57:41,311 Current Learning Rate: 0.0009366312
2025-08-13 23:57:41,312 Train Loss: 0.0000810, Val Loss: 0.0000861
2025-08-13 23:57:41,312 Epoch 82/500
2025-08-14 00:00:16,904 Current Learning Rate: 0.0009350919
2025-08-14 00:00:16,904 Train Loss: 0.0000822, Val Loss: 0.0000778
2025-08-14 00:00:16,905 Epoch 83/500
2025-08-14 00:02:52,398 Current Learning Rate: 0.0009335354
2025-08-14 00:02:52,495 Train Loss: 0.0000793, Val Loss: 0.0000749
2025-08-14 00:02:52,495 Epoch 84/500
2025-08-14 00:05:28,158 Current Learning Rate: 0.0009319617
2025-08-14 00:05:28,254 Train Loss: 0.0000802, Val Loss: 0.0000742
2025-08-14 00:05:28,254 Epoch 85/500
2025-08-14 00:08:04,045 Current Learning Rate: 0.0009303710
2025-08-14 00:08:04,045 Train Loss: 0.0000799, Val Loss: 0.0000784
2025-08-14 00:08:04,046 Epoch 86/500
2025-08-14 00:10:39,817 Current Learning Rate: 0.0009287633
2025-08-14 00:10:39,818 Train Loss: 0.0000766, Val Loss: 0.0000765
2025-08-14 00:10:39,818 Epoch 87/500
2025-08-14 00:13:15,830 Current Learning Rate: 0.0009271387
2025-08-14 00:13:15,830 Train Loss: 0.0000779, Val Loss: 0.0000755
2025-08-14 00:13:15,830 Epoch 88/500
2025-08-14 00:15:52,074 Current Learning Rate: 0.0009254972
2025-08-14 00:15:52,198 Train Loss: 0.0000779, Val Loss: 0.0000721
2025-08-14 00:15:52,198 Epoch 89/500
2025-08-14 00:18:28,347 Current Learning Rate: 0.0009238390
2025-08-14 00:18:28,348 Train Loss: 0.0000768, Val Loss: 0.0000807
2025-08-14 00:18:28,348 Epoch 90/500
2025-08-14 00:21:03,930 Current Learning Rate: 0.0009221640
2025-08-14 00:21:04,059 Train Loss: 0.0000758, Val Loss: 0.0000705
2025-08-14 00:21:04,060 Epoch 91/500
2025-08-14 00:23:39,610 Current Learning Rate: 0.0009204723
2025-08-14 00:23:39,611 Train Loss: 0.0000760, Val Loss: 0.0000799
2025-08-14 00:23:39,611 Epoch 92/500
2025-08-14 00:26:14,983 Current Learning Rate: 0.0009187640
2025-08-14 00:26:14,984 Train Loss: 0.0000736, Val Loss: 0.0000806
2025-08-14 00:26:14,984 Epoch 93/500
2025-08-14 00:28:50,595 Current Learning Rate: 0.0009170392
2025-08-14 00:28:50,687 Train Loss: 0.0000742, Val Loss: 0.0000667
2025-08-14 00:28:50,687 Epoch 94/500
2025-08-14 00:31:26,282 Current Learning Rate: 0.0009152979
2025-08-14 00:31:26,282 Train Loss: 0.0000726, Val Loss: 0.0000720
2025-08-14 00:31:26,282 Epoch 95/500
2025-08-14 00:34:01,913 Current Learning Rate: 0.0009135403
2025-08-14 00:34:01,914 Train Loss: 0.0000723, Val Loss: 0.0000717
2025-08-14 00:34:01,914 Epoch 96/500
2025-08-14 00:36:37,517 Current Learning Rate: 0.0009117663
2025-08-14 00:36:37,656 Train Loss: 0.0000730, Val Loss: 0.0000657
2025-08-14 00:36:37,656 Epoch 97/500
2025-08-14 00:39:13,248 Current Learning Rate: 0.0009099761
2025-08-14 00:39:13,249 Train Loss: 0.0000711, Val Loss: 0.0000704
2025-08-14 00:39:13,249 Epoch 98/500
2025-08-14 00:41:49,075 Current Learning Rate: 0.0009081696
2025-08-14 00:41:49,075 Train Loss: 0.0000852, Val Loss: 0.0000677
2025-08-14 00:41:49,076 Epoch 99/500
2025-08-14 00:44:24,660 Current Learning Rate: 0.0009063471
2025-08-14 00:44:24,661 Train Loss: 0.0000671, Val Loss: 0.0000812
2025-08-14 00:44:24,661 Epoch 100/500
2025-08-14 00:47:00,506 Current Learning Rate: 0.0009045085
2025-08-14 00:47:00,507 Train Loss: 0.0000704, Val Loss: 0.0000666
2025-08-14 00:47:00,507 Epoch 101/500
2025-08-14 00:49:36,357 Current Learning Rate: 0.0009026539
2025-08-14 00:49:36,358 Train Loss: 0.0000683, Val Loss: 0.0000681
2025-08-14 00:49:36,358 Epoch 102/500
2025-08-14 00:52:12,148 Current Learning Rate: 0.0009007835
2025-08-14 00:52:12,254 Train Loss: 0.0000683, Val Loss: 0.0000616
2025-08-14 00:52:12,255 Epoch 103/500
2025-08-14 00:54:48,120 Current Learning Rate: 0.0008988972
2025-08-14 00:54:48,121 Train Loss: 0.0000688, Val Loss: 0.0000683
2025-08-14 00:54:48,121 Epoch 104/500
2025-08-14 00:57:23,995 Current Learning Rate: 0.0008969952
2025-08-14 00:57:23,995 Train Loss: 0.0000677, Val Loss: 0.0000676
2025-08-14 00:57:23,996 Epoch 105/500
2025-08-14 00:59:59,986 Current Learning Rate: 0.0008950775
2025-08-14 00:59:59,987 Train Loss: 0.0000667, Val Loss: 0.0000651
2025-08-14 00:59:59,987 Epoch 106/500
2025-08-14 01:02:35,851 Current Learning Rate: 0.0008931442
2025-08-14 01:02:35,851 Train Loss: 0.0000689, Val Loss: 0.0000722
2025-08-14 01:02:35,851 Epoch 107/500
2025-08-14 01:05:11,718 Current Learning Rate: 0.0008911954
2025-08-14 01:05:11,718 Train Loss: 0.0000720, Val Loss: 0.0000671
2025-08-14 01:05:11,718 Epoch 108/500
2025-08-14 01:07:47,534 Current Learning Rate: 0.0008892312
2025-08-14 01:07:47,535 Train Loss: 0.0000649, Val Loss: 0.0000669
2025-08-14 01:07:47,535 Epoch 109/500
2025-08-14 01:10:23,456 Current Learning Rate: 0.0008872515
2025-08-14 01:10:23,456 Train Loss: 0.0001176, Val Loss: 0.0000645
2025-08-14 01:10:23,456 Epoch 110/500
2025-08-14 01:12:59,206 Current Learning Rate: 0.0008852566
2025-08-14 01:12:59,207 Train Loss: 0.0000614, Val Loss: 0.0000752
2025-08-14 01:12:59,207 Epoch 111/500
2025-08-14 01:15:34,786 Current Learning Rate: 0.0008832465
2025-08-14 01:15:35,189 Train Loss: 0.0000647, Val Loss: 0.0000605
2025-08-14 01:15:35,189 Epoch 112/500
2025-08-14 01:18:10,928 Current Learning Rate: 0.0008812213
2025-08-14 01:18:10,929 Train Loss: 0.0000635, Val Loss: 0.0000680
2025-08-14 01:18:10,929 Epoch 113/500
2025-08-14 01:20:46,644 Current Learning Rate: 0.0008791810
2025-08-14 01:20:46,644 Train Loss: 0.0000638, Val Loss: 0.0000632
2025-08-14 01:20:46,645 Epoch 114/500
2025-08-14 01:23:22,475 Current Learning Rate: 0.0008771257
2025-08-14 01:23:22,475 Train Loss: 0.0000672, Val Loss: 0.0000640
2025-08-14 01:23:22,475 Epoch 115/500
2025-08-14 01:25:58,269 Current Learning Rate: 0.0008750555
2025-08-14 01:25:58,270 Train Loss: 0.0000696, Val Loss: 0.0000615
2025-08-14 01:25:58,270 Epoch 116/500
2025-08-14 01:28:33,889 Current Learning Rate: 0.0008729706
2025-08-14 01:28:34,035 Train Loss: 0.0000616, Val Loss: 0.0000595
2025-08-14 01:28:34,035 Epoch 117/500
2025-08-14 01:31:09,722 Current Learning Rate: 0.0008708709
2025-08-14 01:31:09,723 Train Loss: 0.0000627, Val Loss: 0.0000653
2025-08-14 01:31:09,723 Epoch 118/500
2025-08-14 01:33:45,552 Current Learning Rate: 0.0008687566
2025-08-14 01:33:45,552 Train Loss: 0.0000622, Val Loss: 0.0000643
2025-08-14 01:33:45,553 Epoch 119/500
2025-08-14 01:36:21,291 Current Learning Rate: 0.0008666277
2025-08-14 01:36:21,291 Train Loss: 0.0000617, Val Loss: 0.0000711
2025-08-14 01:36:21,292 Epoch 120/500
2025-08-14 01:38:57,021 Current Learning Rate: 0.0008644843
2025-08-14 01:38:57,021 Train Loss: 0.0000630, Val Loss: 0.0000686
2025-08-14 01:38:57,021 Epoch 121/500
2025-08-14 01:41:32,662 Current Learning Rate: 0.0008623266
2025-08-14 01:41:32,663 Train Loss: 0.0000610, Val Loss: 0.0000615
2025-08-14 01:41:32,663 Epoch 122/500
2025-08-14 01:44:08,283 Current Learning Rate: 0.0008601545
2025-08-14 01:44:08,426 Train Loss: 0.0000605, Val Loss: 0.0000583
2025-08-14 01:44:08,427 Epoch 123/500
2025-08-14 01:46:44,034 Current Learning Rate: 0.0008579682
2025-08-14 01:46:44,156 Train Loss: 0.0000601, Val Loss: 0.0000557
2025-08-14 01:46:44,157 Epoch 124/500
2025-08-14 01:49:20,168 Current Learning Rate: 0.0008557678
2025-08-14 01:49:20,168 Train Loss: 0.0000602, Val Loss: 0.0000595
2025-08-14 01:49:20,168 Epoch 125/500
2025-08-14 01:51:55,984 Current Learning Rate: 0.0008535534
2025-08-14 01:51:55,984 Train Loss: 0.0000592, Val Loss: 0.0000569
2025-08-14 01:51:55,985 Epoch 126/500
2025-08-14 01:54:31,766 Current Learning Rate: 0.0008513250
2025-08-14 01:54:31,767 Train Loss: 0.0000594, Val Loss: 0.0000585
2025-08-14 01:54:31,767 Epoch 127/500
2025-08-14 01:57:07,419 Current Learning Rate: 0.0008490827
2025-08-14 01:57:07,419 Train Loss: 0.0000600, Val Loss: 0.0000581
2025-08-14 01:57:07,420 Epoch 128/500
2025-08-14 01:59:42,940 Current Learning Rate: 0.0008468267
2025-08-14 01:59:42,941 Train Loss: 0.0000599, Val Loss: 0.0000597
2025-08-14 01:59:42,941 Epoch 129/500
2025-08-14 02:02:18,664 Current Learning Rate: 0.0008445569
2025-08-14 02:02:18,664 Train Loss: 0.0000584, Val Loss: 0.0000636
2025-08-14 02:02:18,664 Epoch 130/500
2025-08-14 02:04:54,387 Current Learning Rate: 0.0008422736
2025-08-14 02:04:54,388 Train Loss: 0.0000571, Val Loss: 0.0000572
2025-08-14 02:04:54,388 Epoch 131/500
2025-08-14 02:07:30,078 Current Learning Rate: 0.0008399767
2025-08-14 02:07:30,079 Train Loss: 0.0000581, Val Loss: 0.0000578
2025-08-14 02:07:30,079 Epoch 132/500
2025-08-14 02:10:05,822 Current Learning Rate: 0.0008376664
2025-08-14 02:10:05,823 Train Loss: 0.0000575, Val Loss: 0.0000590
2025-08-14 02:10:05,823 Epoch 133/500
2025-08-14 02:12:41,617 Current Learning Rate: 0.0008353428
2025-08-14 02:12:41,617 Train Loss: 0.0000562, Val Loss: 0.0000569
2025-08-14 02:12:41,617 Epoch 134/500
2025-08-14 02:15:17,313 Current Learning Rate: 0.0008330059
2025-08-14 02:15:17,314 Train Loss: 0.0000574, Val Loss: 0.0000635
2025-08-14 02:15:17,314 Epoch 135/500
2025-08-14 02:17:52,977 Current Learning Rate: 0.0008306559
2025-08-14 02:17:52,978 Train Loss: 0.0000556, Val Loss: 0.0000588
2025-08-14 02:17:52,978 Epoch 136/500
2025-08-14 02:20:28,665 Current Learning Rate: 0.0008282929
2025-08-14 02:20:28,665 Train Loss: 0.0000571, Val Loss: 0.0000577
2025-08-14 02:20:28,666 Epoch 137/500
2025-08-14 02:23:04,464 Current Learning Rate: 0.0008259169
2025-08-14 02:23:04,464 Train Loss: 0.0000561, Val Loss: 0.0000578
2025-08-14 02:23:04,464 Epoch 138/500
2025-08-14 02:25:40,027 Current Learning Rate: 0.0008235280
2025-08-14 02:25:40,027 Train Loss: 0.0000551, Val Loss: 0.0000569
2025-08-14 02:25:40,028 Epoch 139/500
2025-08-14 02:28:15,733 Current Learning Rate: 0.0008211263
2025-08-14 02:28:15,817 Train Loss: 0.0000552, Val Loss: 0.0000534
2025-08-14 02:28:15,818 Epoch 140/500
2025-08-14 02:30:51,467 Current Learning Rate: 0.0008187120
2025-08-14 02:30:51,468 Train Loss: 0.0000534, Val Loss: 0.0000545
2025-08-14 02:30:51,468 Epoch 141/500
2025-08-14 02:33:27,224 Current Learning Rate: 0.0008162851
2025-08-14 02:33:27,225 Train Loss: 0.0000552, Val Loss: 0.0000606
2025-08-14 02:33:27,225 Epoch 142/500
2025-08-14 02:36:03,096 Current Learning Rate: 0.0008138457
2025-08-14 02:36:03,097 Train Loss: 0.0000553, Val Loss: 0.0000580
2025-08-14 02:36:03,097 Epoch 143/500
2025-08-14 02:38:38,799 Current Learning Rate: 0.0008113939
2025-08-14 02:38:38,919 Train Loss: 0.0000532, Val Loss: 0.0000529
2025-08-14 02:38:38,919 Epoch 144/500
2025-08-14 02:41:14,675 Current Learning Rate: 0.0008089298
2025-08-14 02:41:14,676 Train Loss: 0.0000541, Val Loss: 0.0000556
2025-08-14 02:41:14,676 Epoch 145/500
2025-08-14 02:43:50,461 Current Learning Rate: 0.0008064535
2025-08-14 02:43:50,542 Train Loss: 0.0000528, Val Loss: 0.0000528
2025-08-14 02:43:50,542 Epoch 146/500
2025-08-14 02:46:26,349 Current Learning Rate: 0.0008039651
2025-08-14 02:46:26,350 Train Loss: 0.0000535, Val Loss: 0.0000563
2025-08-14 02:46:26,350 Epoch 147/500
2025-08-14 02:49:01,990 Current Learning Rate: 0.0008014648
2025-08-14 02:49:01,990 Train Loss: 0.0000529, Val Loss: 0.0000536
2025-08-14 02:49:01,990 Epoch 148/500
2025-08-14 02:51:37,834 Current Learning Rate: 0.0007989525
2025-08-14 02:51:37,835 Train Loss: 0.0000525, Val Loss: 0.0000536
2025-08-14 02:51:37,835 Epoch 149/500
2025-08-14 02:54:13,638 Current Learning Rate: 0.0007964284
2025-08-14 02:54:13,639 Train Loss: 0.0000528, Val Loss: 0.0000658
2025-08-14 02:54:13,639 Epoch 150/500
2025-08-14 02:56:49,505 Current Learning Rate: 0.0007938926
2025-08-14 02:56:49,505 Train Loss: 0.0000529, Val Loss: 0.0000547
2025-08-14 02:56:49,506 Epoch 151/500
2025-08-14 02:59:25,160 Current Learning Rate: 0.0007913452
2025-08-14 02:59:25,161 Train Loss: 0.0000516, Val Loss: 0.0000537
2025-08-14 02:59:25,161 Epoch 152/500
2025-08-14 03:02:00,832 Current Learning Rate: 0.0007887864
2025-08-14 03:02:00,922 Train Loss: 0.0000514, Val Loss: 0.0000486
2025-08-14 03:02:00,922 Epoch 153/500
2025-08-14 03:04:36,437 Current Learning Rate: 0.0007862161
2025-08-14 03:04:36,437 Train Loss: 0.0000531, Val Loss: 0.0000563
2025-08-14 03:04:36,437 Epoch 154/500
2025-08-14 03:07:12,005 Current Learning Rate: 0.0007836345
2025-08-14 03:07:12,006 Train Loss: 0.0000518, Val Loss: 0.0000533
2025-08-14 03:07:12,006 Epoch 155/500
2025-08-14 03:09:47,549 Current Learning Rate: 0.0007810417
2025-08-14 03:09:47,549 Train Loss: 0.0000524, Val Loss: 0.0000502
2025-08-14 03:09:47,550 Epoch 156/500
2025-08-14 03:12:23,251 Current Learning Rate: 0.0007784378
2025-08-14 03:12:23,252 Train Loss: 0.0000514, Val Loss: 0.0000697
2025-08-14 03:12:23,252 Epoch 157/500
2025-08-14 03:14:58,991 Current Learning Rate: 0.0007758229
2025-08-14 03:14:59,250 Train Loss: 0.0000493, Val Loss: 0.0000479
2025-08-14 03:14:59,250 Epoch 158/500
2025-08-14 03:17:35,112 Current Learning Rate: 0.0007731972
2025-08-14 03:17:35,112 Train Loss: 0.0000508, Val Loss: 0.0000499
2025-08-14 03:17:35,113 Epoch 159/500
2025-08-14 03:20:10,825 Current Learning Rate: 0.0007705606
2025-08-14 03:20:10,826 Train Loss: 0.0000495, Val Loss: 0.0000522
2025-08-14 03:20:10,826 Epoch 160/500
2025-08-14 03:22:46,594 Current Learning Rate: 0.0007679134
2025-08-14 03:22:46,595 Train Loss: 0.0000493, Val Loss: 0.0000569
2025-08-14 03:22:46,595 Epoch 161/500
2025-08-14 03:25:22,257 Current Learning Rate: 0.0007652556
2025-08-14 03:25:22,258 Train Loss: 0.0000499, Val Loss: 0.0000524
2025-08-14 03:25:22,258 Epoch 162/500
2025-08-14 03:27:57,981 Current Learning Rate: 0.0007625873
2025-08-14 03:27:57,981 Train Loss: 0.0000502, Val Loss: 0.0000535
2025-08-14 03:27:57,982 Epoch 163/500
2025-08-14 03:30:33,701 Current Learning Rate: 0.0007599087
2025-08-14 03:30:33,702 Train Loss: 0.0000493, Val Loss: 0.0000501
2025-08-14 03:30:33,702 Epoch 164/500
2025-08-14 03:33:09,194 Current Learning Rate: 0.0007572198
2025-08-14 03:33:09,194 Train Loss: 0.0000497, Val Loss: 0.0000494
2025-08-14 03:33:09,194 Epoch 165/500
2025-08-14 03:35:44,735 Current Learning Rate: 0.0007545207
2025-08-14 03:35:44,735 Train Loss: 0.0000499, Val Loss: 0.0000506
2025-08-14 03:35:44,738 Epoch 166/500
2025-08-14 03:38:20,491 Current Learning Rate: 0.0007518116
2025-08-14 03:38:20,491 Train Loss: 0.0000482, Val Loss: 0.0000515
2025-08-14 03:38:20,491 Epoch 167/500
2025-08-14 03:40:56,242 Current Learning Rate: 0.0007490926
2025-08-14 03:40:56,243 Train Loss: 0.0000489, Val Loss: 0.0000487
2025-08-14 03:40:56,243 Epoch 168/500
2025-08-14 03:43:31,983 Current Learning Rate: 0.0007463637
2025-08-14 03:43:32,172 Train Loss: 0.0000482, Val Loss: 0.0000466
2025-08-14 03:43:32,172 Epoch 169/500
2025-08-14 03:46:08,091 Current Learning Rate: 0.0007436251
2025-08-14 03:46:08,091 Train Loss: 0.0000486, Val Loss: 0.0000467
2025-08-14 03:46:08,091 Epoch 170/500
2025-08-14 03:48:44,357 Current Learning Rate: 0.0007408768
2025-08-14 03:48:44,357 Train Loss: 0.0000481, Val Loss: 0.0000482
2025-08-14 03:48:44,358 Epoch 171/500
2025-08-14 03:51:20,597 Current Learning Rate: 0.0007381191
2025-08-14 03:51:20,598 Train Loss: 0.0000479, Val Loss: 0.0000473
2025-08-14 03:51:20,598 Epoch 172/500
2025-08-14 03:53:56,208 Current Learning Rate: 0.0007353520
2025-08-14 03:53:56,208 Train Loss: 0.0000480, Val Loss: 0.0000497
2025-08-14 03:53:56,209 Epoch 173/500
2025-08-14 03:56:31,701 Current Learning Rate: 0.0007325755
2025-08-14 03:56:31,892 Train Loss: 0.0000479, Val Loss: 0.0000461
2025-08-14 03:56:31,892 Epoch 174/500
2025-08-14 03:59:07,585 Current Learning Rate: 0.0007297899
2025-08-14 03:59:07,585 Train Loss: 0.0000462, Val Loss: 0.0000524
2025-08-14 03:59:07,585 Epoch 175/500
2025-08-14 04:01:43,291 Current Learning Rate: 0.0007269952
2025-08-14 04:01:43,292 Train Loss: 0.0000461, Val Loss: 0.0000511
2025-08-14 04:01:43,292 Epoch 176/500
2025-08-14 04:04:19,062 Current Learning Rate: 0.0007241916
2025-08-14 04:04:19,062 Train Loss: 0.0000471, Val Loss: 0.0000471
2025-08-14 04:04:19,063 Epoch 177/500
2025-08-14 04:06:54,619 Current Learning Rate: 0.0007213791
2025-08-14 04:06:54,620 Train Loss: 0.0000470, Val Loss: 0.0000547
2025-08-14 04:06:54,620 Epoch 178/500
2025-08-14 04:09:30,037 Current Learning Rate: 0.0007185579
2025-08-14 04:09:30,448 Train Loss: 0.0000454, Val Loss: 0.0000448
2025-08-14 04:09:30,448 Epoch 179/500
2025-08-14 04:12:06,134 Current Learning Rate: 0.0007157280
2025-08-14 04:12:06,135 Train Loss: 0.0000461, Val Loss: 0.0000462
2025-08-14 04:12:06,135 Epoch 180/500
2025-08-14 04:14:41,650 Current Learning Rate: 0.0007128896
2025-08-14 04:14:41,651 Train Loss: 0.0000470, Val Loss: 0.0000463
2025-08-14 04:14:41,651 Epoch 181/500
2025-08-14 04:17:17,007 Current Learning Rate: 0.0007100429
2025-08-14 04:17:17,008 Train Loss: 0.0000460, Val Loss: 0.0000518
2025-08-14 04:17:17,008 Epoch 182/500
2025-08-14 04:19:52,450 Current Learning Rate: 0.0007071878
2025-08-14 04:19:52,450 Train Loss: 0.0000462, Val Loss: 0.0000492
2025-08-14 04:19:52,451 Epoch 183/500
2025-08-14 04:22:27,939 Current Learning Rate: 0.0007043245
2025-08-14 04:22:28,309 Train Loss: 0.0000448, Val Loss: 0.0000444
2025-08-14 04:22:28,309 Epoch 184/500
2025-08-14 04:25:03,667 Current Learning Rate: 0.0007014532
2025-08-14 04:25:03,667 Train Loss: 0.0000455, Val Loss: 0.0000484
2025-08-14 04:25:03,668 Epoch 185/500
2025-08-14 04:27:39,215 Current Learning Rate: 0.0006985739
2025-08-14 04:27:39,216 Train Loss: 0.0000450, Val Loss: 0.0000446
2025-08-14 04:27:39,216 Epoch 186/500
2025-08-14 04:30:14,692 Current Learning Rate: 0.0006956868
2025-08-14 04:30:14,693 Train Loss: 0.0000449, Val Loss: 0.0000479
2025-08-14 04:30:14,693 Epoch 187/500
2025-08-14 04:32:50,253 Current Learning Rate: 0.0006927920
2025-08-14 04:32:50,253 Train Loss: 0.0000439, Val Loss: 0.0000467
2025-08-14 04:32:50,254 Epoch 188/500
2025-08-14 04:35:25,814 Current Learning Rate: 0.0006898895
2025-08-14 04:35:25,815 Train Loss: 0.0000447, Val Loss: 0.0000457
2025-08-14 04:35:25,815 Epoch 189/500
2025-08-14 04:38:01,504 Current Learning Rate: 0.0006869796
2025-08-14 04:38:03,121 Train Loss: 0.0000435, Val Loss: 0.0000428
2025-08-14 04:38:03,122 Epoch 190/500
2025-08-14 04:40:38,841 Current Learning Rate: 0.0006840623
2025-08-14 04:40:38,841 Train Loss: 0.0000440, Val Loss: 0.0000473
2025-08-14 04:40:38,842 Epoch 191/500
2025-08-14 04:43:14,522 Current Learning Rate: 0.0006811377
2025-08-14 04:43:14,523 Train Loss: 0.0000465, Val Loss: 0.0000432
2025-08-14 04:43:14,523 Epoch 192/500
2025-08-14 04:45:50,237 Current Learning Rate: 0.0006782059
2025-08-14 04:45:50,238 Train Loss: 0.0000457, Val Loss: 0.0000463
2025-08-14 04:45:50,238 Epoch 193/500
2025-08-14 04:48:26,405 Current Learning Rate: 0.0006752672
2025-08-14 04:48:26,406 Train Loss: 0.0000426, Val Loss: 0.0000447
2025-08-14 04:48:26,406 Epoch 194/500
2025-08-14 04:51:02,329 Current Learning Rate: 0.0006723215
2025-08-14 04:51:02,330 Train Loss: 0.0000431, Val Loss: 0.0000455
2025-08-14 04:51:02,330 Epoch 195/500
2025-08-14 04:53:38,269 Current Learning Rate: 0.0006693690
2025-08-14 04:53:38,270 Train Loss: 0.0000432, Val Loss: 0.0000486
2025-08-14 04:53:38,270 Epoch 196/500
2025-08-14 04:56:14,718 Current Learning Rate: 0.0006664098
2025-08-14 04:56:14,863 Train Loss: 0.0000436, Val Loss: 0.0000418
2025-08-14 04:56:14,864 Epoch 197/500
2025-08-14 04:58:51,143 Current Learning Rate: 0.0006634440
2025-08-14 04:58:51,144 Train Loss: 0.0000430, Val Loss: 0.0000449
2025-08-14 04:58:51,144 Epoch 198/500
2025-08-14 05:01:26,945 Current Learning Rate: 0.0006604718
2025-08-14 05:01:26,945 Train Loss: 0.0000430, Val Loss: 0.0000432
2025-08-14 05:01:26,946 Epoch 199/500
2025-08-14 05:04:02,667 Current Learning Rate: 0.0006574933
2025-08-14 05:04:02,668 Train Loss: 0.0000438, Val Loss: 0.0000458
2025-08-14 05:04:02,668 Epoch 200/500
2025-08-14 05:06:38,277 Current Learning Rate: 0.0006545085
2025-08-14 05:06:38,278 Train Loss: 0.0000432, Val Loss: 0.0000427
2025-08-14 05:06:38,278 Epoch 201/500
2025-08-14 05:09:13,902 Current Learning Rate: 0.0006515176
2025-08-14 05:09:13,903 Train Loss: 0.0000432, Val Loss: 0.0000434
2025-08-14 05:09:13,903 Epoch 202/500
2025-08-14 05:11:49,732 Current Learning Rate: 0.0006485208
2025-08-14 05:11:49,733 Train Loss: 0.0000421, Val Loss: 0.0000519
2025-08-14 05:11:49,733 Epoch 203/500
2025-08-14 05:14:25,444 Current Learning Rate: 0.0006455181
2025-08-14 05:14:25,444 Train Loss: 0.0000425, Val Loss: 0.0000441
2025-08-14 05:14:25,445 Epoch 204/500
2025-08-14 05:17:01,104 Current Learning Rate: 0.0006425096
2025-08-14 05:17:01,104 Train Loss: 0.0000423, Val Loss: 0.0000433
2025-08-14 05:17:01,105 Epoch 205/500
2025-08-14 05:19:36,898 Current Learning Rate: 0.0006394956
2025-08-14 05:19:37,005 Train Loss: 0.0000428, Val Loss: 0.0000416
2025-08-14 05:19:37,006 Epoch 206/500
2025-08-14 05:22:12,742 Current Learning Rate: 0.0006364760
2025-08-14 05:22:12,743 Train Loss: 0.0000411, Val Loss: 0.0000472
2025-08-14 05:22:12,743 Epoch 207/500
2025-08-14 05:24:48,499 Current Learning Rate: 0.0006334510
2025-08-14 05:24:48,500 Train Loss: 0.0000416, Val Loss: 0.0000451
2025-08-14 05:24:48,500 Epoch 208/500
2025-08-14 05:27:24,232 Current Learning Rate: 0.0006304208
2025-08-14 05:27:24,232 Train Loss: 0.0000424, Val Loss: 0.0000418
2025-08-14 05:27:24,233 Epoch 209/500
2025-08-14 05:29:59,934 Current Learning Rate: 0.0006273854
2025-08-14 05:29:59,934 Train Loss: 0.0000414, Val Loss: 0.0000419
2025-08-14 05:29:59,934 Epoch 210/500
2025-08-14 05:32:35,506 Current Learning Rate: 0.0006243449
2025-08-14 05:32:35,507 Train Loss: 0.0000413, Val Loss: 0.0000429
2025-08-14 05:32:35,507 Epoch 211/500
2025-08-14 05:35:11,115 Current Learning Rate: 0.0006212996
2025-08-14 05:35:11,116 Train Loss: 0.0000410, Val Loss: 0.0000424
2025-08-14 05:35:11,116 Epoch 212/500
2025-08-14 05:37:46,748 Current Learning Rate: 0.0006182495
2025-08-14 05:37:46,749 Train Loss: 0.0000406, Val Loss: 0.0000435
2025-08-14 05:37:46,749 Epoch 213/500
2025-08-14 05:40:22,564 Current Learning Rate: 0.0006151947
2025-08-14 05:40:22,669 Train Loss: 0.0000411, Val Loss: 0.0000410
2025-08-14 05:40:22,669 Epoch 214/500
2025-08-14 05:42:58,411 Current Learning Rate: 0.0006121354
2025-08-14 05:42:58,411 Train Loss: 0.0000421, Val Loss: 0.0000447
2025-08-14 05:42:58,412 Epoch 215/500
2025-08-14 05:45:34,046 Current Learning Rate: 0.0006090716
2025-08-14 05:45:34,144 Train Loss: 0.0000414, Val Loss: 0.0000405
2025-08-14 05:45:34,145 Epoch 216/500
2025-08-14 05:48:09,911 Current Learning Rate: 0.0006060036
2025-08-14 05:48:09,911 Train Loss: 0.0000393, Val Loss: 0.0000410
2025-08-14 05:48:09,911 Epoch 217/500
2025-08-14 05:50:45,490 Current Learning Rate: 0.0006029313
2025-08-14 05:50:45,491 Train Loss: 0.0000403, Val Loss: 0.0000407
2025-08-14 05:50:45,492 Epoch 218/500
2025-08-14 05:53:21,130 Current Learning Rate: 0.0005998550
2025-08-14 05:53:21,211 Train Loss: 0.0000404, Val Loss: 0.0000399
2025-08-14 05:53:21,212 Epoch 219/500
2025-08-14 05:55:57,660 Current Learning Rate: 0.0005967747
2025-08-14 05:55:57,661 Train Loss: 0.0000398, Val Loss: 0.0000432
2025-08-14 05:55:57,661 Epoch 220/500
2025-08-14 05:58:33,667 Current Learning Rate: 0.0005936907
2025-08-14 05:58:33,667 Train Loss: 0.0000407, Val Loss: 0.0000399
2025-08-14 05:58:33,668 Epoch 221/500
2025-08-14 06:01:09,303 Current Learning Rate: 0.0005906029
2025-08-14 06:01:09,303 Train Loss: 0.0000395, Val Loss: 0.0000415
2025-08-14 06:01:09,303 Epoch 222/500
2025-08-14 06:03:45,049 Current Learning Rate: 0.0005875115
2025-08-14 06:03:45,049 Train Loss: 0.0000411, Val Loss: 0.0000488
2025-08-14 06:03:45,049 Epoch 223/500
2025-08-14 06:06:20,734 Current Learning Rate: 0.0005844167
2025-08-14 06:06:20,915 Train Loss: 0.0000393, Val Loss: 0.0000392
2025-08-14 06:06:20,915 Epoch 224/500
2025-08-14 06:08:56,375 Current Learning Rate: 0.0005813186
2025-08-14 06:08:56,376 Train Loss: 0.0000389, Val Loss: 0.0000400
2025-08-14 06:08:56,376 Epoch 225/500
2025-08-14 06:11:31,950 Current Learning Rate: 0.0005782172
2025-08-14 06:11:31,951 Train Loss: 0.0000389, Val Loss: 0.0000393
2025-08-14 06:11:31,951 Epoch 226/500
2025-08-14 06:14:07,380 Current Learning Rate: 0.0005751128
2025-08-14 06:14:07,380 Train Loss: 0.0000433, Val Loss: 0.0000399
2025-08-14 06:14:07,381 Epoch 227/500
2025-08-14 06:16:43,025 Current Learning Rate: 0.0005720054
2025-08-14 06:16:43,132 Train Loss: 0.0000390, Val Loss: 0.0000385
2025-08-14 06:16:43,132 Epoch 228/500
2025-08-14 06:19:18,667 Current Learning Rate: 0.0005688951
2025-08-14 06:19:18,667 Train Loss: 0.0000390, Val Loss: 0.0000486
2025-08-14 06:19:18,667 Epoch 229/500
2025-08-14 06:21:54,066 Current Learning Rate: 0.0005657822
2025-08-14 06:21:54,066 Train Loss: 0.0000384, Val Loss: 0.0000395
2025-08-14 06:21:54,066 Epoch 230/500
2025-08-14 06:24:29,454 Current Learning Rate: 0.0005626666
2025-08-14 06:24:29,455 Train Loss: 0.0000384, Val Loss: 0.0000401
2025-08-14 06:24:29,455 Epoch 231/500
2025-08-14 06:27:04,927 Current Learning Rate: 0.0005595486
2025-08-14 06:27:05,030 Train Loss: 0.0000390, Val Loss: 0.0000379
2025-08-14 06:27:05,031 Epoch 232/500
2025-08-14 06:29:40,457 Current Learning Rate: 0.0005564282
2025-08-14 06:29:40,458 Train Loss: 0.0000387, Val Loss: 0.0000391
2025-08-14 06:29:40,458 Epoch 233/500
2025-08-14 06:32:15,771 Current Learning Rate: 0.0005533056
2025-08-14 06:32:15,772 Train Loss: 0.0000386, Val Loss: 0.0000414
2025-08-14 06:32:15,772 Epoch 234/500
2025-08-14 06:34:51,172 Current Learning Rate: 0.0005501809
2025-08-14 06:34:51,172 Train Loss: 0.0000379, Val Loss: 0.0000412
2025-08-14 06:34:51,172 Epoch 235/500
2025-08-14 06:37:26,835 Current Learning Rate: 0.0005470542
2025-08-14 06:37:26,836 Train Loss: 0.0000386, Val Loss: 0.0000412
2025-08-14 06:37:26,836 Epoch 236/500
2025-08-14 06:40:02,516 Current Learning Rate: 0.0005439256
2025-08-14 06:40:02,516 Train Loss: 0.0000378, Val Loss: 0.0000400
2025-08-14 06:40:02,516 Epoch 237/500
2025-08-14 06:42:38,212 Current Learning Rate: 0.0005407953
2025-08-14 06:42:38,213 Train Loss: 0.0000376, Val Loss: 0.0000381
2025-08-14 06:42:38,213 Epoch 238/500
2025-08-14 06:45:13,973 Current Learning Rate: 0.0005376634
2025-08-14 06:45:13,973 Train Loss: 0.0000385, Val Loss: 0.0000584
2025-08-14 06:45:13,973 Epoch 239/500
2025-08-14 06:47:49,571 Current Learning Rate: 0.0005345300
2025-08-14 06:47:49,571 Train Loss: 0.0000377, Val Loss: 0.0000388
2025-08-14 06:47:49,571 Epoch 240/500
2025-08-14 06:50:25,240 Current Learning Rate: 0.0005313953
2025-08-14 06:50:25,241 Train Loss: 0.0000378, Val Loss: 0.0000393
2025-08-14 06:50:25,241 Epoch 241/500
2025-08-14 06:53:00,780 Current Learning Rate: 0.0005282593
2025-08-14 06:53:00,781 Train Loss: 0.0000385, Val Loss: 0.0000379
2025-08-14 06:53:00,781 Epoch 242/500
2025-08-14 06:55:36,322 Current Learning Rate: 0.0005251222
2025-08-14 06:55:36,323 Train Loss: 0.0000371, Val Loss: 0.0000394
2025-08-14 06:55:36,323 Epoch 243/500
2025-08-14 06:58:11,848 Current Learning Rate: 0.0005219841
2025-08-14 06:58:11,849 Train Loss: 0.0000369, Val Loss: 0.0000392
2025-08-14 06:58:11,849 Epoch 244/500
2025-08-14 07:00:47,363 Current Learning Rate: 0.0005188451
2025-08-14 07:00:47,363 Train Loss: 0.0000366, Val Loss: 0.0000391
2025-08-14 07:00:47,363 Epoch 245/500
2025-08-14 07:03:23,003 Current Learning Rate: 0.0005157054
2025-08-14 07:03:23,096 Train Loss: 0.0000375, Val Loss: 0.0000378
2025-08-14 07:03:23,096 Epoch 246/500
2025-08-14 07:05:58,809 Current Learning Rate: 0.0005125650
2025-08-14 07:05:58,810 Train Loss: 0.0000372, Val Loss: 0.0000378
2025-08-14 07:05:58,810 Epoch 247/500
2025-08-14 07:08:34,268 Current Learning Rate: 0.0005094242
2025-08-14 07:08:34,357 Train Loss: 0.0000370, Val Loss: 0.0000368
2025-08-14 07:08:34,357 Epoch 248/500
2025-08-14 07:11:09,782 Current Learning Rate: 0.0005062830
2025-08-14 07:11:09,783 Train Loss: 0.0000362, Val Loss: 0.0000385
2025-08-14 07:11:09,783 Epoch 249/500
2025-08-14 07:13:45,336 Current Learning Rate: 0.0005031416
2025-08-14 07:13:45,336 Train Loss: 0.0000369, Val Loss: 0.0000400
2025-08-14 07:13:45,337 Epoch 250/500
2025-08-14 07:16:20,820 Current Learning Rate: 0.0005000000
2025-08-14 07:16:20,821 Train Loss: 0.0000365, Val Loss: 0.0000368
2025-08-14 07:16:20,821 Epoch 251/500
2025-08-14 07:18:56,292 Current Learning Rate: 0.0004968584
2025-08-14 07:18:56,292 Train Loss: 0.0000379, Val Loss: 0.0000375
2025-08-14 07:18:56,293 Epoch 252/500
2025-08-14 07:21:31,884 Current Learning Rate: 0.0004937170
2025-08-14 07:21:31,884 Train Loss: 0.0000356, Val Loss: 0.0000407
2025-08-14 07:21:31,885 Epoch 253/500
2025-08-14 07:24:07,554 Current Learning Rate: 0.0004905758
2025-08-14 07:24:07,554 Train Loss: 0.0000361, Val Loss: 0.0000402
2025-08-14 07:24:07,554 Epoch 254/500
2025-08-14 07:26:43,007 Current Learning Rate: 0.0004874350
2025-08-14 07:26:43,008 Train Loss: 0.0000359, Val Loss: 0.0000389
2025-08-14 07:26:43,008 Epoch 255/500
2025-08-14 07:29:18,528 Current Learning Rate: 0.0004842946
2025-08-14 07:29:18,528 Train Loss: 0.0000361, Val Loss: 0.0000397
2025-08-14 07:29:18,529 Epoch 256/500
2025-08-14 07:31:54,101 Current Learning Rate: 0.0004811549
2025-08-14 07:31:54,101 Train Loss: 0.0000361, Val Loss: 0.0000370
2025-08-14 07:31:54,102 Epoch 257/500
2025-08-14 07:34:29,719 Current Learning Rate: 0.0004780159
2025-08-14 07:34:29,835 Train Loss: 0.0000357, Val Loss: 0.0000366
2025-08-14 07:34:29,835 Epoch 258/500
2025-08-14 07:37:05,385 Current Learning Rate: 0.0004748778
2025-08-14 07:37:05,386 Train Loss: 0.0000358, Val Loss: 0.0000369
2025-08-14 07:37:05,386 Epoch 259/500
2025-08-14 07:39:40,928 Current Learning Rate: 0.0004717407
2025-08-14 07:39:40,929 Train Loss: 0.0000356, Val Loss: 0.0000366
2025-08-14 07:39:40,929 Epoch 260/500
2025-08-14 07:42:16,450 Current Learning Rate: 0.0004686047
2025-08-14 07:42:16,450 Train Loss: 0.0000351, Val Loss: 0.0000379
2025-08-14 07:42:16,451 Epoch 261/500
2025-08-14 07:44:51,994 Current Learning Rate: 0.0004654700
2025-08-14 07:44:52,076 Train Loss: 0.0000366, Val Loss: 0.0000363
2025-08-14 07:44:52,076 Epoch 262/500
2025-08-14 07:47:27,597 Current Learning Rate: 0.0004623366
2025-08-14 07:47:27,597 Train Loss: 0.0000346, Val Loss: 0.0000367
2025-08-14 07:47:27,598 Epoch 263/500
2025-08-14 07:50:03,272 Current Learning Rate: 0.0004592047
2025-08-14 07:50:03,273 Train Loss: 0.0000360, Val Loss: 0.0000379
2025-08-14 07:50:03,273 Epoch 264/500
2025-08-14 07:52:38,934 Current Learning Rate: 0.0004560744
2025-08-14 07:52:38,935 Train Loss: 0.0000348, Val Loss: 0.0000369
2025-08-14 07:52:38,935 Epoch 265/500
2025-08-14 07:55:14,615 Current Learning Rate: 0.0004529458
2025-08-14 07:55:14,615 Train Loss: 0.0000353, Val Loss: 0.0000368
2025-08-14 07:55:14,616 Epoch 266/500
2025-08-14 07:57:50,361 Current Learning Rate: 0.0004498191
2025-08-14 07:57:50,464 Train Loss: 0.0000346, Val Loss: 0.0000357
2025-08-14 07:57:50,464 Epoch 267/500
2025-08-14 08:00:26,125 Current Learning Rate: 0.0004466944
2025-08-14 08:00:26,125 Train Loss: 0.0000345, Val Loss: 0.0000382
2025-08-14 08:00:26,125 Epoch 268/500
2025-08-14 08:03:01,796 Current Learning Rate: 0.0004435718
2025-08-14 08:03:01,797 Train Loss: 0.0000349, Val Loss: 0.0000362
2025-08-14 08:03:01,797 Epoch 269/500
2025-08-14 08:05:37,544 Current Learning Rate: 0.0004404514
2025-08-14 08:05:37,545 Train Loss: 0.0000348, Val Loss: 0.0000364
2025-08-14 08:05:37,545 Epoch 270/500
2025-08-14 08:08:13,216 Current Learning Rate: 0.0004373334
2025-08-14 08:08:13,320 Train Loss: 0.0000344, Val Loss: 0.0000357
2025-08-14 08:08:13,321 Epoch 271/500
2025-08-14 08:10:48,941 Current Learning Rate: 0.0004342178
2025-08-14 08:10:48,942 Train Loss: 0.0000358, Val Loss: 0.0000372
2025-08-14 08:10:48,942 Epoch 272/500
2025-08-14 08:13:24,564 Current Learning Rate: 0.0004311049
2025-08-14 08:13:24,564 Train Loss: 0.0000347, Val Loss: 0.0000362
2025-08-14 08:13:24,564 Epoch 273/500
2025-08-14 08:16:00,272 Current Learning Rate: 0.0004279946
2025-08-14 08:16:00,272 Train Loss: 0.0000340, Val Loss: 0.0000383
2025-08-14 08:16:00,273 Epoch 274/500
2025-08-14 08:18:35,937 Current Learning Rate: 0.0004248872
2025-08-14 08:18:36,033 Train Loss: 0.0000347, Val Loss: 0.0000355
2025-08-14 08:18:36,034 Epoch 275/500
2025-08-14 08:21:11,855 Current Learning Rate: 0.0004217828
2025-08-14 08:21:11,856 Train Loss: 0.0000334, Val Loss: 0.0000363
2025-08-14 08:21:11,856 Epoch 276/500
2025-08-14 08:23:47,544 Current Learning Rate: 0.0004186814
2025-08-14 08:23:47,545 Train Loss: 0.0000341, Val Loss: 0.0000358
2025-08-14 08:23:47,545 Epoch 277/500
2025-08-14 08:26:23,101 Current Learning Rate: 0.0004155833
2025-08-14 08:26:23,102 Train Loss: 0.0000341, Val Loss: 0.0000380
2025-08-14 08:26:23,102 Epoch 278/500
2025-08-14 08:28:58,661 Current Learning Rate: 0.0004124885
2025-08-14 08:28:58,661 Train Loss: 0.0000337, Val Loss: 0.0000363
2025-08-14 08:28:58,661 Epoch 279/500
2025-08-14 08:31:34,086 Current Learning Rate: 0.0004093971
2025-08-14 08:31:34,086 Train Loss: 0.0000332, Val Loss: 0.0000369
2025-08-14 08:31:34,087 Epoch 280/500
2025-08-14 08:34:09,538 Current Learning Rate: 0.0004063093
2025-08-14 08:34:09,673 Train Loss: 0.0000336, Val Loss: 0.0000349
2025-08-14 08:34:09,673 Epoch 281/500
2025-08-14 08:36:45,064 Current Learning Rate: 0.0004032253
2025-08-14 08:36:45,064 Train Loss: 0.0000334, Val Loss: 0.0000360
2025-08-14 08:36:45,064 Epoch 282/500
2025-08-14 08:39:20,640 Current Learning Rate: 0.0004001450
2025-08-14 08:39:20,640 Train Loss: 0.0000334, Val Loss: 0.0000367
2025-08-14 08:39:20,640 Epoch 283/500
2025-08-14 08:41:56,322 Current Learning Rate: 0.0003970687
2025-08-14 08:41:56,322 Train Loss: 0.0000332, Val Loss: 0.0000355
2025-08-14 08:41:56,322 Epoch 284/500
2025-08-14 08:44:31,862 Current Learning Rate: 0.0003939964
2025-08-14 08:44:31,862 Train Loss: 0.0000332, Val Loss: 0.0000357
2025-08-14 08:44:31,863 Epoch 285/500
2025-08-14 08:47:07,473 Current Learning Rate: 0.0003909284
2025-08-14 08:47:07,575 Train Loss: 0.0000330, Val Loss: 0.0000349
2025-08-14 08:47:07,575 Epoch 286/500
2025-08-14 08:49:43,083 Current Learning Rate: 0.0003878646
2025-08-14 08:49:43,083 Train Loss: 0.0000331, Val Loss: 0.0000354
2025-08-14 08:49:43,083 Epoch 287/500
2025-08-14 08:52:18,572 Current Learning Rate: 0.0003848053
2025-08-14 08:52:18,572 Train Loss: 0.0000337, Val Loss: 0.0000376
2025-08-14 08:52:18,573 Epoch 288/500
2025-08-14 08:54:54,070 Current Learning Rate: 0.0003817505
2025-08-14 08:54:54,182 Train Loss: 0.0000324, Val Loss: 0.0000348
2025-08-14 08:54:54,183 Epoch 289/500
2025-08-14 08:57:29,875 Current Learning Rate: 0.0003787004
2025-08-14 08:57:29,876 Train Loss: 0.0000330, Val Loss: 0.0000366
2025-08-14 08:57:29,876 Epoch 290/500
2025-08-14 09:00:05,541 Current Learning Rate: 0.0003756551
2025-08-14 09:00:05,653 Train Loss: 0.0000332, Val Loss: 0.0000345
2025-08-14 09:00:05,654 Epoch 291/500
2025-08-14 09:02:41,338 Current Learning Rate: 0.0003726146
2025-08-14 09:02:41,339 Train Loss: 0.0000323, Val Loss: 0.0000347
2025-08-14 09:02:41,339 Epoch 292/500
2025-08-14 09:05:17,035 Current Learning Rate: 0.0003695792
2025-08-14 09:05:17,103 Train Loss: 0.0000327, Val Loss: 0.0000343
2025-08-14 09:05:17,104 Epoch 293/500
2025-08-14 09:07:52,679 Current Learning Rate: 0.0003665490
2025-08-14 09:07:52,788 Train Loss: 0.0000327, Val Loss: 0.0000339
2025-08-14 09:07:52,789 Epoch 294/500
2025-08-14 09:10:28,454 Current Learning Rate: 0.0003635240
2025-08-14 09:10:28,454 Train Loss: 0.0000324, Val Loss: 0.0000348
2025-08-14 09:10:28,454 Epoch 295/500
2025-08-14 09:13:04,042 Current Learning Rate: 0.0003605044
2025-08-14 09:13:04,042 Train Loss: 0.0000324, Val Loss: 0.0000352
2025-08-14 09:13:04,042 Epoch 296/500
2025-08-14 09:15:39,663 Current Learning Rate: 0.0003574904
2025-08-14 09:15:39,663 Train Loss: 0.0000321, Val Loss: 0.0000349
2025-08-14 09:15:39,663 Epoch 297/500
2025-08-14 09:18:15,259 Current Learning Rate: 0.0003544819
2025-08-14 09:18:15,259 Train Loss: 0.0000318, Val Loss: 0.0000340
2025-08-14 09:18:15,259 Epoch 298/500
2025-08-14 09:20:50,991 Current Learning Rate: 0.0003514792
2025-08-14 09:20:50,992 Train Loss: 0.0000324, Val Loss: 0.0000344
2025-08-14 09:20:50,992 Epoch 299/500
2025-08-14 09:23:26,534 Current Learning Rate: 0.0003484824
2025-08-14 09:23:26,534 Train Loss: 0.0000318, Val Loss: 0.0000356
2025-08-14 09:23:26,534 Epoch 300/500
2025-08-14 09:26:02,080 Current Learning Rate: 0.0003454915
2025-08-14 09:26:03,055 Train Loss: 0.0000320, Val Loss: 0.0000334
2025-08-14 09:26:03,056 Epoch 301/500
2025-08-14 09:28:38,648 Current Learning Rate: 0.0003425067
2025-08-14 09:28:38,648 Train Loss: 0.0000320, Val Loss: 0.0000356
2025-08-14 09:28:38,648 Epoch 302/500
2025-08-14 09:31:14,382 Current Learning Rate: 0.0003395282
2025-08-14 09:31:14,383 Train Loss: 0.0000315, Val Loss: 0.0000357
2025-08-14 09:31:14,383 Epoch 303/500
2025-08-14 09:33:49,904 Current Learning Rate: 0.0003365560
2025-08-14 09:33:49,904 Train Loss: 0.0000325, Val Loss: 0.0000343
2025-08-14 09:33:49,904 Epoch 304/500
2025-08-14 09:36:25,446 Current Learning Rate: 0.0003335902
2025-08-14 09:36:25,446 Train Loss: 0.0000324, Val Loss: 0.0000344
2025-08-14 09:36:25,446 Epoch 305/500
2025-08-14 09:39:00,901 Current Learning Rate: 0.0003306310
2025-08-14 09:39:00,901 Train Loss: 0.0000317, Val Loss: 0.0000344
2025-08-14 09:39:00,902 Epoch 306/500
2025-08-14 09:41:36,467 Current Learning Rate: 0.0003276785
2025-08-14 09:41:36,468 Train Loss: 0.0000317, Val Loss: 0.0000339
2025-08-14 09:41:36,468 Epoch 307/500
2025-08-14 09:44:11,991 Current Learning Rate: 0.0003247328
2025-08-14 09:44:11,991 Train Loss: 0.0000313, Val Loss: 0.0000336
2025-08-14 09:44:11,991 Epoch 308/500
2025-08-14 09:46:47,456 Current Learning Rate: 0.0003217941
2025-08-14 09:46:47,456 Train Loss: 0.0000311, Val Loss: 0.0000338
2025-08-14 09:46:47,456 Epoch 309/500
2025-08-14 09:49:22,791 Current Learning Rate: 0.0003188623
2025-08-14 09:49:22,900 Train Loss: 0.0000315, Val Loss: 0.0000330
2025-08-14 09:49:22,900 Epoch 310/500
2025-08-14 09:51:58,431 Current Learning Rate: 0.0003159377
2025-08-14 09:51:58,431 Train Loss: 0.0000315, Val Loss: 0.0000346
2025-08-14 09:51:58,431 Epoch 311/500
2025-08-14 09:54:33,848 Current Learning Rate: 0.0003130204
2025-08-14 09:54:34,021 Train Loss: 0.0000311, Val Loss: 0.0000330
2025-08-14 09:54:34,021 Epoch 312/500
2025-08-14 09:57:09,642 Current Learning Rate: 0.0003101105
2025-08-14 09:57:09,643 Train Loss: 0.0000317, Val Loss: 0.0000333
2025-08-14 09:57:09,643 Epoch 313/500
2025-08-14 09:59:45,285 Current Learning Rate: 0.0003072080
2025-08-14 09:59:45,285 Train Loss: 0.0000312, Val Loss: 0.0000350
2025-08-14 09:59:45,286 Epoch 314/500
2025-08-14 10:02:20,934 Current Learning Rate: 0.0003043132
2025-08-14 10:02:20,934 Train Loss: 0.0000307, Val Loss: 0.0000333
2025-08-14 10:02:20,934 Epoch 315/500
2025-08-14 10:04:56,627 Current Learning Rate: 0.0003014261
2025-08-14 10:04:56,628 Train Loss: 0.0000310, Val Loss: 0.0000340
2025-08-14 10:04:56,628 Epoch 316/500
2025-08-14 10:07:32,300 Current Learning Rate: 0.0002985468
2025-08-14 10:07:32,300 Train Loss: 0.0000305, Val Loss: 0.0000357
2025-08-14 10:07:32,300 Epoch 317/500
2025-08-14 10:10:08,144 Current Learning Rate: 0.0002956755
2025-08-14 10:10:08,144 Train Loss: 0.0000308, Val Loss: 0.0000336
2025-08-14 10:10:08,144 Epoch 318/500
2025-08-14 10:12:43,899 Current Learning Rate: 0.0002928122
2025-08-14 10:12:43,899 Train Loss: 0.0000307, Val Loss: 0.0000333
2025-08-14 10:12:43,899 Epoch 319/500
2025-08-14 10:15:19,528 Current Learning Rate: 0.0002899571
2025-08-14 10:15:19,528 Train Loss: 0.0000306, Val Loss: 0.0000340
2025-08-14 10:15:19,529 Epoch 320/500
2025-08-14 10:17:55,212 Current Learning Rate: 0.0002871104
2025-08-14 10:17:55,213 Train Loss: 0.0000305, Val Loss: 0.0000330
2025-08-14 10:17:55,213 Epoch 321/500
2025-08-14 10:20:30,724 Current Learning Rate: 0.0002842720
2025-08-14 10:20:30,724 Train Loss: 0.0000304, Val Loss: 0.0000337
2025-08-14 10:20:30,725 Epoch 322/500
2025-08-14 10:23:06,312 Current Learning Rate: 0.0002814421
2025-08-14 10:23:06,419 Train Loss: 0.0000309, Val Loss: 0.0000322
2025-08-14 10:23:06,419 Epoch 323/500
2025-08-14 10:25:41,940 Current Learning Rate: 0.0002786209
2025-08-14 10:25:41,940 Train Loss: 0.0000309, Val Loss: 0.0000336
2025-08-14 10:25:41,940 Epoch 324/500
2025-08-14 10:28:17,484 Current Learning Rate: 0.0002758084
2025-08-14 10:28:17,485 Train Loss: 0.0000301, Val Loss: 0.0000330
2025-08-14 10:28:17,485 Epoch 325/500
2025-08-14 10:30:52,935 Current Learning Rate: 0.0002730048
2025-08-14 10:30:52,935 Train Loss: 0.0000320, Val Loss: 0.0000330
2025-08-14 10:30:52,935 Epoch 326/500
2025-08-14 10:33:28,321 Current Learning Rate: 0.0002702101
2025-08-14 10:33:28,322 Train Loss: 0.0000312, Val Loss: 0.0000340
2025-08-14 10:33:28,322 Epoch 327/500
2025-08-14 10:36:03,728 Current Learning Rate: 0.0002674245
2025-08-14 10:36:03,815 Train Loss: 0.0000303, Val Loss: 0.0000321
2025-08-14 10:36:03,815 Epoch 328/500
2025-08-14 10:38:39,274 Current Learning Rate: 0.0002646480
2025-08-14 10:38:39,275 Train Loss: 0.0000302, Val Loss: 0.0000326
2025-08-14 10:38:39,275 Epoch 329/500
2025-08-14 10:41:14,785 Current Learning Rate: 0.0002618809
2025-08-14 10:41:14,785 Train Loss: 0.0000312, Val Loss: 0.0000322
2025-08-14 10:41:14,786 Epoch 330/500
2025-08-14 10:43:50,442 Current Learning Rate: 0.0002591232
2025-08-14 10:43:50,531 Train Loss: 0.0000306, Val Loss: 0.0000319
2025-08-14 10:43:50,532 Epoch 331/500
2025-08-14 10:46:26,016 Current Learning Rate: 0.0002563749
2025-08-14 10:46:26,017 Train Loss: 0.0000296, Val Loss: 0.0000326
2025-08-14 10:46:26,017 Epoch 332/500
2025-08-14 10:49:01,926 Current Learning Rate: 0.0002536363
2025-08-14 10:49:01,927 Train Loss: 0.0000298, Val Loss: 0.0000323
2025-08-14 10:49:01,928 Epoch 333/500
2025-08-14 10:51:37,354 Current Learning Rate: 0.0002509074
2025-08-14 10:51:37,355 Train Loss: 0.0000298, Val Loss: 0.0000327
2025-08-14 10:51:37,355 Epoch 334/500
2025-08-14 10:54:13,029 Current Learning Rate: 0.0002481884
2025-08-14 10:54:13,030 Train Loss: 0.0000295, Val Loss: 0.0000319
2025-08-14 10:54:13,030 Epoch 335/500
2025-08-14 10:56:48,649 Current Learning Rate: 0.0002454793
2025-08-14 10:56:48,649 Train Loss: 0.0000298, Val Loss: 0.0000322
2025-08-14 10:56:48,650 Epoch 336/500
2025-08-14 10:59:24,236 Current Learning Rate: 0.0002427802
2025-08-14 10:59:24,236 Train Loss: 0.0000301, Val Loss: 0.0000347
2025-08-14 10:59:24,237 Epoch 337/500
2025-08-14 11:01:59,959 Current Learning Rate: 0.0002400913
2025-08-14 11:01:59,960 Train Loss: 0.0000299, Val Loss: 0.0000325
2025-08-14 11:01:59,960 Epoch 338/500
2025-08-14 11:04:35,607 Current Learning Rate: 0.0002374127
2025-08-14 11:04:35,608 Train Loss: 0.0000296, Val Loss: 0.0000321
2025-08-14 11:04:35,608 Epoch 339/500
2025-08-14 11:07:11,204 Current Learning Rate: 0.0002347444
2025-08-14 11:07:11,204 Train Loss: 0.0000294, Val Loss: 0.0000323
2025-08-14 11:07:11,205 Epoch 340/500
2025-08-14 11:09:46,827 Current Learning Rate: 0.0002320866
2025-08-14 11:09:46,827 Train Loss: 0.0000294, Val Loss: 0.0000320
2025-08-14 11:09:46,827 Epoch 341/500
2025-08-14 11:12:23,462 Current Learning Rate: 0.0002294394
2025-08-14 11:12:23,540 Train Loss: 0.0000293, Val Loss: 0.0000317
2025-08-14 11:12:23,541 Epoch 342/500
2025-08-14 11:15:00,652 Current Learning Rate: 0.0002268028
2025-08-14 11:15:00,742 Train Loss: 0.0000294, Val Loss: 0.0000314
2025-08-14 11:15:00,742 Epoch 343/500
2025-08-14 11:17:36,543 Current Learning Rate: 0.0002241771
2025-08-14 11:17:36,544 Train Loss: 0.0000292, Val Loss: 0.0000323
2025-08-14 11:17:36,544 Epoch 344/500
2025-08-14 11:20:13,052 Current Learning Rate: 0.0002215622
2025-08-14 11:20:13,053 Train Loss: 0.0000297, Val Loss: 0.0000321
2025-08-14 11:20:13,053 Epoch 345/500
2025-08-14 11:22:49,297 Current Learning Rate: 0.0002189583
2025-08-14 11:22:49,298 Train Loss: 0.0000291, Val Loss: 0.0000316
2025-08-14 11:22:49,298 Epoch 346/500
2025-08-14 11:25:25,693 Current Learning Rate: 0.0002163655
2025-08-14 11:25:25,694 Train Loss: 0.0000294, Val Loss: 0.0000316
2025-08-14 11:25:25,694 Epoch 347/500
2025-08-14 11:28:02,485 Current Learning Rate: 0.0002137839
2025-08-14 11:28:02,688 Train Loss: 0.0000290, Val Loss: 0.0000311
2025-08-14 11:28:02,688 Epoch 348/500
2025-08-14 11:30:41,127 Current Learning Rate: 0.0002112136
2025-08-14 11:30:41,140 Train Loss: 0.0000289, Val Loss: 0.0000314
2025-08-14 11:30:41,140 Epoch 349/500
2025-08-14 11:33:35,433 Current Learning Rate: 0.0002086548
2025-08-14 11:33:35,433 Train Loss: 0.0000290, Val Loss: 0.0000315
2025-08-14 11:33:35,433 Epoch 350/500
2025-08-14 11:38:03,182 Current Learning Rate: 0.0002061074
2025-08-14 11:38:03,182 Train Loss: 0.0000287, Val Loss: 0.0000325
2025-08-14 11:38:03,183 Epoch 351/500
2025-08-14 11:41:14,610 Current Learning Rate: 0.0002035716
2025-08-14 11:41:14,611 Train Loss: 0.0000290, Val Loss: 0.0000317
2025-08-14 11:41:14,611 Epoch 352/500
2025-08-14 11:43:50,053 Current Learning Rate: 0.0002010475
2025-08-14 11:43:50,053 Train Loss: 0.0000292, Val Loss: 0.0000312
2025-08-14 11:43:50,053 Epoch 353/500
2025-08-14 11:46:25,532 Current Learning Rate: 0.0001985352
2025-08-14 11:46:25,533 Train Loss: 0.0000291, Val Loss: 0.0000316
2025-08-14 11:46:25,533 Epoch 354/500
2025-08-14 11:49:01,086 Current Learning Rate: 0.0001960349
2025-08-14 11:49:01,087 Train Loss: 0.0000292, Val Loss: 0.0000511
2025-08-14 11:49:01,088 Epoch 355/500
2025-08-14 11:51:36,646 Current Learning Rate: 0.0001935465
2025-08-14 11:51:36,647 Train Loss: 0.0000296, Val Loss: 0.0000314
2025-08-14 11:51:36,647 Epoch 356/500
2025-08-14 11:54:12,233 Current Learning Rate: 0.0001910702
2025-08-14 11:54:12,334 Train Loss: 0.0000284, Val Loss: 0.0000309
2025-08-14 11:54:12,334 Epoch 357/500
2025-08-14 11:56:47,924 Current Learning Rate: 0.0001886061
2025-08-14 11:56:47,925 Train Loss: 0.0000285, Val Loss: 0.0000313
2025-08-14 11:56:47,925 Epoch 358/500
2025-08-14 11:59:23,509 Current Learning Rate: 0.0001861543
2025-08-14 11:59:23,510 Train Loss: 0.0000285, Val Loss: 0.0000310
2025-08-14 11:59:23,510 Epoch 359/500
2025-08-14 12:01:59,141 Current Learning Rate: 0.0001837149
2025-08-14 12:01:59,141 Train Loss: 0.0000288, Val Loss: 0.0000311
2025-08-14 12:01:59,142 Epoch 360/500
2025-08-14 12:04:34,762 Current Learning Rate: 0.0001812880
2025-08-14 12:04:34,763 Train Loss: 0.0000284, Val Loss: 0.0000312
2025-08-14 12:04:34,764 Epoch 361/500
2025-08-14 12:07:10,345 Current Learning Rate: 0.0001788737
2025-08-14 12:07:10,346 Train Loss: 0.0000292, Val Loss: 0.0000309
2025-08-14 12:07:10,346 Epoch 362/500
2025-08-14 12:09:46,126 Current Learning Rate: 0.0001764720
2025-08-14 12:09:46,127 Train Loss: 0.0000284, Val Loss: 0.0000310
2025-08-14 12:09:46,127 Epoch 363/500
2025-08-14 12:12:21,919 Current Learning Rate: 0.0001740831
2025-08-14 12:12:21,919 Train Loss: 0.0000284, Val Loss: 0.0000312
2025-08-14 12:12:21,919 Epoch 364/500
2025-08-14 12:14:57,623 Current Learning Rate: 0.0001717071
2025-08-14 12:14:57,704 Train Loss: 0.0000282, Val Loss: 0.0000307
2025-08-14 12:14:57,704 Epoch 365/500
2025-08-14 12:17:33,282 Current Learning Rate: 0.0001693441
2025-08-14 12:17:33,283 Train Loss: 0.0000282, Val Loss: 0.0000310
2025-08-14 12:17:33,283 Epoch 366/500
2025-08-14 12:20:08,815 Current Learning Rate: 0.0001669941
2025-08-14 12:20:08,816 Train Loss: 0.0000280, Val Loss: 0.0000309
2025-08-14 12:20:08,816 Epoch 367/500
2025-08-14 12:22:44,434 Current Learning Rate: 0.0001646572
2025-08-14 12:22:44,533 Train Loss: 0.0000283, Val Loss: 0.0000304
2025-08-14 12:22:44,533 Epoch 368/500
2025-08-14 12:25:20,049 Current Learning Rate: 0.0001623336
2025-08-14 12:25:20,119 Train Loss: 0.0000284, Val Loss: 0.0000304
2025-08-14 12:25:20,119 Epoch 369/500
2025-08-14 12:27:55,613 Current Learning Rate: 0.0001600233
2025-08-14 12:27:55,613 Train Loss: 0.0000279, Val Loss: 0.0000305
2025-08-14 12:27:55,614 Epoch 370/500
2025-08-14 12:30:31,168 Current Learning Rate: 0.0001577264
2025-08-14 12:30:31,168 Train Loss: 0.0000282, Val Loss: 0.0000304
2025-08-14 12:30:31,169 Epoch 371/500
2025-08-14 12:33:06,659 Current Learning Rate: 0.0001554431
2025-08-14 12:33:06,660 Train Loss: 0.0000279, Val Loss: 0.0000310
2025-08-14 12:33:06,660 Epoch 372/500
2025-08-14 12:35:42,338 Current Learning Rate: 0.0001531733
2025-08-14 12:35:42,338 Train Loss: 0.0000279, Val Loss: 0.0000306
2025-08-14 12:35:42,338 Epoch 373/500
2025-08-14 12:38:18,623 Current Learning Rate: 0.0001509173
2025-08-14 12:38:18,623 Train Loss: 0.0000279, Val Loss: 0.0000305
2025-08-14 12:38:18,623 Epoch 374/500
2025-08-14 12:40:54,390 Current Learning Rate: 0.0001486750
2025-08-14 12:40:54,541 Train Loss: 0.0000279, Val Loss: 0.0000301
2025-08-14 12:40:54,541 Epoch 375/500
2025-08-14 12:43:29,966 Current Learning Rate: 0.0001464466
2025-08-14 12:43:29,966 Train Loss: 0.0000278, Val Loss: 0.0000306
2025-08-14 12:43:29,966 Epoch 376/500
2025-08-14 12:46:05,338 Current Learning Rate: 0.0001442322
2025-08-14 12:46:05,338 Train Loss: 0.0000279, Val Loss: 0.0000309
2025-08-14 12:46:05,339 Epoch 377/500
2025-08-14 12:48:40,706 Current Learning Rate: 0.0001420318
2025-08-14 12:48:40,706 Train Loss: 0.0000283, Val Loss: 0.0000304
2025-08-14 12:48:40,706 Epoch 378/500
2025-08-14 12:51:16,402 Current Learning Rate: 0.0001398455
2025-08-14 12:51:16,403 Train Loss: 0.0000280, Val Loss: 0.0000305
2025-08-14 12:51:16,403 Epoch 379/500
2025-08-14 12:53:52,029 Current Learning Rate: 0.0001376734
2025-08-14 12:53:52,029 Train Loss: 0.0000285, Val Loss: 0.0000304
2025-08-14 12:53:52,030 Epoch 380/500
2025-08-14 12:56:27,741 Current Learning Rate: 0.0001355157
2025-08-14 12:56:27,832 Train Loss: 0.0000274, Val Loss: 0.0000300
2025-08-14 12:56:27,832 Epoch 381/500
2025-08-14 12:59:03,667 Current Learning Rate: 0.0001333723
2025-08-14 12:59:03,667 Train Loss: 0.0000274, Val Loss: 0.0000304
2025-08-14 12:59:03,667 Epoch 382/500
2025-08-14 13:01:39,435 Current Learning Rate: 0.0001312434
2025-08-14 13:01:39,436 Train Loss: 0.0000273, Val Loss: 0.0000304
2025-08-14 13:01:39,436 Epoch 383/500
2025-08-14 13:04:15,258 Current Learning Rate: 0.0001291291
2025-08-14 13:04:15,340 Train Loss: 0.0000274, Val Loss: 0.0000300
2025-08-14 13:04:15,340 Epoch 384/500
2025-08-14 13:06:51,230 Current Learning Rate: 0.0001270294
2025-08-14 13:06:51,230 Train Loss: 0.0000275, Val Loss: 0.0000303
2025-08-14 13:06:51,230 Epoch 385/500
2025-08-14 13:09:27,006 Current Learning Rate: 0.0001249445
2025-08-14 13:09:27,006 Train Loss: 0.0000275, Val Loss: 0.0000302
2025-08-14 13:09:27,006 Epoch 386/500
2025-08-14 13:12:02,657 Current Learning Rate: 0.0001228743
2025-08-14 13:12:02,657 Train Loss: 0.0000274, Val Loss: 0.0000304
2025-08-14 13:12:02,657 Epoch 387/500
2025-08-14 13:14:38,237 Current Learning Rate: 0.0001208190
2025-08-14 13:14:38,237 Train Loss: 0.0000274, Val Loss: 0.0000304
2025-08-14 13:14:38,237 Epoch 388/500
2025-08-14 13:17:13,949 Current Learning Rate: 0.0001187787
2025-08-14 13:17:13,950 Train Loss: 0.0000273, Val Loss: 0.0000300
2025-08-14 13:17:13,950 Epoch 389/500
2025-08-14 13:19:49,876 Current Learning Rate: 0.0001167535
2025-08-14 13:19:49,964 Train Loss: 0.0000273, Val Loss: 0.0000298
2025-08-14 13:19:49,964 Epoch 390/500
2025-08-14 13:22:26,189 Current Learning Rate: 0.0001147434
2025-08-14 13:22:26,331 Train Loss: 0.0000271, Val Loss: 0.0000297
2025-08-14 13:22:26,332 Epoch 391/500
2025-08-14 13:25:02,670 Current Learning Rate: 0.0001127485
2025-08-14 13:25:02,670 Train Loss: 0.0000271, Val Loss: 0.0000303
2025-08-14 13:25:02,671 Epoch 392/500
2025-08-14 13:27:38,930 Current Learning Rate: 0.0001107688
2025-08-14 13:27:38,930 Train Loss: 0.0000272, Val Loss: 0.0000300
2025-08-14 13:27:38,931 Epoch 393/500
2025-08-14 13:30:15,257 Current Learning Rate: 0.0001088046
2025-08-14 13:30:15,257 Train Loss: 0.0000270, Val Loss: 0.0000298
2025-08-14 13:30:15,258 Epoch 394/500
2025-08-14 13:32:51,518 Current Learning Rate: 0.0001068558
2025-08-14 13:32:51,626 Train Loss: 0.0000272, Val Loss: 0.0000297
2025-08-14 13:32:51,626 Epoch 395/500
2025-08-14 13:35:27,736 Current Learning Rate: 0.0001049225
2025-08-14 13:35:27,738 Train Loss: 0.0000269, Val Loss: 0.0000301
2025-08-14 13:35:27,741 Epoch 396/500
2025-08-14 13:38:03,737 Current Learning Rate: 0.0001030048
2025-08-14 13:38:03,872 Train Loss: 0.0000272, Val Loss: 0.0000296
2025-08-14 13:38:03,873 Epoch 397/500
2025-08-14 13:40:39,627 Current Learning Rate: 0.0001011028
2025-08-14 13:40:39,628 Train Loss: 0.0000270, Val Loss: 0.0000299
2025-08-14 13:40:39,628 Epoch 398/500
2025-08-14 13:43:15,517 Current Learning Rate: 0.0000992165
2025-08-14 13:43:15,622 Train Loss: 0.0000269, Val Loss: 0.0000296
2025-08-14 13:43:15,622 Epoch 399/500
2025-08-14 13:45:51,364 Current Learning Rate: 0.0000973461
2025-08-14 13:45:51,365 Train Loss: 0.0000279, Val Loss: 0.0000302
2025-08-14 13:45:51,365 Epoch 400/500
2025-08-14 13:48:27,146 Current Learning Rate: 0.0000954915
2025-08-14 13:48:27,147 Train Loss: 0.0000271, Val Loss: 0.0000298
2025-08-14 13:48:27,147 Epoch 401/500
2025-08-14 13:51:02,941 Current Learning Rate: 0.0000936529
2025-08-14 13:51:02,942 Train Loss: 0.0000269, Val Loss: 0.0000296
2025-08-14 13:51:02,942 Epoch 402/500
2025-08-14 13:53:38,645 Current Learning Rate: 0.0000918304
2025-08-14 13:53:38,759 Train Loss: 0.0000269, Val Loss: 0.0000296
2025-08-14 13:53:38,760 Epoch 403/500
2025-08-14 13:56:14,497 Current Learning Rate: 0.0000900239
2025-08-14 13:56:14,498 Train Loss: 0.0000269, Val Loss: 0.0000296
2025-08-14 13:56:14,498 Epoch 404/500
2025-08-14 13:58:50,375 Current Learning Rate: 0.0000882337
2025-08-14 13:58:50,484 Train Loss: 0.0000268, Val Loss: 0.0000296
2025-08-14 13:58:50,484 Epoch 405/500
2025-08-14 14:01:26,287 Current Learning Rate: 0.0000864597
2025-08-14 14:01:26,287 Train Loss: 0.0000266, Val Loss: 0.0000296
2025-08-14 14:01:26,287 Epoch 406/500
2025-08-14 14:04:02,113 Current Learning Rate: 0.0000847021
2025-08-14 14:04:03,834 Train Loss: 0.0000266, Val Loss: 0.0000294
2025-08-14 14:04:03,835 Epoch 407/500
2025-08-14 14:06:39,745 Current Learning Rate: 0.0000829608
2025-08-14 14:06:39,745 Train Loss: 0.0000268, Val Loss: 0.0000295
2025-08-14 14:06:39,746 Epoch 408/500
2025-08-14 14:09:15,440 Current Learning Rate: 0.0000812360
2025-08-14 14:09:15,440 Train Loss: 0.0000267, Val Loss: 0.0000295
2025-08-14 14:09:15,440 Epoch 409/500
2025-08-14 14:11:51,286 Current Learning Rate: 0.0000795277
2025-08-14 14:11:51,409 Train Loss: 0.0000266, Val Loss: 0.0000293
2025-08-14 14:11:51,410 Epoch 410/500
2025-08-14 14:14:27,222 Current Learning Rate: 0.0000778360
2025-08-14 14:14:27,222 Train Loss: 0.0000268, Val Loss: 0.0000303
2025-08-14 14:14:27,222 Epoch 411/500
2025-08-14 14:17:03,091 Current Learning Rate: 0.0000761610
2025-08-14 14:17:03,092 Train Loss: 0.0000268, Val Loss: 0.0000293
2025-08-14 14:17:03,092 Epoch 412/500
2025-08-14 14:19:38,732 Current Learning Rate: 0.0000745028
2025-08-14 14:19:38,732 Train Loss: 0.0000265, Val Loss: 0.0000294
2025-08-14 14:19:38,732 Epoch 413/500
2025-08-14 14:22:14,511 Current Learning Rate: 0.0000728613
2025-08-14 14:22:14,512 Train Loss: 0.0000266, Val Loss: 0.0000297
2025-08-14 14:22:14,512 Epoch 414/500
2025-08-14 14:24:50,280 Current Learning Rate: 0.0000712367
2025-08-14 14:24:50,384 Train Loss: 0.0000265, Val Loss: 0.0000292
2025-08-14 14:24:50,385 Epoch 415/500
2025-08-14 14:27:26,185 Current Learning Rate: 0.0000696290
2025-08-14 14:27:26,185 Train Loss: 0.0000265, Val Loss: 0.0000293
2025-08-14 14:27:26,186 Epoch 416/500
2025-08-14 14:30:01,908 Current Learning Rate: 0.0000680383
2025-08-14 14:30:01,910 Train Loss: 0.0000265, Val Loss: 0.0000293
2025-08-14 14:30:01,910 Epoch 417/500
2025-08-14 14:32:37,693 Current Learning Rate: 0.0000664646
2025-08-14 14:32:37,693 Train Loss: 0.0000264, Val Loss: 0.0000293
2025-08-14 14:32:37,693 Epoch 418/500
2025-08-14 14:35:13,367 Current Learning Rate: 0.0000649081
2025-08-14 14:35:13,475 Train Loss: 0.0000265, Val Loss: 0.0000291
2025-08-14 14:35:13,476 Epoch 419/500
2025-08-14 14:37:49,033 Current Learning Rate: 0.0000633688
2025-08-14 14:37:49,034 Train Loss: 0.0000265, Val Loss: 0.0000295
2025-08-14 14:37:49,034 Epoch 420/500
2025-08-14 14:40:24,815 Current Learning Rate: 0.0000618467
2025-08-14 14:40:24,932 Train Loss: 0.0000263, Val Loss: 0.0000291
2025-08-14 14:40:24,932 Epoch 421/500
2025-08-14 14:43:00,796 Current Learning Rate: 0.0000603418
2025-08-14 14:43:00,797 Train Loss: 0.0000264, Val Loss: 0.0000292
2025-08-14 14:43:00,797 Epoch 422/500
2025-08-14 14:45:36,589 Current Learning Rate: 0.0000588544
2025-08-14 14:45:36,589 Train Loss: 0.0000264, Val Loss: 0.0000293
2025-08-14 14:45:36,589 Epoch 423/500
2025-08-14 14:48:12,314 Current Learning Rate: 0.0000573843
2025-08-14 14:48:12,399 Train Loss: 0.0000263, Val Loss: 0.0000291
2025-08-14 14:48:12,399 Epoch 424/500
2025-08-14 14:50:48,064 Current Learning Rate: 0.0000559318
2025-08-14 14:50:48,065 Train Loss: 0.0000265, Val Loss: 0.0000292
2025-08-14 14:50:48,065 Epoch 425/500
2025-08-14 14:53:23,832 Current Learning Rate: 0.0000544967
2025-08-14 14:53:23,833 Train Loss: 0.0000263, Val Loss: 0.0000292
2025-08-14 14:53:23,833 Epoch 426/500
2025-08-14 14:55:59,499 Current Learning Rate: 0.0000530793
2025-08-14 14:55:59,568 Train Loss: 0.0000263, Val Loss: 0.0000290
2025-08-14 14:55:59,569 Epoch 427/500
2025-08-14 14:58:35,230 Current Learning Rate: 0.0000516795
2025-08-14 14:58:35,346 Train Loss: 0.0000262, Val Loss: 0.0000290
2025-08-14 14:58:35,346 Epoch 428/500
2025-08-14 15:01:11,010 Current Learning Rate: 0.0000502974
2025-08-14 15:01:11,010 Train Loss: 0.0000266, Val Loss: 0.0000290
2025-08-14 15:01:11,010 Epoch 429/500
2025-08-14 15:03:46,865 Current Learning Rate: 0.0000489330
2025-08-14 15:03:47,018 Train Loss: 0.0000261, Val Loss: 0.0000289
2025-08-14 15:03:47,018 Epoch 430/500
2025-08-14 15:06:22,959 Current Learning Rate: 0.0000475865
2025-08-14 15:06:22,959 Train Loss: 0.0000263, Val Loss: 0.0000290
2025-08-14 15:06:22,959 Epoch 431/500
2025-08-14 15:08:58,542 Current Learning Rate: 0.0000462578
2025-08-14 15:08:58,543 Train Loss: 0.0000262, Val Loss: 0.0000290
2025-08-14 15:08:58,543 Epoch 432/500
2025-08-14 15:11:34,001 Current Learning Rate: 0.0000449470
2025-08-14 15:11:34,110 Train Loss: 0.0000261, Val Loss: 0.0000288
2025-08-14 15:11:34,110 Epoch 433/500
2025-08-14 15:14:09,657 Current Learning Rate: 0.0000436542
2025-08-14 15:14:09,657 Train Loss: 0.0000261, Val Loss: 0.0000289
2025-08-14 15:14:09,657 Epoch 434/500
2025-08-14 15:16:45,598 Current Learning Rate: 0.0000423794
2025-08-14 15:16:47,974 Train Loss: 0.0000262, Val Loss: 0.0000288
2025-08-14 15:16:47,975 Epoch 435/500
2025-08-14 15:19:24,232 Current Learning Rate: 0.0000411227
2025-08-14 15:19:24,324 Train Loss: 0.0000263, Val Loss: 0.0000288
2025-08-14 15:19:24,324 Epoch 436/500
2025-08-14 15:22:01,805 Current Learning Rate: 0.0000398841
2025-08-14 15:22:01,906 Train Loss: 0.0000261, Val Loss: 0.0000287
2025-08-14 15:22:01,906 Epoch 437/500
2025-08-14 15:24:38,118 Current Learning Rate: 0.0000386636
2025-08-14 15:24:38,119 Train Loss: 0.0000261, Val Loss: 0.0000289
2025-08-14 15:24:38,119 Epoch 438/500
2025-08-14 15:27:14,393 Current Learning Rate: 0.0000374614
2025-08-14 15:27:14,393 Train Loss: 0.0000261, Val Loss: 0.0000289
2025-08-14 15:27:14,394 Epoch 439/500
2025-08-14 15:29:50,763 Current Learning Rate: 0.0000362774
2025-08-14 15:29:50,763 Train Loss: 0.0000260, Val Loss: 0.0000289
2025-08-14 15:29:50,763 Epoch 440/500
2025-08-14 15:32:27,068 Current Learning Rate: 0.0000351118
2025-08-14 15:32:27,068 Train Loss: 0.0000261, Val Loss: 0.0000288
2025-08-14 15:32:27,069 Epoch 441/500
2025-08-14 15:35:03,448 Current Learning Rate: 0.0000339644
2025-08-14 15:35:03,544 Train Loss: 0.0000260, Val Loss: 0.0000287
2025-08-14 15:35:03,545 Epoch 442/500
2025-08-14 15:37:39,943 Current Learning Rate: 0.0000328355
2025-08-14 15:37:39,944 Train Loss: 0.0000261, Val Loss: 0.0000289
2025-08-14 15:37:39,944 Epoch 443/500
2025-08-14 15:40:16,385 Current Learning Rate: 0.0000317251
2025-08-14 15:40:16,386 Train Loss: 0.0000258, Val Loss: 0.0000288
2025-08-14 15:40:16,386 Epoch 444/500
2025-08-14 15:42:52,611 Current Learning Rate: 0.0000306331
2025-08-14 15:42:52,612 Train Loss: 0.0000261, Val Loss: 0.0000287
2025-08-14 15:42:52,612 Epoch 445/500
2025-08-14 15:45:28,770 Current Learning Rate: 0.0000295596
2025-08-14 15:45:28,772 Train Loss: 0.0000263, Val Loss: 0.0000290
2025-08-14 15:45:28,772 Epoch 446/500
2025-08-14 15:48:04,958 Current Learning Rate: 0.0000285047
2025-08-14 15:48:05,067 Train Loss: 0.0000257, Val Loss: 0.0000287
2025-08-14 15:48:05,067 Epoch 447/500
2025-08-14 15:50:41,216 Current Learning Rate: 0.0000274685
2025-08-14 15:50:41,333 Train Loss: 0.0000260, Val Loss: 0.0000287
2025-08-14 15:50:41,333 Epoch 448/500
2025-08-14 15:53:17,523 Current Learning Rate: 0.0000264508
2025-08-14 15:53:17,524 Train Loss: 0.0000259, Val Loss: 0.0000287
2025-08-14 15:53:17,525 Epoch 449/500
2025-08-14 15:55:53,809 Current Learning Rate: 0.0000254519
2025-08-14 15:55:53,887 Train Loss: 0.0000259, Val Loss: 0.0000286
2025-08-14 15:55:53,887 Epoch 450/500
2025-08-14 15:58:30,169 Current Learning Rate: 0.0000244717
2025-08-14 15:58:30,256 Train Loss: 0.0000258, Val Loss: 0.0000286
2025-08-14 15:58:30,257 Epoch 451/500
2025-08-14 16:01:06,519 Current Learning Rate: 0.0000235103
2025-08-14 16:01:06,520 Train Loss: 0.0000258, Val Loss: 0.0000286
2025-08-14 16:01:06,520 Epoch 452/500
2025-08-14 16:03:42,866 Current Learning Rate: 0.0000225677
2025-08-14 16:03:42,866 Train Loss: 0.0000258, Val Loss: 0.0000287
2025-08-14 16:03:42,867 Epoch 453/500
2025-08-14 16:06:18,754 Current Learning Rate: 0.0000216440
2025-08-14 16:06:18,755 Train Loss: 0.0000259, Val Loss: 0.0000286
2025-08-14 16:06:18,755 Epoch 454/500
2025-08-14 16:08:54,594 Current Learning Rate: 0.0000207391
2025-08-14 16:08:54,701 Train Loss: 0.0000257, Val Loss: 0.0000286
2025-08-14 16:08:54,701 Epoch 455/500
2025-08-14 16:11:32,530 Current Learning Rate: 0.0000198532
2025-08-14 16:11:32,642 Train Loss: 0.0000257, Val Loss: 0.0000285
2025-08-14 16:11:32,642 Epoch 456/500
2025-08-14 16:14:12,719 Current Learning Rate: 0.0000189862
2025-08-14 16:14:12,719 Train Loss: 0.0000258, Val Loss: 0.0000286
2025-08-14 16:14:12,719 Epoch 457/500
2025-08-14 16:16:49,159 Current Learning Rate: 0.0000181382
2025-08-14 16:16:49,160 Train Loss: 0.0000257, Val Loss: 0.0000286
2025-08-14 16:16:49,160 Epoch 458/500
2025-08-14 16:19:25,152 Current Learning Rate: 0.0000173092
2025-08-14 16:19:25,153 Train Loss: 0.0000257, Val Loss: 0.0000287
2025-08-14 16:19:25,153 Epoch 459/500
2025-08-14 16:22:00,873 Current Learning Rate: 0.0000164993
2025-08-14 16:22:00,873 Train Loss: 0.0000257, Val Loss: 0.0000286
2025-08-14 16:22:00,874 Epoch 460/500
2025-08-14 16:24:36,614 Current Learning Rate: 0.0000157084
2025-08-14 16:24:36,615 Train Loss: 0.0000258, Val Loss: 0.0000286
2025-08-14 16:24:36,615 Epoch 461/500
2025-08-14 16:27:12,094 Current Learning Rate: 0.0000149367
2025-08-14 16:27:12,094 Train Loss: 0.0000257, Val Loss: 0.0000285
2025-08-14 16:27:12,094 Epoch 462/500
2025-08-14 16:29:47,393 Current Learning Rate: 0.0000141841
2025-08-14 16:29:47,393 Train Loss: 0.0000257, Val Loss: 0.0000285
2025-08-14 16:29:47,393 Epoch 463/500
2025-08-14 16:32:22,866 Current Learning Rate: 0.0000134507
2025-08-14 16:32:22,976 Train Loss: 0.0000256, Val Loss: 0.0000284
2025-08-14 16:32:22,976 Epoch 464/500
2025-08-14 16:34:58,681 Current Learning Rate: 0.0000127366
2025-08-14 16:34:58,681 Train Loss: 0.0000255, Val Loss: 0.0000285
2025-08-14 16:34:58,681 Epoch 465/500
2025-08-14 16:37:34,454 Current Learning Rate: 0.0000120416
2025-08-14 16:37:34,529 Train Loss: 0.0000257, Val Loss: 0.0000284
2025-08-14 16:37:34,529 Epoch 466/500
2025-08-14 16:40:10,163 Current Learning Rate: 0.0000113659
2025-08-14 16:40:10,164 Train Loss: 0.0000256, Val Loss: 0.0000285
2025-08-14 16:40:10,164 Epoch 467/500
2025-08-14 16:42:45,611 Current Learning Rate: 0.0000107095
2025-08-14 16:42:45,612 Train Loss: 0.0000257, Val Loss: 0.0000285
2025-08-14 16:42:45,612 Epoch 468/500
2025-08-14 16:45:21,228 Current Learning Rate: 0.0000100725
2025-08-14 16:45:21,228 Train Loss: 0.0000257, Val Loss: 0.0000285
2025-08-14 16:45:21,229 Epoch 469/500
2025-08-14 16:47:56,476 Current Learning Rate: 0.0000094547
2025-08-14 16:47:56,607 Train Loss: 0.0000256, Val Loss: 0.0000284
2025-08-14 16:47:56,607 Epoch 470/500
2025-08-14 16:50:31,857 Current Learning Rate: 0.0000088564
2025-08-14 16:50:31,857 Train Loss: 0.0000256, Val Loss: 0.0000284
2025-08-14 16:50:31,857 Epoch 471/500
2025-08-14 16:53:07,286 Current Learning Rate: 0.0000082774
2025-08-14 16:53:07,395 Train Loss: 0.0000256, Val Loss: 0.0000284
2025-08-14 16:53:07,395 Epoch 472/500
2025-08-14 16:55:42,932 Current Learning Rate: 0.0000077178
2025-08-14 16:55:42,933 Train Loss: 0.0000256, Val Loss: 0.0000284
2025-08-14 16:55:42,933 Epoch 473/500
2025-08-14 16:58:18,527 Current Learning Rate: 0.0000071777
2025-08-14 16:58:18,528 Train Loss: 0.0000255, Val Loss: 0.0000284
2025-08-14 16:58:18,528 Epoch 474/500
2025-08-14 17:00:53,916 Current Learning Rate: 0.0000066570
2025-08-14 17:00:53,916 Train Loss: 0.0000256, Val Loss: 0.0000284
2025-08-14 17:00:53,916 Epoch 475/500
2025-08-14 17:03:29,313 Current Learning Rate: 0.0000061558
2025-08-14 17:03:29,313 Train Loss: 0.0000256, Val Loss: 0.0000284
2025-08-14 17:03:29,313 Epoch 476/500
2025-08-14 17:06:05,051 Current Learning Rate: 0.0000056741
2025-08-14 17:06:05,051 Train Loss: 0.0000259, Val Loss: 0.0000284
2025-08-14 17:06:05,052 Epoch 477/500
2025-08-14 17:08:41,322 Current Learning Rate: 0.0000052119
2025-08-14 17:08:41,322 Train Loss: 0.0000256, Val Loss: 0.0000284
2025-08-14 17:08:41,323 Epoch 478/500
2025-08-14 17:11:17,632 Current Learning Rate: 0.0000047693
2025-08-14 17:11:17,632 Train Loss: 0.0000254, Val Loss: 0.0000284
2025-08-14 17:11:17,632 Epoch 479/500
2025-08-14 17:13:53,979 Current Learning Rate: 0.0000043462
2025-08-14 17:13:54,112 Train Loss: 0.0000257, Val Loss: 0.0000284
2025-08-14 17:13:54,112 Epoch 480/500
2025-08-14 17:16:30,787 Current Learning Rate: 0.0000039426
2025-08-14 17:16:30,788 Train Loss: 0.0000254, Val Loss: 0.0000284
2025-08-14 17:16:30,788 Epoch 481/500
2025-08-14 17:19:07,386 Current Learning Rate: 0.0000035587
2025-08-14 17:19:07,386 Train Loss: 0.0000255, Val Loss: 0.0000284
2025-08-14 17:19:07,387 Epoch 482/500
2025-08-14 17:21:44,084 Current Learning Rate: 0.0000031943
2025-08-14 17:21:44,164 Train Loss: 0.0000255, Val Loss: 0.0000284
2025-08-14 17:21:44,164 Epoch 483/500
2025-08-14 17:24:20,795 Current Learning Rate: 0.0000028496
2025-08-14 17:24:20,796 Train Loss: 0.0000255, Val Loss: 0.0000284
2025-08-14 17:24:20,796 Epoch 484/500
2025-08-14 17:26:57,119 Current Learning Rate: 0.0000025245
2025-08-14 17:26:57,120 Train Loss: 0.0000255, Val Loss: 0.0000284
2025-08-14 17:26:57,120 Epoch 485/500
2025-08-14 17:29:33,906 Current Learning Rate: 0.0000022190
2025-08-14 17:29:33,981 Train Loss: 0.0000254, Val Loss: 0.0000283
2025-08-14 17:29:33,981 Epoch 486/500
2025-08-14 17:32:10,459 Current Learning Rate: 0.0000019332
2025-08-14 17:32:10,459 Train Loss: 0.0000255, Val Loss: 0.0000283
2025-08-14 17:32:10,459 Epoch 487/500
2025-08-14 17:34:46,636 Current Learning Rate: 0.0000016670
2025-08-14 17:34:46,637 Train Loss: 0.0000254, Val Loss: 0.0000284
2025-08-14 17:34:46,637 Epoch 488/500
2025-08-14 17:37:22,973 Current Learning Rate: 0.0000014205
2025-08-14 17:37:22,974 Train Loss: 0.0000255, Val Loss: 0.0000283
2025-08-14 17:37:22,974 Epoch 489/500
2025-08-14 17:39:58,953 Current Learning Rate: 0.0000011937
2025-08-14 17:39:58,954 Train Loss: 0.0000256, Val Loss: 0.0000284
2025-08-14 17:39:58,954 Epoch 490/500
2025-08-14 17:42:35,392 Current Learning Rate: 0.0000009866
2025-08-14 17:42:35,392 Train Loss: 0.0000255, Val Loss: 0.0000283
2025-08-14 17:42:35,393 Epoch 491/500
2025-08-14 17:45:12,243 Current Learning Rate: 0.0000007992
2025-08-14 17:45:12,244 Train Loss: 0.0000255, Val Loss: 0.0000283
2025-08-14 17:45:12,244 Epoch 492/500
2025-08-14 17:47:48,915 Current Learning Rate: 0.0000006315
2025-08-14 17:47:48,916 Train Loss: 0.0000255, Val Loss: 0.0000283
2025-08-14 17:47:48,916 Epoch 493/500
2025-08-14 17:50:25,477 Current Learning Rate: 0.0000004835
2025-08-14 17:50:25,477 Train Loss: 0.0000254, Val Loss: 0.0000283
2025-08-14 17:50:25,477 Epoch 494/500
2025-08-14 17:53:02,349 Current Learning Rate: 0.0000003553
2025-08-14 17:53:02,350 Train Loss: 0.0000254, Val Loss: 0.0000283
2025-08-14 17:53:02,350 Epoch 495/500
2025-08-14 17:55:39,359 Current Learning Rate: 0.0000002467
2025-08-14 17:55:39,359 Train Loss: 0.0000255, Val Loss: 0.0000284
2025-08-14 17:55:39,360 Epoch 496/500
2025-08-14 17:58:16,525 Current Learning Rate: 0.0000001579
2025-08-14 17:58:16,526 Train Loss: 0.0000254, Val Loss: 0.0000283
2025-08-14 17:58:16,526 Epoch 497/500
2025-08-14 18:00:53,933 Current Learning Rate: 0.0000000888
2025-08-14 18:00:53,935 Train Loss: 0.0000253, Val Loss: 0.0000283
2025-08-14 18:00:53,935 Epoch 498/500
2025-08-14 18:03:31,189 Current Learning Rate: 0.0000000395
2025-08-14 18:03:31,189 Train Loss: 0.0000257, Val Loss: 0.0000283
2025-08-14 18:03:31,190 Epoch 499/500
2025-08-14 18:06:08,170 Current Learning Rate: 0.0000000099
2025-08-14 18:06:08,171 Train Loss: 0.0000255, Val Loss: 0.0000283
2025-08-14 18:06:08,171 Epoch 500/500
2025-08-14 18:08:44,722 Current Learning Rate: 0.0000000000
2025-08-14 18:08:44,723 Train Loss: 0.0000255, Val Loss: 0.0000283
