2025-09-09 15:29:09,277 Added key: store_based_barrier_key:1 to store for rank: 3
2025-09-09 15:29:10,091 Added key: store_based_barrier_key:1 to store for rank: 7
2025-09-09 15:29:10,118 Added key: store_based_barrier_key:1 to store for rank: 4
2025-09-09 15:29:10,171 Added key: store_based_barrier_key:1 to store for rank: 5
2025-09-09 15:29:10,250 Added key: store_based_barrier_key:1 to store for rank: 2
2025-09-09 15:29:10,259 Added key: store_based_barrier_key:1 to store for rank: 1
2025-09-09 15:29:10,268 Added key: store_based_barrier_key:1 to store for rank: 6
2025-09-09 15:29:10,274 Added key: store_based_barrier_key:1 to store for rank: 0
2025-09-09 15:31:36,645 Epoch 1/500
2025-09-09 15:31:38,338 Reducer buckets have been rebuilt in this iteration.
2025-09-09 15:31:38,338 Reducer buckets have been rebuilt in this iteration.
2025-09-09 15:31:38,338 Reducer buckets have been rebuilt in this iteration.
2025-09-09 15:31:38,338 Reducer buckets have been rebuilt in this iteration.
2025-09-09 15:31:38,338 Reducer buckets have been rebuilt in this iteration.
2025-09-09 15:31:38,338 Reducer buckets have been rebuilt in this iteration.
2025-09-09 15:31:38,338 Reducer buckets have been rebuilt in this iteration.
2025-09-09 15:31:38,338 Reducer buckets have been rebuilt in this iteration.
2025-09-09 15:36:02,404 Current Learning Rate: 0.0009999901
2025-09-09 15:36:06,519 New best model saved with validation loss: 0.0177005
2025-09-09 15:36:06,519 Train Loss: 0.0471320, Val Loss: 0.0177005
2025-09-09 15:36:06,519 Epoch 2/500
2025-09-09 15:40:30,042 Current Learning Rate: 0.0009999605
2025-09-09 15:40:30,247 New best model saved with validation loss: 0.0067752
2025-09-09 15:40:30,247 Train Loss: 0.0120883, Val Loss: 0.0067752
2025-09-09 15:40:30,247 Epoch 3/500
2025-09-09 15:44:53,503 Current Learning Rate: 0.0009999112
2025-09-09 15:44:53,843 New best model saved with validation loss: 0.0037033
2025-09-09 15:44:53,844 Train Loss: 0.0049908, Val Loss: 0.0037033
2025-09-09 15:44:53,844 Epoch 4/500
2025-09-09 15:49:17,328 Current Learning Rate: 0.0009998421
2025-09-09 15:49:17,328 Train Loss: 0.0029087, Val Loss: 0.0083408
2025-09-09 15:49:17,329 Epoch 5/500
2025-09-09 15:53:40,825 Current Learning Rate: 0.0009997533
2025-09-09 15:53:41,284 New best model saved with validation loss: 0.0017887
2025-09-09 15:53:41,284 Train Loss: 0.0021534, Val Loss: 0.0017887
2025-09-09 15:53:41,284 Epoch 6/500
2025-09-09 15:58:05,552 Current Learning Rate: 0.0009996447
2025-09-09 15:58:05,552 Train Loss: 0.0017040, Val Loss: 0.0028538
2025-09-09 15:58:05,553 Epoch 7/500
2025-09-09 16:02:29,038 Current Learning Rate: 0.0009995165
2025-09-09 16:02:29,239 New best model saved with validation loss: 0.0012179
2025-09-09 16:02:29,239 Train Loss: 0.0014493, Val Loss: 0.0012179
2025-09-09 16:02:29,239 Epoch 8/500
2025-09-09 16:06:53,165 Current Learning Rate: 0.0009993685
2025-09-09 16:06:53,377 New best model saved with validation loss: 0.0009160
2025-09-09 16:06:53,377 Train Loss: 0.0012568, Val Loss: 0.0009160
2025-09-09 16:06:53,377 Epoch 9/500
2025-09-09 16:11:17,360 Current Learning Rate: 0.0009992008
2025-09-09 16:11:17,556 New best model saved with validation loss: 0.0008441
2025-09-09 16:11:17,556 Train Loss: 0.0011165, Val Loss: 0.0008441
2025-09-09 16:11:17,556 Epoch 10/500
2025-09-09 16:15:41,559 Current Learning Rate: 0.0009990134
2025-09-09 16:15:41,559 Train Loss: 0.0009662, Val Loss: 0.0008707
2025-09-09 16:15:41,559 Epoch 11/500
2025-09-09 16:20:05,663 Current Learning Rate: 0.0009988063
2025-09-09 16:20:05,664 Train Loss: 0.0008897, Val Loss: 0.0016745
2025-09-09 16:20:05,664 Epoch 12/500
2025-09-09 16:24:29,710 Current Learning Rate: 0.0009985795
2025-09-09 16:24:30,130 New best model saved with validation loss: 0.0007257
2025-09-09 16:24:30,131 Train Loss: 0.0007791, Val Loss: 0.0007257
2025-09-09 16:24:30,131 Epoch 13/500
2025-09-09 16:28:53,795 Current Learning Rate: 0.0009983330
2025-09-09 16:28:53,796 Train Loss: 0.0007218, Val Loss: 0.0007516
2025-09-09 16:28:53,796 Epoch 14/500
2025-09-09 16:33:17,770 Current Learning Rate: 0.0009980668
2025-09-09 16:33:18,043 New best model saved with validation loss: 0.0006371
2025-09-09 16:33:18,043 Train Loss: 0.0006330, Val Loss: 0.0006371
2025-09-09 16:33:18,043 Epoch 15/500
2025-09-09 16:37:41,934 Current Learning Rate: 0.0009977810
2025-09-09 16:37:42,189 New best model saved with validation loss: 0.0004635
2025-09-09 16:37:42,189 Train Loss: 0.0005925, Val Loss: 0.0004635
2025-09-09 16:37:42,189 Epoch 16/500
2025-09-09 16:42:06,137 Current Learning Rate: 0.0009974755
2025-09-09 16:42:06,138 Train Loss: 0.0005508, Val Loss: 0.0006578
2025-09-09 16:42:06,138 Epoch 17/500
2025-09-09 16:46:30,007 Current Learning Rate: 0.0009971504
2025-09-09 16:46:30,273 New best model saved with validation loss: 0.0003852
2025-09-09 16:46:30,273 Train Loss: 0.0004963, Val Loss: 0.0003852
2025-09-09 16:46:30,274 Epoch 18/500
2025-09-09 16:50:54,086 Current Learning Rate: 0.0009968057
2025-09-09 16:50:54,086 Train Loss: 0.0004594, Val Loss: 0.0005082
2025-09-09 16:50:54,087 Epoch 19/500
2025-09-09 16:55:17,763 Current Learning Rate: 0.0009964413
2025-09-09 16:55:17,763 Train Loss: 0.0004242, Val Loss: 0.0004279
2025-09-09 16:55:17,763 Epoch 20/500
2025-09-09 16:59:41,797 Current Learning Rate: 0.0009960574
2025-09-09 16:59:41,797 Train Loss: 0.0003951, Val Loss: 0.0004247
2025-09-09 16:59:41,798 Epoch 21/500
2025-09-09 17:04:06,060 Current Learning Rate: 0.0009956538
2025-09-09 17:04:06,291 New best model saved with validation loss: 0.0003201
2025-09-09 17:04:06,291 Train Loss: 0.0003652, Val Loss: 0.0003201
2025-09-09 17:04:06,292 Epoch 22/500
2025-09-09 17:08:30,236 Current Learning Rate: 0.0009952307
2025-09-09 17:08:30,683 New best model saved with validation loss: 0.0002545
2025-09-09 17:08:30,683 Train Loss: 0.0003446, Val Loss: 0.0002545
2025-09-09 17:08:30,683 Epoch 23/500
2025-09-09 17:12:54,514 Current Learning Rate: 0.0009947881
2025-09-09 17:12:54,514 Train Loss: 0.0003217, Val Loss: 0.0003973
2025-09-09 17:12:54,514 Epoch 24/500
2025-09-09 17:17:18,229 Current Learning Rate: 0.0009943259
2025-09-09 17:17:18,230 Train Loss: 0.0003036, Val Loss: 0.0004013
2025-09-09 17:17:18,230 Epoch 25/500
2025-09-09 17:21:41,954 Current Learning Rate: 0.0009938442
2025-09-09 17:21:41,954 Train Loss: 0.0002871, Val Loss: 0.0002598
2025-09-09 17:21:41,954 Epoch 26/500
2025-09-09 17:26:05,908 Current Learning Rate: 0.0009933430
2025-09-09 17:26:06,144 New best model saved with validation loss: 0.0001913
2025-09-09 17:26:06,144 Train Loss: 0.0002713, Val Loss: 0.0001913
2025-09-09 17:26:06,144 Epoch 27/500
2025-09-09 17:30:30,229 Current Learning Rate: 0.0009928223
2025-09-09 17:30:30,230 Train Loss: 0.0002627, Val Loss: 0.0002080
2025-09-09 17:30:30,230 Epoch 28/500
2025-09-09 17:34:54,155 Current Learning Rate: 0.0009922822
2025-09-09 17:34:54,156 Train Loss: 0.0002366, Val Loss: 0.0002061
2025-09-09 17:34:54,157 Epoch 29/500
2025-09-09 17:39:18,246 Current Learning Rate: 0.0009917226
2025-09-09 17:39:18,247 Train Loss: 0.0002303, Val Loss: 0.0002458
2025-09-09 17:39:18,247 Epoch 30/500
2025-09-09 17:43:42,228 Current Learning Rate: 0.0009911436
2025-09-09 17:43:42,229 Train Loss: 0.0002197, Val Loss: 0.0002857
2025-09-09 17:43:42,229 Epoch 31/500
2025-09-09 17:48:06,118 Current Learning Rate: 0.0009905453
2025-09-09 17:48:06,487 New best model saved with validation loss: 0.0001787
2025-09-09 17:48:06,487 Train Loss: 0.0002030, Val Loss: 0.0001787
2025-09-09 17:48:06,490 Epoch 32/500
2025-09-09 17:52:30,229 Current Learning Rate: 0.0009899275
2025-09-09 17:52:30,229 Train Loss: 0.0002121, Val Loss: 0.0002203
2025-09-09 17:52:30,230 Epoch 33/500
2025-09-09 17:56:54,105 Current Learning Rate: 0.0009892905
2025-09-09 17:56:54,596 New best model saved with validation loss: 0.0001731
2025-09-09 17:56:54,596 Train Loss: 0.0001941, Val Loss: 0.0001731
2025-09-09 17:56:54,596 Epoch 34/500
2025-09-09 18:01:18,415 Current Learning Rate: 0.0009886341
2025-09-09 18:01:18,416 Train Loss: 0.0001877, Val Loss: 0.0001792
2025-09-09 18:01:18,416 Epoch 35/500
2025-09-09 18:05:42,197 Current Learning Rate: 0.0009879584
2025-09-09 18:05:42,696 New best model saved with validation loss: 0.0001488
2025-09-09 18:05:42,696 Train Loss: 0.0001791, Val Loss: 0.0001488
2025-09-09 18:05:42,696 Epoch 36/500
2025-09-09 18:10:06,113 Current Learning Rate: 0.0009872634
2025-09-09 18:10:06,114 Train Loss: 0.0001750, Val Loss: 0.0001981
2025-09-09 18:10:06,114 Epoch 37/500
2025-09-09 18:14:30,130 Current Learning Rate: 0.0009865493
2025-09-09 18:14:30,131 Train Loss: 0.0001679, Val Loss: 0.0001997
2025-09-09 18:14:30,131 Epoch 38/500
2025-09-09 18:18:53,930 Current Learning Rate: 0.0009858159
2025-09-09 18:18:53,930 Train Loss: 0.0001649, Val Loss: 0.0002068
2025-09-09 18:18:53,930 Epoch 39/500
2025-09-09 18:23:17,848 Current Learning Rate: 0.0009850633
2025-09-09 18:23:17,849 Train Loss: 0.0001555, Val Loss: 0.0001597
2025-09-09 18:23:17,849 Epoch 40/500
2025-09-09 18:27:41,760 Current Learning Rate: 0.0009842916
2025-09-09 18:27:42,037 New best model saved with validation loss: 0.0001434
2025-09-09 18:27:42,037 Train Loss: 0.0001532, Val Loss: 0.0001434
2025-09-09 18:27:42,037 Epoch 41/500
2025-09-09 18:32:06,344 Current Learning Rate: 0.0009835007
2025-09-09 18:32:06,345 Train Loss: 0.0001498, Val Loss: 0.0001559
2025-09-09 18:32:06,347 Epoch 42/500
2025-09-09 18:36:30,404 Current Learning Rate: 0.0009826908
2025-09-09 18:36:30,404 Train Loss: 0.0001455, Val Loss: 0.0002180
2025-09-09 18:36:30,405 Epoch 43/500
2025-09-09 18:40:54,317 Current Learning Rate: 0.0009818618
2025-09-09 18:40:54,318 Train Loss: 0.0001381, Val Loss: 0.0002950
2025-09-09 18:40:54,318 Epoch 44/500
2025-09-09 18:45:17,965 Current Learning Rate: 0.0009810138
2025-09-09 18:45:17,966 Train Loss: 0.0001373, Val Loss: 0.0001930
2025-09-09 18:45:17,966 Epoch 45/500
2025-09-09 18:49:41,721 Current Learning Rate: 0.0009801468
2025-09-09 18:49:41,722 Train Loss: 0.0001302, Val Loss: 0.0001469
2025-09-09 18:49:41,722 Epoch 46/500
2025-09-09 18:54:05,868 Current Learning Rate: 0.0009792609
2025-09-09 18:54:06,124 New best model saved with validation loss: 0.0001183
2025-09-09 18:54:06,124 Train Loss: 0.0001280, Val Loss: 0.0001183
2025-09-09 18:54:06,124 Epoch 47/500
2025-09-09 18:58:30,231 Current Learning Rate: 0.0009783560
2025-09-09 18:58:30,232 Train Loss: 0.0066859, Val Loss: 0.0011402
2025-09-09 18:58:30,232 Epoch 48/500
2025-09-09 19:02:54,274 Current Learning Rate: 0.0009774323
2025-09-09 19:02:54,274 Train Loss: 0.0007477, Val Loss: 0.0004131
2025-09-09 19:02:54,275 Epoch 49/500
2025-09-09 19:07:17,959 Current Learning Rate: 0.0009764897
2025-09-09 19:07:17,959 Train Loss: 0.0004354, Val Loss: 0.0003157
2025-09-09 19:07:17,960 Epoch 50/500
2025-09-09 19:11:41,314 Current Learning Rate: 0.0009755283
2025-09-09 19:11:41,315 Train Loss: 0.0003261, Val Loss: 0.0002467
2025-09-09 19:11:41,315 Epoch 51/500
2025-09-09 19:16:04,736 Current Learning Rate: 0.0009745481
2025-09-09 19:16:04,736 Train Loss: 0.0002620, Val Loss: 0.0002172
2025-09-09 19:16:04,736 Epoch 52/500
2025-09-09 19:20:28,148 Current Learning Rate: 0.0009735492
2025-09-09 19:20:28,149 Train Loss: 0.0002352, Val Loss: 0.0002283
2025-09-09 19:20:28,149 Epoch 53/500
2025-09-09 19:24:51,511 Current Learning Rate: 0.0009725315
2025-09-09 19:24:51,511 Train Loss: 0.0002073, Val Loss: 0.0001757
2025-09-09 19:24:51,512 Epoch 54/500
2025-09-09 19:29:14,763 Current Learning Rate: 0.0009714953
2025-09-09 19:29:14,763 Train Loss: 0.0001973, Val Loss: 0.0001515
2025-09-09 19:29:14,763 Epoch 55/500
2025-09-09 19:33:37,909 Current Learning Rate: 0.0009704404
2025-09-09 19:33:37,909 Train Loss: 0.0001840, Val Loss: 0.0001610
2025-09-09 19:33:37,910 Epoch 56/500
2025-09-09 19:38:01,275 Current Learning Rate: 0.0009693669
2025-09-09 19:38:01,275 Train Loss: 0.0001710, Val Loss: 0.0001941
2025-09-09 19:38:01,275 Epoch 57/500
2025-09-09 19:42:24,879 Current Learning Rate: 0.0009682749
2025-09-09 19:42:24,879 Train Loss: 0.0001559, Val Loss: 0.0001362
2025-09-09 19:42:24,880 Epoch 58/500
2025-09-09 19:46:48,761 Current Learning Rate: 0.0009671645
2025-09-09 19:46:48,762 Train Loss: 0.0001602, Val Loss: 0.0001276
2025-09-09 19:46:48,762 Epoch 59/500
2025-09-09 19:51:12,762 Current Learning Rate: 0.0009660356
2025-09-09 19:51:12,763 Train Loss: 0.0001399, Val Loss: 0.0001316
2025-09-09 19:51:12,763 Epoch 60/500
2025-09-09 19:55:36,660 Current Learning Rate: 0.0009648882
2025-09-09 19:55:36,661 Train Loss: 0.0009439, Val Loss: 0.0008918
2025-09-09 19:55:36,661 Epoch 61/500
2025-09-09 20:00:00,605 Current Learning Rate: 0.0009637226
2025-09-09 20:00:00,606 Train Loss: 0.0004203, Val Loss: 0.0004234
2025-09-09 20:00:00,606 Epoch 62/500
2025-09-09 20:04:24,682 Current Learning Rate: 0.0009625386
2025-09-09 20:04:24,683 Train Loss: 0.0001996, Val Loss: 0.0001361
2025-09-09 20:04:24,683 Epoch 63/500
2025-09-09 20:08:48,656 Current Learning Rate: 0.0009613364
2025-09-09 20:08:48,657 Train Loss: 0.0001606, Val Loss: 0.0001301
2025-09-09 20:08:48,657 Epoch 64/500
2025-09-09 20:13:12,279 Current Learning Rate: 0.0009601159
2025-09-09 20:13:12,279 Train Loss: 0.0001472, Val Loss: 0.0003122
2025-09-09 20:13:12,280 Epoch 65/500
2025-09-09 20:17:35,778 Current Learning Rate: 0.0009588773
2025-09-09 20:17:35,779 Train Loss: 0.0001397, Val Loss: 0.0002276
2025-09-09 20:17:35,779 Epoch 66/500
2025-09-09 20:21:59,502 Current Learning Rate: 0.0009576206
2025-09-09 20:21:59,944 New best model saved with validation loss: 0.0001144
2025-09-09 20:21:59,944 Train Loss: 0.0001315, Val Loss: 0.0001144
2025-09-09 20:21:59,944 Epoch 67/500
2025-09-09 20:26:23,659 Current Learning Rate: 0.0009563458
2025-09-09 20:26:23,659 Train Loss: 0.0001298, Val Loss: 0.0001233
2025-09-09 20:26:23,660 Epoch 68/500
2025-09-09 20:30:47,381 Current Learning Rate: 0.0009550530
2025-09-09 20:30:47,613 New best model saved with validation loss: 0.0001017
2025-09-09 20:30:47,613 Train Loss: 0.0001209, Val Loss: 0.0001017
2025-09-09 20:30:47,614 Epoch 69/500
2025-09-09 20:35:11,317 Current Learning Rate: 0.0009537422
2025-09-09 20:35:11,318 Train Loss: 0.0001206, Val Loss: 0.0001630
2025-09-09 20:35:11,318 Epoch 70/500
2025-09-09 20:39:35,027 Current Learning Rate: 0.0009524135
2025-09-09 20:39:35,307 New best model saved with validation loss: 0.0000993
2025-09-09 20:39:35,307 Train Loss: 0.0001140, Val Loss: 0.0000993
2025-09-09 20:39:35,307 Epoch 71/500
2025-09-09 20:43:58,879 Current Learning Rate: 0.0009510670
2025-09-09 20:43:58,879 Train Loss: 0.0001093, Val Loss: 0.0001054
2025-09-09 20:43:58,879 Epoch 72/500
2025-09-09 20:48:22,419 Current Learning Rate: 0.0009497026
2025-09-09 20:48:22,419 Train Loss: 0.0008207, Val Loss: 0.0002806
2025-09-09 20:48:22,420 Epoch 73/500
2025-09-09 20:52:46,177 Current Learning Rate: 0.0009483205
2025-09-09 20:52:46,177 Train Loss: 0.0002509, Val Loss: 0.0002800
2025-09-09 20:52:46,178 Epoch 74/500
2025-09-09 20:57:09,917 Current Learning Rate: 0.0009469207
2025-09-09 20:57:09,917 Train Loss: 0.0001434, Val Loss: 0.0001679
2025-09-09 20:57:09,918 Epoch 75/500
2025-09-09 21:01:33,764 Current Learning Rate: 0.0009455033
2025-09-09 21:01:33,764 Train Loss: 0.0001254, Val Loss: 0.0001342
2025-09-09 21:01:33,764 Epoch 76/500
2025-09-09 21:05:57,519 Current Learning Rate: 0.0009440682
2025-09-09 21:05:57,519 Train Loss: 0.0001169, Val Loss: 0.0001103
2025-09-09 21:05:57,520 Epoch 77/500
2025-09-09 21:10:21,093 Current Learning Rate: 0.0009426157
2025-09-09 21:10:21,307 New best model saved with validation loss: 0.0000913
2025-09-09 21:10:21,307 Train Loss: 0.0001137, Val Loss: 0.0000913
2025-09-09 21:10:21,308 Epoch 78/500
2025-09-09 21:14:45,090 Current Learning Rate: 0.0009411456
2025-09-09 21:14:45,091 Train Loss: 0.0001067, Val Loss: 0.0001406
2025-09-09 21:14:45,091 Epoch 79/500
2025-09-09 21:19:08,871 Current Learning Rate: 0.0009396582
2025-09-09 21:19:09,232 New best model saved with validation loss: 0.0000818
2025-09-09 21:19:09,232 Train Loss: 0.0001120, Val Loss: 0.0000818
2025-09-09 21:19:09,232 Epoch 80/500
2025-09-09 21:23:54,739 Current Learning Rate: 0.0009381533
2025-09-09 21:23:54,740 Train Loss: 0.0001003, Val Loss: 0.0000823
2025-09-09 21:23:54,740 Epoch 81/500
2025-09-09 21:28:51,750 Current Learning Rate: 0.0009366312
2025-09-09 21:28:51,750 Train Loss: 0.0001020, Val Loss: 0.0000941
2025-09-09 21:28:51,751 Epoch 82/500
2025-09-09 21:33:48,826 Current Learning Rate: 0.0009350919
2025-09-09 21:33:48,827 Train Loss: 0.0000947, Val Loss: 0.0001123
2025-09-09 21:33:48,827 Epoch 83/500
2025-09-09 21:38:45,429 Current Learning Rate: 0.0009335354
2025-09-09 21:38:45,430 Train Loss: 0.0000959, Val Loss: 0.0001135
2025-09-09 21:38:45,430 Epoch 84/500
2025-09-09 21:43:11,471 Current Learning Rate: 0.0009319617
2025-09-09 21:43:11,472 Train Loss: 0.0004787, Val Loss: 0.0002394
2025-09-09 21:43:11,472 Epoch 85/500
2025-09-09 21:48:23,322 Current Learning Rate: 0.0009303710
2025-09-09 21:48:23,322 Train Loss: 0.0001541, Val Loss: 0.0001094
2025-09-09 21:48:23,322 Epoch 86/500
2025-09-09 21:54:01,145 Current Learning Rate: 0.0009287633
2025-09-09 21:54:01,391 New best model saved with validation loss: 0.0000759
2025-09-09 21:54:01,392 Train Loss: 0.0001081, Val Loss: 0.0000759
2025-09-09 21:54:01,392 Epoch 87/500
2025-09-09 21:59:38,447 Current Learning Rate: 0.0009271387
2025-09-09 21:59:38,659 New best model saved with validation loss: 0.0000743
2025-09-09 21:59:38,659 Train Loss: 0.0000962, Val Loss: 0.0000743
2025-09-09 21:59:38,659 Epoch 88/500
2025-09-09 22:05:13,861 Current Learning Rate: 0.0009254972
2025-09-09 22:05:13,861 Train Loss: 0.0000925, Val Loss: 0.0001318
2025-09-09 22:05:13,861 Epoch 89/500
2025-09-09 22:10:18,146 Current Learning Rate: 0.0009238390
2025-09-09 22:10:18,147 Train Loss: 0.0000927, Val Loss: 0.0000750
2025-09-09 22:10:18,147 Epoch 90/500
2025-09-09 22:14:41,865 Current Learning Rate: 0.0009221640
2025-09-09 22:14:42,081 New best model saved with validation loss: 0.0000706
2025-09-09 22:14:42,081 Train Loss: 0.0000927, Val Loss: 0.0000706
2025-09-09 22:14:42,081 Epoch 91/500
2025-09-09 22:19:28,511 Current Learning Rate: 0.0009204723
2025-09-09 22:19:28,511 Train Loss: 0.0000861, Val Loss: 0.0000714
2025-09-09 22:19:28,512 Epoch 92/500
2025-09-09 22:24:54,596 Current Learning Rate: 0.0009187640
2025-09-09 22:24:54,597 Train Loss: 0.0000851, Val Loss: 0.0000715
2025-09-09 22:24:54,597 Epoch 93/500
2025-09-09 22:30:21,375 Current Learning Rate: 0.0009170392
2025-09-09 22:30:21,376 Train Loss: 0.0000825, Val Loss: 0.0000793
2025-09-09 22:30:21,376 Epoch 94/500
2025-09-09 22:35:44,633 Current Learning Rate: 0.0009152979
2025-09-09 22:35:44,633 Train Loss: 0.0000832, Val Loss: 0.0000951
2025-09-09 22:35:44,634 Epoch 95/500
2025-09-09 22:40:46,798 Current Learning Rate: 0.0009135403
2025-09-09 22:40:46,799 Train Loss: 0.0000789, Val Loss: 0.0000730
2025-09-09 22:40:46,799 Epoch 96/500
2025-09-09 22:45:10,592 Current Learning Rate: 0.0009117663
2025-09-09 22:45:10,798 New best model saved with validation loss: 0.0000653
2025-09-09 22:45:10,799 Train Loss: 0.0000791, Val Loss: 0.0000653
2025-09-09 22:45:10,799 Epoch 97/500
2025-09-09 22:49:34,476 Current Learning Rate: 0.0009099761
2025-09-09 22:49:34,684 New best model saved with validation loss: 0.0000632
2025-09-09 22:49:34,684 Train Loss: 0.0000762, Val Loss: 0.0000632
2025-09-09 22:49:34,684 Epoch 98/500
2025-09-09 22:53:58,575 Current Learning Rate: 0.0009081696
2025-09-09 22:53:58,575 Train Loss: 0.0000753, Val Loss: 0.0000715
2025-09-09 22:53:58,576 Epoch 99/500
2025-09-09 22:58:22,371 Current Learning Rate: 0.0009063471
2025-09-09 22:58:22,565 New best model saved with validation loss: 0.0000594
2025-09-09 22:58:22,565 Train Loss: 0.0000749, Val Loss: 0.0000594
2025-09-09 22:58:22,565 Epoch 100/500
2025-09-09 23:02:46,289 Current Learning Rate: 0.0009045085
2025-09-09 23:02:46,290 Train Loss: 0.0000716, Val Loss: 0.0000836
2025-09-09 23:02:46,290 Epoch 101/500
2025-09-09 23:07:09,858 Current Learning Rate: 0.0009026539
2025-09-09 23:07:09,858 Train Loss: 0.0000731, Val Loss: 0.0000752
2025-09-09 23:07:09,858 Epoch 102/500
2025-09-09 23:11:33,341 Current Learning Rate: 0.0009007835
2025-09-09 23:11:33,341 Train Loss: 0.0006028, Val Loss: 0.0001710
2025-09-09 23:11:33,341 Epoch 103/500
2025-09-09 23:15:56,756 Current Learning Rate: 0.0008988972
2025-09-09 23:15:56,756 Train Loss: 0.0000988, Val Loss: 0.0000807
2025-09-09 23:15:56,756 Epoch 104/500
2025-09-09 23:20:20,189 Current Learning Rate: 0.0008969952
2025-09-09 23:20:20,189 Train Loss: 0.0000841, Val Loss: 0.0000649
2025-09-09 23:20:20,189 Epoch 105/500
2025-09-09 23:24:43,623 Current Learning Rate: 0.0008950775
2025-09-09 23:24:43,624 Train Loss: 0.0000757, Val Loss: 0.0000706
2025-09-09 23:24:43,624 Epoch 106/500
2025-09-09 23:29:07,052 Current Learning Rate: 0.0008931442
2025-09-09 23:29:07,052 Train Loss: 0.0000737, Val Loss: 0.0000833
2025-09-09 23:29:07,052 Epoch 107/500
2025-09-09 23:33:30,489 Current Learning Rate: 0.0008911954
2025-09-09 23:33:30,489 Train Loss: 0.0000747, Val Loss: 0.0000673
2025-09-09 23:33:30,490 Epoch 108/500
2025-09-09 23:37:53,994 Current Learning Rate: 0.0008892312
2025-09-09 23:37:53,994 Train Loss: 0.0000718, Val Loss: 0.0000624
2025-09-09 23:37:53,994 Epoch 109/500
2025-09-09 23:42:17,463 Current Learning Rate: 0.0008872515
2025-09-09 23:42:17,463 Train Loss: 0.0000686, Val Loss: 0.0000634
2025-09-09 23:42:17,463 Epoch 110/500
2025-09-09 23:46:40,945 Current Learning Rate: 0.0008852566
2025-09-09 23:46:40,946 Train Loss: 0.0000704, Val Loss: 0.0000651
2025-09-09 23:46:40,946 Epoch 111/500
2025-09-09 23:51:04,409 Current Learning Rate: 0.0008832465
2025-09-09 23:51:04,409 Train Loss: 0.0000667, Val Loss: 0.0000790
2025-09-09 23:51:04,409 Epoch 112/500
2025-09-09 23:55:28,149 Current Learning Rate: 0.0008812213
2025-09-09 23:55:28,354 New best model saved with validation loss: 0.0000542
2025-09-09 23:55:28,354 Train Loss: 0.0000696, Val Loss: 0.0000542
2025-09-09 23:55:28,354 Epoch 113/500
2025-09-09 23:59:51,952 Current Learning Rate: 0.0008791810
2025-09-09 23:59:51,952 Train Loss: 0.0000641, Val Loss: 0.0001056
2025-09-09 23:59:51,952 Epoch 114/500
2025-09-10 00:04:15,408 Current Learning Rate: 0.0008771257
2025-09-10 00:04:15,408 Train Loss: 0.0000668, Val Loss: 0.0000613
2025-09-10 00:04:15,408 Epoch 115/500
2025-09-10 00:08:38,778 Current Learning Rate: 0.0008750555
2025-09-10 00:08:38,989 New best model saved with validation loss: 0.0000532
2025-09-10 00:08:38,989 Train Loss: 0.0000619, Val Loss: 0.0000532
2025-09-10 00:08:38,989 Epoch 116/500
2025-09-10 00:13:02,618 Current Learning Rate: 0.0008729706
2025-09-10 00:13:02,619 Train Loss: 0.0000626, Val Loss: 0.0000532
2025-09-10 00:13:02,619 Epoch 117/500
2025-09-10 00:17:26,140 Current Learning Rate: 0.0008708709
2025-09-10 00:17:26,328 New best model saved with validation loss: 0.0000508
2025-09-10 00:17:26,328 Train Loss: 0.0000678, Val Loss: 0.0000508
2025-09-10 00:17:26,328 Epoch 118/500
2025-09-10 00:21:49,748 Current Learning Rate: 0.0008687566
2025-09-10 00:21:49,749 Train Loss: 0.0000568, Val Loss: 0.0000524
2025-09-10 00:21:49,749 Epoch 119/500
2025-09-10 00:26:13,431 Current Learning Rate: 0.0008666277
2025-09-10 00:26:13,431 Train Loss: 0.0000603, Val Loss: 0.0000743
2025-09-10 00:26:13,431 Epoch 120/500
2025-09-10 00:30:36,864 Current Learning Rate: 0.0008644843
2025-09-10 00:30:36,864 Train Loss: 0.0000595, Val Loss: 0.0000680
2025-09-10 00:30:36,864 Epoch 121/500
2025-09-10 00:35:00,338 Current Learning Rate: 0.0008623266
2025-09-10 00:35:00,338 Train Loss: 0.0000606, Val Loss: 0.0000542
2025-09-10 00:35:00,338 Epoch 122/500
2025-09-10 00:39:23,779 Current Learning Rate: 0.0008601545
2025-09-10 00:39:23,780 Train Loss: 0.0000582, Val Loss: 0.0000529
2025-09-10 00:39:23,780 Epoch 123/500
2025-09-10 00:43:47,052 Current Learning Rate: 0.0008579682
2025-09-10 00:43:47,052 Train Loss: 0.0000568, Val Loss: 0.0000649
2025-09-10 00:43:47,053 Epoch 124/500
2025-09-10 00:48:10,401 Current Learning Rate: 0.0008557678
2025-09-10 00:48:10,596 New best model saved with validation loss: 0.0000480
2025-09-10 00:48:10,596 Train Loss: 0.0000578, Val Loss: 0.0000480
2025-09-10 00:48:10,596 Epoch 125/500
2025-09-10 00:52:34,096 Current Learning Rate: 0.0008535534
2025-09-10 00:52:34,097 Train Loss: 0.0000579, Val Loss: 0.0000524
2025-09-10 00:52:34,097 Epoch 126/500
2025-09-10 00:56:57,639 Current Learning Rate: 0.0008513250
2025-09-10 00:56:57,639 Train Loss: 0.0000539, Val Loss: 0.0000585
2025-09-10 00:56:57,639 Epoch 127/500
2025-09-10 01:01:21,349 Current Learning Rate: 0.0008490827
2025-09-10 01:01:21,350 Train Loss: 0.0000539, Val Loss: 0.0000496
2025-09-10 01:01:21,350 Epoch 128/500
2025-09-10 01:05:44,965 Current Learning Rate: 0.0008468267
2025-09-10 01:05:44,966 Train Loss: 0.0000547, Val Loss: 0.0000670
2025-09-10 01:05:44,966 Epoch 129/500
2025-09-10 01:10:08,394 Current Learning Rate: 0.0008445569
2025-09-10 01:10:08,395 Train Loss: 0.0003316, Val Loss: 0.0000625
2025-09-10 01:10:08,395 Epoch 130/500
2025-09-10 01:14:31,840 Current Learning Rate: 0.0008422736
2025-09-10 01:14:31,841 Train Loss: 0.0000673, Val Loss: 0.0000491
2025-09-10 01:14:31,841 Epoch 131/500
2025-09-10 01:18:55,341 Current Learning Rate: 0.0008399767
2025-09-10 01:18:55,342 Train Loss: 0.0000574, Val Loss: 0.0000630
2025-09-10 01:18:55,342 Epoch 132/500
2025-09-10 01:23:18,821 Current Learning Rate: 0.0008376664
2025-09-10 01:23:18,821 Train Loss: 0.0000540, Val Loss: 0.0000550
2025-09-10 01:23:18,821 Epoch 133/500
2025-09-10 01:27:42,351 Current Learning Rate: 0.0008353428
2025-09-10 01:27:42,351 Train Loss: 0.0000565, Val Loss: 0.0000713
2025-09-10 01:27:42,352 Epoch 134/500
2025-09-10 01:32:05,861 Current Learning Rate: 0.0008330059
2025-09-10 01:32:05,861 Train Loss: 0.0000542, Val Loss: 0.0000790
2025-09-10 01:32:05,861 Epoch 135/500
2025-09-10 01:36:29,346 Current Learning Rate: 0.0008306559
2025-09-10 01:36:29,346 Train Loss: 0.0000525, Val Loss: 0.0000604
2025-09-10 01:36:29,346 Epoch 136/500
2025-09-10 01:40:52,889 Current Learning Rate: 0.0008282929
2025-09-10 01:40:52,889 Train Loss: 0.0000539, Val Loss: 0.0000734
2025-09-10 01:40:52,889 Epoch 137/500
2025-09-10 01:45:16,582 Current Learning Rate: 0.0008259169
2025-09-10 01:45:16,583 Train Loss: 0.0000522, Val Loss: 0.0000826
2025-09-10 01:45:16,583 Epoch 138/500
2025-09-10 01:49:40,182 Current Learning Rate: 0.0008235280
2025-09-10 01:49:40,182 Train Loss: 0.0000522, Val Loss: 0.0000593
2025-09-10 01:49:40,183 Epoch 139/500
2025-09-10 01:54:03,772 Current Learning Rate: 0.0008211263
2025-09-10 01:54:03,772 Train Loss: 0.0000517, Val Loss: 0.0000541
2025-09-10 01:54:03,772 Epoch 140/500
2025-09-10 01:58:27,449 Current Learning Rate: 0.0008187120
2025-09-10 01:58:27,450 Train Loss: 0.0000515, Val Loss: 0.0000490
2025-09-10 01:58:27,450 Epoch 141/500
2025-09-10 02:02:51,016 Current Learning Rate: 0.0008162851
2025-09-10 02:02:51,016 Train Loss: 0.0000489, Val Loss: 0.0000494
2025-09-10 02:02:51,017 Epoch 142/500
2025-09-10 02:07:14,458 Current Learning Rate: 0.0008138457
2025-09-10 02:07:14,648 New best model saved with validation loss: 0.0000473
2025-09-10 02:07:14,648 Train Loss: 0.0000505, Val Loss: 0.0000473
2025-09-10 02:07:14,648 Epoch 143/500
2025-09-10 02:11:38,186 Current Learning Rate: 0.0008113939
2025-09-10 02:11:38,186 Train Loss: 0.0000495, Val Loss: 0.0000480
2025-09-10 02:11:38,187 Epoch 144/500
2025-09-10 02:16:01,600 Current Learning Rate: 0.0008089298
2025-09-10 02:16:01,600 Train Loss: 0.0000472, Val Loss: 0.0000567
2025-09-10 02:16:01,600 Epoch 145/500
2025-09-10 02:20:25,015 Current Learning Rate: 0.0008064535
2025-09-10 02:20:25,015 Train Loss: 0.0000487, Val Loss: 0.0000513
2025-09-10 02:20:25,015 Epoch 146/500
2025-09-10 02:24:48,416 Current Learning Rate: 0.0008039651
2025-09-10 02:24:48,836 New best model saved with validation loss: 0.0000406
2025-09-10 02:24:48,836 Train Loss: 0.0000597, Val Loss: 0.0000406
2025-09-10 02:24:48,836 Epoch 147/500
2025-09-10 02:29:12,213 Current Learning Rate: 0.0008014648
2025-09-10 02:29:12,213 Train Loss: 0.0000450, Val Loss: 0.0000562
2025-09-10 02:29:12,214 Epoch 148/500
2025-09-10 02:33:35,612 Current Learning Rate: 0.0007989525
2025-09-10 02:33:35,612 Train Loss: 0.0000473, Val Loss: 0.0000463
2025-09-10 02:33:35,612 Epoch 149/500
2025-09-10 02:37:59,019 Current Learning Rate: 0.0007964284
2025-09-10 02:37:59,020 Train Loss: 0.0000457, Val Loss: 0.0000800
2025-09-10 02:37:59,020 Epoch 150/500
2025-09-10 02:42:22,557 Current Learning Rate: 0.0007938926
2025-09-10 02:42:22,558 Train Loss: 0.0000456, Val Loss: 0.0000438
2025-09-10 02:42:22,558 Epoch 151/500
2025-09-10 02:46:46,077 Current Learning Rate: 0.0007913452
2025-09-10 02:46:46,077 Train Loss: 0.0000470, Val Loss: 0.0000415
2025-09-10 02:46:46,077 Epoch 152/500
2025-09-10 02:51:09,452 Current Learning Rate: 0.0007887864
2025-09-10 02:51:09,452 Train Loss: 0.0000454, Val Loss: 0.0000444
2025-09-10 02:51:09,453 Epoch 153/500
2025-09-10 02:55:32,898 Current Learning Rate: 0.0007862161
2025-09-10 02:55:32,898 Train Loss: 0.0000466, Val Loss: 0.0000583
2025-09-10 02:55:32,898 Epoch 154/500
2025-09-10 02:59:56,381 Current Learning Rate: 0.0007836345
2025-09-10 02:59:56,382 Train Loss: 0.0000446, Val Loss: 0.0000417
2025-09-10 02:59:56,382 Epoch 155/500
2025-09-10 03:04:19,847 Current Learning Rate: 0.0007810417
2025-09-10 03:04:19,847 Train Loss: 0.0000445, Val Loss: 0.0000462
2025-09-10 03:04:19,847 Epoch 156/500
2025-09-10 03:08:43,190 Current Learning Rate: 0.0007784378
2025-09-10 03:08:43,385 New best model saved with validation loss: 0.0000402
2025-09-10 03:08:43,386 Train Loss: 0.0000433, Val Loss: 0.0000402
2025-09-10 03:08:43,386 Epoch 157/500
2025-09-10 03:13:06,792 Current Learning Rate: 0.0007758229
2025-09-10 03:13:06,792 Train Loss: 0.0001577, Val Loss: 0.0000640
2025-09-10 03:13:06,792 Epoch 158/500
2025-09-10 03:17:30,261 Current Learning Rate: 0.0007731972
2025-09-10 03:17:30,262 Train Loss: 0.0000508, Val Loss: 0.0000410
2025-09-10 03:17:30,262 Epoch 159/500
2025-09-10 03:21:53,796 Current Learning Rate: 0.0007705606
2025-09-10 03:21:53,796 Train Loss: 0.0000418, Val Loss: 0.0000412
2025-09-10 03:21:53,797 Epoch 160/500
2025-09-10 03:26:17,179 Current Learning Rate: 0.0007679134
2025-09-10 03:26:17,374 New best model saved with validation loss: 0.0000382
2025-09-10 03:26:17,374 Train Loss: 0.0000431, Val Loss: 0.0000382
2025-09-10 03:26:17,375 Epoch 161/500
2025-09-10 03:30:40,819 Current Learning Rate: 0.0007652556
2025-09-10 03:30:40,820 Train Loss: 0.0000438, Val Loss: 0.0000445
2025-09-10 03:30:40,820 Epoch 162/500
2025-09-10 03:35:04,385 Current Learning Rate: 0.0007625873
2025-09-10 03:35:04,385 Train Loss: 0.0000418, Val Loss: 0.0000426
2025-09-10 03:35:04,385 Epoch 163/500
2025-09-10 03:39:27,936 Current Learning Rate: 0.0007599087
2025-09-10 03:39:27,937 Train Loss: 0.0000435, Val Loss: 0.0000384
2025-09-10 03:39:27,937 Epoch 164/500
2025-09-10 03:43:51,386 Current Learning Rate: 0.0007572198
2025-09-10 03:43:51,387 Train Loss: 0.0000415, Val Loss: 0.0000391
2025-09-10 03:43:51,387 Epoch 165/500
2025-09-10 03:48:14,897 Current Learning Rate: 0.0007545207
2025-09-10 03:48:15,228 New best model saved with validation loss: 0.0000368
2025-09-10 03:48:15,228 Train Loss: 0.0000423, Val Loss: 0.0000368
2025-09-10 03:48:15,228 Epoch 166/500
2025-09-10 03:52:38,727 Current Learning Rate: 0.0007518116
2025-09-10 03:52:38,728 Train Loss: 0.0000414, Val Loss: 0.0000401
2025-09-10 03:52:38,728 Epoch 167/500
2025-09-10 03:57:02,245 Current Learning Rate: 0.0007490926
2025-09-10 03:57:02,246 Train Loss: 0.0000420, Val Loss: 0.0000441
2025-09-10 03:57:02,246 Epoch 168/500
2025-09-10 04:01:25,827 Current Learning Rate: 0.0007463637
2025-09-10 04:01:25,827 Train Loss: 0.0000409, Val Loss: 0.0000371
2025-09-10 04:01:25,827 Epoch 169/500
2025-09-10 04:05:49,469 Current Learning Rate: 0.0007436251
2025-09-10 04:05:49,470 Train Loss: 0.0000405, Val Loss: 0.0000426
2025-09-10 04:05:49,470 Epoch 170/500
2025-09-10 04:10:13,240 Current Learning Rate: 0.0007408768
2025-09-10 04:10:13,240 Train Loss: 0.0000410, Val Loss: 0.0000432
2025-09-10 04:10:13,240 Epoch 171/500
2025-09-10 04:14:36,772 Current Learning Rate: 0.0007381191
2025-09-10 04:14:36,772 Train Loss: 0.0000490, Val Loss: 0.0000459
2025-09-10 04:14:36,772 Epoch 172/500
2025-09-10 04:19:00,273 Current Learning Rate: 0.0007353520
2025-09-10 04:19:00,274 Train Loss: 0.0000363, Val Loss: 0.0000472
2025-09-10 04:19:00,274 Epoch 173/500
2025-09-10 04:23:23,717 Current Learning Rate: 0.0007325755
2025-09-10 04:23:23,908 New best model saved with validation loss: 0.0000359
2025-09-10 04:23:23,908 Train Loss: 0.0000377, Val Loss: 0.0000359
2025-09-10 04:23:23,908 Epoch 174/500
2025-09-10 04:27:47,324 Current Learning Rate: 0.0007297899
2025-09-10 04:27:47,324 Train Loss: 0.0000392, Val Loss: 0.0000409
2025-09-10 04:27:47,324 Epoch 175/500
2025-09-10 04:32:10,817 Current Learning Rate: 0.0007269952
2025-09-10 04:32:10,817 Train Loss: 0.0000544, Val Loss: 0.0000468
2025-09-10 04:32:10,818 Epoch 176/500
2025-09-10 04:36:34,220 Current Learning Rate: 0.0007241916
2025-09-10 04:36:34,408 New best model saved with validation loss: 0.0000346
2025-09-10 04:36:34,408 Train Loss: 0.0000347, Val Loss: 0.0000346
2025-09-10 04:36:34,408 Epoch 177/500
2025-09-10 04:40:57,826 Current Learning Rate: 0.0007213791
2025-09-10 04:40:57,826 Train Loss: 0.0000370, Val Loss: 0.0000362
2025-09-10 04:40:57,826 Epoch 178/500
2025-09-10 04:45:21,305 Current Learning Rate: 0.0007185579
2025-09-10 04:45:21,305 Train Loss: 0.0000375, Val Loss: 0.0000390
2025-09-10 04:45:21,305 Epoch 179/500
2025-09-10 04:49:44,903 Current Learning Rate: 0.0007157280
2025-09-10 04:49:45,087 New best model saved with validation loss: 0.0000334
2025-09-10 04:49:45,088 Train Loss: 0.0000377, Val Loss: 0.0000334
2025-09-10 04:49:45,088 Epoch 180/500
2025-09-10 04:54:08,752 Current Learning Rate: 0.0007128896
2025-09-10 04:54:08,752 Train Loss: 0.0000373, Val Loss: 0.0000479
2025-09-10 04:54:08,752 Epoch 181/500
2025-09-10 04:58:32,377 Current Learning Rate: 0.0007100429
2025-09-10 04:58:32,377 Train Loss: 0.0000370, Val Loss: 0.0000340
2025-09-10 04:58:32,377 Epoch 182/500
2025-09-10 05:02:55,987 Current Learning Rate: 0.0007071878
2025-09-10 05:02:55,987 Train Loss: 0.0000367, Val Loss: 0.0000392
2025-09-10 05:02:55,987 Epoch 183/500
2025-09-10 05:07:19,449 Current Learning Rate: 0.0007043245
2025-09-10 05:07:19,449 Train Loss: 0.0000382, Val Loss: 0.0000445
2025-09-10 05:07:19,449 Epoch 184/500
2025-09-10 05:11:42,933 Current Learning Rate: 0.0007014532
2025-09-10 05:11:43,141 New best model saved with validation loss: 0.0000333
2025-09-10 05:11:43,141 Train Loss: 0.0000362, Val Loss: 0.0000333
2025-09-10 05:11:43,142 Epoch 185/500
2025-09-10 05:16:06,626 Current Learning Rate: 0.0006985739
2025-09-10 05:16:06,807 New best model saved with validation loss: 0.0000332
2025-09-10 05:16:06,808 Train Loss: 0.0000369, Val Loss: 0.0000332
2025-09-10 05:16:06,808 Epoch 186/500
2025-09-10 05:20:30,230 Current Learning Rate: 0.0006956868
2025-09-10 05:20:30,231 Train Loss: 0.0000366, Val Loss: 0.0000333
2025-09-10 05:20:30,231 Epoch 187/500
2025-09-10 05:24:53,615 Current Learning Rate: 0.0006927920
2025-09-10 05:24:53,615 Train Loss: 0.0000358, Val Loss: 0.0000364
2025-09-10 05:24:53,615 Epoch 188/500
2025-09-10 05:29:16,991 Current Learning Rate: 0.0006898895
2025-09-10 05:29:16,991 Train Loss: 0.0000359, Val Loss: 0.0000332
2025-09-10 05:29:16,991 Epoch 189/500
2025-09-10 05:33:40,497 Current Learning Rate: 0.0006869796
2025-09-10 05:33:40,497 Train Loss: 0.0000351, Val Loss: 0.0000346
2025-09-10 05:33:40,497 Epoch 190/500
2025-09-10 05:38:04,014 Current Learning Rate: 0.0006840623
2025-09-10 05:38:04,014 Train Loss: 0.0000383, Val Loss: 0.0000371
2025-09-10 05:38:04,014 Epoch 191/500
2025-09-10 05:42:27,407 Current Learning Rate: 0.0006811377
2025-09-10 05:42:27,407 Train Loss: 0.0001166, Val Loss: 0.0000641
2025-09-10 05:42:27,407 Epoch 192/500
2025-09-10 05:46:51,020 Current Learning Rate: 0.0006782059
2025-09-10 05:46:51,020 Train Loss: 0.0000454, Val Loss: 0.0000373
2025-09-10 05:46:51,020 Epoch 193/500
2025-09-10 05:51:14,833 Current Learning Rate: 0.0006752672
2025-09-10 05:51:14,834 Train Loss: 0.0000357, Val Loss: 0.0000464
2025-09-10 05:51:14,834 Epoch 194/500
2025-09-10 05:55:38,652 Current Learning Rate: 0.0006723215
2025-09-10 05:55:38,653 Train Loss: 0.0000354, Val Loss: 0.0000587
2025-09-10 05:55:38,653 Epoch 195/500
2025-09-10 06:00:02,534 Current Learning Rate: 0.0006693690
2025-09-10 06:00:02,535 Train Loss: 0.0000356, Val Loss: 0.0000379
2025-09-10 06:00:02,535 Epoch 196/500
2025-09-10 06:04:26,435 Current Learning Rate: 0.0006664098
2025-09-10 06:04:26,435 Train Loss: 0.0000350, Val Loss: 0.0000342
2025-09-10 06:04:26,436 Epoch 197/500
2025-09-10 06:08:50,241 Current Learning Rate: 0.0006634440
2025-09-10 06:08:50,241 Train Loss: 0.0000339, Val Loss: 0.0000375
2025-09-10 06:08:50,241 Epoch 198/500
2025-09-10 06:13:14,036 Current Learning Rate: 0.0006604718
2025-09-10 06:13:14,279 New best model saved with validation loss: 0.0000323
2025-09-10 06:13:14,279 Train Loss: 0.0000344, Val Loss: 0.0000323
2025-09-10 06:13:14,279 Epoch 199/500
2025-09-10 06:17:38,127 Current Learning Rate: 0.0006574933
2025-09-10 06:17:38,127 Train Loss: 0.0000341, Val Loss: 0.0000369
2025-09-10 06:17:38,127 Epoch 200/500
2025-09-10 06:22:02,005 Current Learning Rate: 0.0006545085
2025-09-10 06:22:02,006 Train Loss: 0.0000341, Val Loss: 0.0000346
2025-09-10 06:22:02,006 Epoch 201/500
2025-09-10 06:26:25,609 Current Learning Rate: 0.0006515176
2025-09-10 06:26:25,794 New best model saved with validation loss: 0.0000306
2025-09-10 06:26:25,794 Train Loss: 0.0000342, Val Loss: 0.0000306
2025-09-10 06:26:25,794 Epoch 202/500
2025-09-10 06:30:49,104 Current Learning Rate: 0.0006485208
2025-09-10 06:30:49,104 Train Loss: 0.0000329, Val Loss: 0.0000309
2025-09-10 06:30:49,105 Epoch 203/500
2025-09-10 06:35:12,418 Current Learning Rate: 0.0006455181
2025-09-10 06:35:12,418 Train Loss: 0.0000338, Val Loss: 0.0000439
2025-09-10 06:35:12,419 Epoch 204/500
2025-09-10 06:39:35,798 Current Learning Rate: 0.0006425096
2025-09-10 06:39:35,798 Train Loss: 0.0000332, Val Loss: 0.0000496
2025-09-10 06:39:35,799 Epoch 205/500
2025-09-10 06:43:59,356 Current Learning Rate: 0.0006394956
2025-09-10 06:43:59,356 Train Loss: 0.0000332, Val Loss: 0.0000361
2025-09-10 06:43:59,356 Epoch 206/500
2025-09-10 06:48:22,769 Current Learning Rate: 0.0006364760
2025-09-10 06:48:22,770 Train Loss: 0.0000333, Val Loss: 0.0000335
2025-09-10 06:48:22,770 Epoch 207/500
2025-09-10 06:52:46,186 Current Learning Rate: 0.0006334510
2025-09-10 06:52:46,186 Train Loss: 0.0000470, Val Loss: 0.0000310
2025-09-10 06:52:46,187 Epoch 208/500
2025-09-10 06:57:09,668 Current Learning Rate: 0.0006304208
2025-09-10 06:57:09,669 Train Loss: 0.0000317, Val Loss: 0.0000310
2025-09-10 06:57:09,669 Epoch 209/500
2025-09-10 07:01:33,116 Current Learning Rate: 0.0006273854
2025-09-10 07:01:33,117 Train Loss: 0.0000313, Val Loss: 0.0000318
2025-09-10 07:01:33,117 Epoch 210/500
2025-09-10 07:05:56,623 Current Learning Rate: 0.0006243449
2025-09-10 07:05:56,623 Train Loss: 0.0000321, Val Loss: 0.0000334
2025-09-10 07:05:56,624 Epoch 211/500
2025-09-10 07:10:20,013 Current Learning Rate: 0.0006212996
2025-09-10 07:10:20,013 Train Loss: 0.0000312, Val Loss: 0.0000312
2025-09-10 07:10:20,014 Epoch 212/500
2025-09-10 07:14:43,440 Current Learning Rate: 0.0006182495
2025-09-10 07:14:43,440 Train Loss: 0.0000309, Val Loss: 0.0000368
2025-09-10 07:14:43,440 Epoch 213/500
2025-09-10 07:19:06,850 Current Learning Rate: 0.0006151947
2025-09-10 07:19:06,850 Train Loss: 0.0000314, Val Loss: 0.0000373
2025-09-10 07:19:06,850 Epoch 214/500
2025-09-10 07:23:30,239 Current Learning Rate: 0.0006121354
2025-09-10 07:23:30,239 Train Loss: 0.0000314, Val Loss: 0.0000310
2025-09-10 07:23:30,240 Epoch 215/500
2025-09-10 07:27:53,750 Current Learning Rate: 0.0006090716
2025-09-10 07:27:53,750 Train Loss: 0.0000312, Val Loss: 0.0000329
2025-09-10 07:27:53,750 Epoch 216/500
2025-09-10 07:32:17,300 Current Learning Rate: 0.0006060036
2025-09-10 07:32:17,300 Train Loss: 0.0000308, Val Loss: 0.0000377
2025-09-10 07:32:17,301 Epoch 217/500
2025-09-10 07:36:40,642 Current Learning Rate: 0.0006029313
2025-09-10 07:36:40,945 New best model saved with validation loss: 0.0000304
2025-09-10 07:36:40,945 Train Loss: 0.0000317, Val Loss: 0.0000304
2025-09-10 07:36:40,945 Epoch 218/500
2025-09-10 07:41:04,438 Current Learning Rate: 0.0005998550
2025-09-10 07:41:04,439 Train Loss: 0.0000308, Val Loss: 0.0000524
2025-09-10 07:41:04,439 Epoch 219/500
2025-09-10 07:45:27,893 Current Learning Rate: 0.0005967747
2025-09-10 07:45:28,076 New best model saved with validation loss: 0.0000300
2025-09-10 07:45:28,076 Train Loss: 0.0000301, Val Loss: 0.0000300
2025-09-10 07:45:28,076 Epoch 220/500
2025-09-10 07:49:51,538 Current Learning Rate: 0.0005936907
2025-09-10 07:49:51,539 Train Loss: 0.0000306, Val Loss: 0.0000364
2025-09-10 07:49:51,539 Epoch 221/500
2025-09-10 07:54:15,077 Current Learning Rate: 0.0005906029
2025-09-10 07:54:15,077 Train Loss: 0.0000297, Val Loss: 0.0000335
2025-09-10 07:54:15,077 Epoch 222/500
2025-09-10 07:58:38,661 Current Learning Rate: 0.0005875115
2025-09-10 07:58:38,845 New best model saved with validation loss: 0.0000297
2025-09-10 07:58:38,846 Train Loss: 0.0000299, Val Loss: 0.0000297
2025-09-10 07:58:38,846 Epoch 223/500
2025-09-10 08:03:02,351 Current Learning Rate: 0.0005844167
2025-09-10 08:03:02,352 Train Loss: 0.0000297, Val Loss: 0.0000379
2025-09-10 08:03:02,352 Epoch 224/500
2025-09-10 08:07:25,919 Current Learning Rate: 0.0005813186
2025-09-10 08:07:26,103 New best model saved with validation loss: 0.0000295
2025-09-10 08:07:26,103 Train Loss: 0.0000299, Val Loss: 0.0000295
2025-09-10 08:07:26,103 Epoch 225/500
2025-09-10 08:11:49,507 Current Learning Rate: 0.0005782172
2025-09-10 08:11:49,507 Train Loss: 0.0000313, Val Loss: 0.0000346
2025-09-10 08:11:49,508 Epoch 226/500
2025-09-10 08:16:12,958 Current Learning Rate: 0.0005751128
2025-09-10 08:16:12,958 Train Loss: 0.0000283, Val Loss: 0.0000353
2025-09-10 08:16:12,958 Epoch 227/500
2025-09-10 08:20:36,513 Current Learning Rate: 0.0005720054
2025-09-10 08:20:36,513 Train Loss: 0.0000330, Val Loss: 0.0000315
2025-09-10 08:20:36,513 Epoch 228/500
2025-09-10 08:25:00,203 Current Learning Rate: 0.0005688951
2025-09-10 08:25:00,422 New best model saved with validation loss: 0.0000276
2025-09-10 08:25:00,423 Train Loss: 0.0000276, Val Loss: 0.0000276
2025-09-10 08:25:00,423 Epoch 229/500
2025-09-10 08:29:24,283 Current Learning Rate: 0.0005657822
2025-09-10 08:29:24,284 Train Loss: 0.0000292, Val Loss: 0.0000299
2025-09-10 08:29:24,284 Epoch 230/500
2025-09-10 08:33:48,156 Current Learning Rate: 0.0005626666
2025-09-10 08:33:48,156 Train Loss: 0.0000380, Val Loss: 0.0000287
2025-09-10 08:33:48,156 Epoch 231/500
2025-09-10 08:38:12,042 Current Learning Rate: 0.0005595486
2025-09-10 08:38:12,042 Train Loss: 0.0000272, Val Loss: 0.0000291
2025-09-10 08:38:12,043 Epoch 232/500
2025-09-10 08:42:35,854 Current Learning Rate: 0.0005564282
2025-09-10 08:42:35,854 Train Loss: 0.0000277, Val Loss: 0.0000329
2025-09-10 08:42:35,854 Epoch 233/500
2025-09-10 08:46:59,805 Current Learning Rate: 0.0005533056
2025-09-10 08:46:59,805 Train Loss: 0.0000282, Val Loss: 0.0000291
2025-09-10 08:46:59,805 Epoch 234/500
2025-09-10 08:51:23,689 Current Learning Rate: 0.0005501809
2025-09-10 08:51:23,689 Train Loss: 0.0000279, Val Loss: 0.0000307
2025-09-10 08:51:23,690 Epoch 235/500
2025-09-10 08:55:47,684 Current Learning Rate: 0.0005470542
2025-09-10 08:55:47,891 New best model saved with validation loss: 0.0000267
2025-09-10 08:55:47,891 Train Loss: 0.0000283, Val Loss: 0.0000267
2025-09-10 08:55:47,891 Epoch 236/500
2025-09-10 09:00:11,836 Current Learning Rate: 0.0005439256
2025-09-10 09:00:11,836 Train Loss: 0.0000299, Val Loss: 0.0000319
2025-09-10 09:00:11,836 Epoch 237/500
2025-09-10 09:04:35,773 Current Learning Rate: 0.0005407953
2025-09-10 09:04:35,774 Train Loss: 0.0000279, Val Loss: 0.0000268
2025-09-10 09:04:35,774 Epoch 238/500
2025-09-10 09:08:59,330 Current Learning Rate: 0.0005376634
2025-09-10 09:08:59,330 Train Loss: 0.0000270, Val Loss: 0.0000281
2025-09-10 09:08:59,330 Epoch 239/500
2025-09-10 09:13:22,812 Current Learning Rate: 0.0005345300
2025-09-10 09:13:22,812 Train Loss: 0.0000278, Val Loss: 0.0000368
2025-09-10 09:13:22,812 Epoch 240/500
2025-09-10 09:17:46,255 Current Learning Rate: 0.0005313953
2025-09-10 09:17:46,256 Train Loss: 0.0000271, Val Loss: 0.0000300
2025-09-10 09:17:46,256 Epoch 241/500
2025-09-10 09:22:09,751 Current Learning Rate: 0.0005282593
2025-09-10 09:22:09,752 Train Loss: 0.0000452, Val Loss: 0.0000276
2025-09-10 09:22:09,752 Epoch 242/500
2025-09-10 09:26:33,233 Current Learning Rate: 0.0005251222
2025-09-10 09:26:33,233 Train Loss: 0.0000257, Val Loss: 0.0000274
2025-09-10 09:26:33,233 Epoch 243/500
2025-09-10 09:30:56,668 Current Learning Rate: 0.0005219841
2025-09-10 09:30:56,669 Train Loss: 0.0000273, Val Loss: 0.0000295
2025-09-10 09:30:56,669 Epoch 244/500
2025-09-10 09:35:20,374 Current Learning Rate: 0.0005188451
2025-09-10 09:35:20,584 New best model saved with validation loss: 0.0000267
2025-09-10 09:35:20,584 Train Loss: 0.0000270, Val Loss: 0.0000267
2025-09-10 09:35:20,585 Epoch 245/500
2025-09-10 09:39:44,440 Current Learning Rate: 0.0005157054
2025-09-10 09:39:44,440 Train Loss: 0.0000266, Val Loss: 0.0000287
2025-09-10 09:39:44,441 Epoch 246/500
2025-09-10 09:44:08,345 Current Learning Rate: 0.0005125650
2025-09-10 09:44:08,346 Train Loss: 0.0000267, Val Loss: 0.0000290
2025-09-10 09:44:08,346 Epoch 247/500
2025-09-10 09:48:32,145 Current Learning Rate: 0.0005094242
2025-09-10 09:48:32,146 Train Loss: 0.0000270, Val Loss: 0.0000318
2025-09-10 09:48:32,146 Epoch 248/500
2025-09-10 09:52:55,725 Current Learning Rate: 0.0005062830
2025-09-10 09:52:55,725 Train Loss: 0.0000265, Val Loss: 0.0000277
2025-09-10 09:52:55,725 Epoch 249/500
2025-09-10 09:57:19,312 Current Learning Rate: 0.0005031416
2025-09-10 09:57:19,312 Train Loss: 0.0000263, Val Loss: 0.0000283
2025-09-10 09:57:19,313 Epoch 250/500
2025-09-10 10:01:42,866 Current Learning Rate: 0.0005000000
2025-09-10 10:01:42,866 Train Loss: 0.0000266, Val Loss: 0.0000271
2025-09-10 10:01:42,866 Epoch 251/500
2025-09-10 10:06:06,330 Current Learning Rate: 0.0004968584
2025-09-10 10:06:06,537 New best model saved with validation loss: 0.0000257
2025-09-10 10:06:06,537 Train Loss: 0.0000263, Val Loss: 0.0000257
2025-09-10 10:06:06,537 Epoch 252/500
2025-09-10 10:10:29,937 Current Learning Rate: 0.0004937170
2025-09-10 10:10:29,938 Train Loss: 0.0000255, Val Loss: 0.0000280
2025-09-10 10:10:29,938 Epoch 253/500
2025-09-10 10:14:53,374 Current Learning Rate: 0.0004905758
2025-09-10 10:14:53,374 Train Loss: 0.0000260, Val Loss: 0.0000265
2025-09-10 10:14:53,374 Epoch 254/500
2025-09-10 10:19:17,131 Current Learning Rate: 0.0004874350
2025-09-10 10:19:17,353 New best model saved with validation loss: 0.0000254
2025-09-10 10:19:17,353 Train Loss: 0.0000260, Val Loss: 0.0000254
2025-09-10 10:19:17,353 Epoch 255/500
2025-09-10 10:23:41,206 Current Learning Rate: 0.0004842946
2025-09-10 10:23:41,207 Train Loss: 0.0000256, Val Loss: 0.0000304
2025-09-10 10:23:41,207 Epoch 256/500
2025-09-10 10:28:05,006 Current Learning Rate: 0.0004811549
2025-09-10 10:28:05,006 Train Loss: 0.0000257, Val Loss: 0.0000276
2025-09-10 10:28:05,006 Epoch 257/500
2025-09-10 10:32:28,656 Current Learning Rate: 0.0004780159
2025-09-10 10:32:28,656 Train Loss: 0.0000253, Val Loss: 0.0000276
2025-09-10 10:32:28,656 Epoch 258/500
2025-09-10 10:36:52,011 Current Learning Rate: 0.0004748778
2025-09-10 10:36:52,012 Train Loss: 0.0000255, Val Loss: 0.0000258
2025-09-10 10:36:52,012 Epoch 259/500
2025-09-10 10:41:15,439 Current Learning Rate: 0.0004717407
2025-09-10 10:41:15,440 Train Loss: 0.0000254, Val Loss: 0.0000314
2025-09-10 10:41:15,440 Epoch 260/500
2025-09-10 10:45:38,808 Current Learning Rate: 0.0004686047
2025-09-10 10:45:38,995 New best model saved with validation loss: 0.0000250
2025-09-10 10:45:38,996 Train Loss: 0.0000252, Val Loss: 0.0000250
2025-09-10 10:45:38,996 Epoch 261/500
2025-09-10 10:50:02,347 Current Learning Rate: 0.0004654700
2025-09-10 10:50:02,348 Train Loss: 0.0000251, Val Loss: 0.0000282
2025-09-10 10:50:02,348 Epoch 262/500
2025-09-10 10:54:25,804 Current Learning Rate: 0.0004623366
2025-09-10 10:54:25,804 Train Loss: 0.0000247, Val Loss: 0.0000252
2025-09-10 10:54:25,804 Epoch 263/500
2025-09-10 10:58:49,343 Current Learning Rate: 0.0004592047
2025-09-10 10:58:49,343 Train Loss: 0.0000246, Val Loss: 0.0000280
2025-09-10 10:58:49,344 Epoch 264/500
2025-09-10 11:03:12,874 Current Learning Rate: 0.0004560744
2025-09-10 11:03:12,874 Train Loss: 0.0000252, Val Loss: 0.0000332
2025-09-10 11:03:12,874 Epoch 265/500
2025-09-10 11:07:36,314 Current Learning Rate: 0.0004529458
2025-09-10 11:07:36,314 Train Loss: 0.0000247, Val Loss: 0.0000337
2025-09-10 11:07:36,315 Epoch 266/500
2025-09-10 11:11:59,757 Current Learning Rate: 0.0004498191
2025-09-10 11:11:59,757 Train Loss: 0.0000247, Val Loss: 0.0000274
2025-09-10 11:11:59,758 Epoch 267/500
2025-09-10 11:16:23,225 Current Learning Rate: 0.0004466944
2025-09-10 11:16:23,226 Train Loss: 0.0000242, Val Loss: 0.0000393
2025-09-10 11:16:23,226 Epoch 268/500
2025-09-10 11:20:46,796 Current Learning Rate: 0.0004435718
2025-09-10 11:20:46,797 Train Loss: 0.0000246, Val Loss: 0.0000291
2025-09-10 11:20:46,797 Epoch 269/500
2025-09-10 11:25:10,352 Current Learning Rate: 0.0004404514
2025-09-10 11:25:10,352 Train Loss: 0.0000240, Val Loss: 0.0000271
2025-09-10 11:25:10,352 Epoch 270/500
2025-09-10 11:29:33,850 Current Learning Rate: 0.0004373334
2025-09-10 11:29:33,850 Train Loss: 0.0000243, Val Loss: 0.0000273
2025-09-10 11:29:33,850 Epoch 271/500
2025-09-10 11:33:57,292 Current Learning Rate: 0.0004342178
2025-09-10 11:33:57,292 Train Loss: 0.0000237, Val Loss: 0.0000256
2025-09-10 11:33:57,292 Epoch 272/500
2025-09-10 11:38:20,702 Current Learning Rate: 0.0004311049
2025-09-10 11:38:20,703 Train Loss: 0.0000240, Val Loss: 0.0000254
2025-09-10 11:38:20,703 Epoch 273/500
2025-09-10 11:42:44,147 Current Learning Rate: 0.0004279946
2025-09-10 11:42:44,148 Train Loss: 0.0000236, Val Loss: 0.0000393
2025-09-10 11:42:44,148 Epoch 274/500
2025-09-10 11:47:07,573 Current Learning Rate: 0.0004248872
2025-09-10 11:47:07,574 Train Loss: 0.0000241, Val Loss: 0.0000360
2025-09-10 11:47:07,574 Epoch 275/500
2025-09-10 11:51:31,069 Current Learning Rate: 0.0004217828
2025-09-10 11:51:31,069 Train Loss: 0.0000238, Val Loss: 0.0000287
2025-09-10 11:51:31,069 Epoch 276/500
2025-09-10 11:55:54,593 Current Learning Rate: 0.0004186814
2025-09-10 11:55:54,593 Train Loss: 0.0000246, Val Loss: 0.0000321
2025-09-10 11:55:54,594 Epoch 277/500
2025-09-10 12:00:18,146 Current Learning Rate: 0.0004155833
2025-09-10 12:00:18,332 New best model saved with validation loss: 0.0000250
2025-09-10 12:00:18,332 Train Loss: 0.0000297, Val Loss: 0.0000250
2025-09-10 12:00:18,332 Epoch 278/500
2025-09-10 12:04:41,997 Current Learning Rate: 0.0004124885
2025-09-10 12:04:42,186 New best model saved with validation loss: 0.0000233
2025-09-10 12:04:42,186 Train Loss: 0.0000220, Val Loss: 0.0000233
2025-09-10 12:04:42,186 Epoch 279/500
2025-09-10 12:09:05,659 Current Learning Rate: 0.0004093971
2025-09-10 12:09:05,660 Train Loss: 0.0000222, Val Loss: 0.0000254
2025-09-10 12:09:05,660 Epoch 280/500
2025-09-10 12:13:29,160 Current Learning Rate: 0.0004063093
2025-09-10 12:13:29,161 Train Loss: 0.0000230, Val Loss: 0.0000236
2025-09-10 12:13:29,161 Epoch 281/500
2025-09-10 12:17:52,865 Current Learning Rate: 0.0004032253
2025-09-10 12:17:52,865 Train Loss: 0.0000227, Val Loss: 0.0000264
2025-09-10 12:17:52,865 Epoch 282/500
2025-09-10 12:22:16,649 Current Learning Rate: 0.0004001450
2025-09-10 12:22:16,649 Train Loss: 0.0000228, Val Loss: 0.0000265
2025-09-10 12:22:16,649 Epoch 283/500
2025-09-10 12:26:40,151 Current Learning Rate: 0.0003970687
2025-09-10 12:26:40,152 Train Loss: 0.0000228, Val Loss: 0.0000244
2025-09-10 12:26:40,152 Epoch 284/500
2025-09-10 12:31:03,606 Current Learning Rate: 0.0003939964
2025-09-10 12:31:03,606 Train Loss: 0.0000225, Val Loss: 0.0000249
2025-09-10 12:31:03,606 Epoch 285/500
2025-09-10 12:35:27,105 Current Learning Rate: 0.0003909284
2025-09-10 12:35:27,106 Train Loss: 0.0000230, Val Loss: 0.0000260
2025-09-10 12:35:27,106 Epoch 286/500
2025-09-10 12:39:50,534 Current Learning Rate: 0.0003878646
2025-09-10 12:39:50,534 Train Loss: 0.0000245, Val Loss: 0.0000261
2025-09-10 12:39:50,535 Epoch 287/500
2025-09-10 12:44:14,014 Current Learning Rate: 0.0003848053
2025-09-10 12:44:14,014 Train Loss: 0.0000220, Val Loss: 0.0000263
2025-09-10 12:44:14,015 Epoch 288/500
2025-09-10 12:48:37,446 Current Learning Rate: 0.0003817505
2025-09-10 12:48:37,446 Train Loss: 0.0000222, Val Loss: 0.0000288
2025-09-10 12:48:37,446 Epoch 289/500
2025-09-10 12:53:00,868 Current Learning Rate: 0.0003787004
2025-09-10 12:53:00,869 Train Loss: 0.0000224, Val Loss: 0.0000254
2025-09-10 12:53:00,869 Epoch 290/500
2025-09-10 12:57:24,423 Current Learning Rate: 0.0003756551
2025-09-10 12:57:24,424 Train Loss: 0.0000221, Val Loss: 0.0000237
2025-09-10 12:57:24,424 Epoch 291/500
2025-09-10 13:01:48,090 Current Learning Rate: 0.0003726146
2025-09-10 13:01:48,278 New best model saved with validation loss: 0.0000230
2025-09-10 13:01:48,278 Train Loss: 0.0000243, Val Loss: 0.0000230
2025-09-10 13:01:48,278 Epoch 292/500
2025-09-10 13:06:11,919 Current Learning Rate: 0.0003695792
2025-09-10 13:06:11,920 Train Loss: 0.0000211, Val Loss: 0.0000247
2025-09-10 13:06:11,920 Epoch 293/500
2025-09-10 13:10:35,481 Current Learning Rate: 0.0003665490
2025-09-10 13:10:35,481 Train Loss: 0.0000242, Val Loss: 0.0000270
2025-09-10 13:10:35,482 Epoch 294/500
2025-09-10 13:14:59,035 Current Learning Rate: 0.0003635240
2025-09-10 13:14:59,035 Train Loss: 0.0000219, Val Loss: 0.0000245
2025-09-10 13:14:59,035 Epoch 295/500
2025-09-10 13:19:22,606 Current Learning Rate: 0.0003605044
2025-09-10 13:19:22,911 New best model saved with validation loss: 0.0000230
2025-09-10 13:19:22,911 Train Loss: 0.0000215, Val Loss: 0.0000230
2025-09-10 13:19:22,911 Epoch 296/500
2025-09-10 13:23:46,475 Current Learning Rate: 0.0003574904
2025-09-10 13:23:46,475 Train Loss: 0.0000227, Val Loss: 0.0000248
2025-09-10 13:23:46,475 Epoch 297/500
2025-09-10 13:28:10,287 Current Learning Rate: 0.0003544819
2025-09-10 13:28:10,287 Train Loss: 0.0000217, Val Loss: 0.0000237
2025-09-10 13:28:10,288 Epoch 298/500
2025-09-10 13:32:33,954 Current Learning Rate: 0.0003514792
2025-09-10 13:32:33,954 Train Loss: 0.0000222, Val Loss: 0.0000272
2025-09-10 13:32:33,955 Epoch 299/500
2025-09-10 13:36:57,936 Current Learning Rate: 0.0003484824
2025-09-10 13:36:57,936 Train Loss: 0.0000213, Val Loss: 0.0000253
2025-09-10 13:36:57,937 Epoch 300/500
2025-09-10 13:41:21,992 Current Learning Rate: 0.0003454915
2025-09-10 13:41:21,993 Train Loss: 0.0000217, Val Loss: 0.0000232
2025-09-10 13:41:21,993 Epoch 301/500
2025-09-10 13:45:45,977 Current Learning Rate: 0.0003425067
2025-09-10 13:45:45,978 Train Loss: 0.0000216, Val Loss: 0.0000370
2025-09-10 13:45:45,978 Epoch 302/500
2025-09-10 13:50:09,684 Current Learning Rate: 0.0003395282
2025-09-10 13:50:09,684 Train Loss: 0.0000217, Val Loss: 0.0000256
2025-09-10 13:50:09,684 Epoch 303/500
2025-09-10 13:54:33,175 Current Learning Rate: 0.0003365560
2025-09-10 13:54:33,175 Train Loss: 0.0000217, Val Loss: 0.0000269
2025-09-10 13:54:33,175 Epoch 304/500
2025-09-10 13:58:57,203 Current Learning Rate: 0.0003335902
2025-09-10 13:58:57,204 Train Loss: 0.0000215, Val Loss: 0.0000238
2025-09-10 13:58:57,204 Epoch 305/500
2025-09-10 14:03:21,254 Current Learning Rate: 0.0003306310
2025-09-10 14:03:21,561 New best model saved with validation loss: 0.0000223
2025-09-10 14:03:21,561 Train Loss: 0.0000213, Val Loss: 0.0000223
2025-09-10 14:03:21,561 Epoch 306/500
2025-09-10 14:07:45,512 Current Learning Rate: 0.0003276785
2025-09-10 14:07:45,512 Train Loss: 0.0000211, Val Loss: 0.0000245
2025-09-10 14:07:45,513 Epoch 307/500
2025-09-10 14:12:09,416 Current Learning Rate: 0.0003247328
2025-09-10 14:12:09,417 Train Loss: 0.0000213, Val Loss: 0.0000305
2025-09-10 14:12:09,417 Epoch 308/500
2025-09-10 14:16:33,188 Current Learning Rate: 0.0003217941
2025-09-10 14:16:33,189 Train Loss: 0.0000208, Val Loss: 0.0000232
2025-09-10 14:16:33,189 Epoch 309/500
2025-09-10 14:20:56,969 Current Learning Rate: 0.0003188623
2025-09-10 14:20:56,969 Train Loss: 0.0000209, Val Loss: 0.0000270
2025-09-10 14:20:56,969 Epoch 310/500
2025-09-10 14:25:20,775 Current Learning Rate: 0.0003159377
2025-09-10 14:25:20,775 Train Loss: 0.0000211, Val Loss: 0.0000235
2025-09-10 14:25:20,775 Epoch 311/500
2025-09-10 14:29:44,594 Current Learning Rate: 0.0003130204
2025-09-10 14:29:45,423 New best model saved with validation loss: 0.0000220
2025-09-10 14:29:45,424 Train Loss: 0.0000209, Val Loss: 0.0000220
2025-09-10 14:29:45,424 Epoch 312/500
2025-09-10 14:34:09,505 Current Learning Rate: 0.0003101105
2025-09-10 14:34:10,242 New best model saved with validation loss: 0.0000217
2025-09-10 14:34:10,243 Train Loss: 0.0000208, Val Loss: 0.0000217
2025-09-10 14:34:10,243 Epoch 313/500
2025-09-10 14:38:34,302 Current Learning Rate: 0.0003072080
2025-09-10 14:38:34,303 Train Loss: 0.0000202, Val Loss: 0.0000240
2025-09-10 14:38:34,303 Epoch 314/500
2025-09-10 14:42:58,061 Current Learning Rate: 0.0003043132
2025-09-10 14:42:58,062 Train Loss: 0.0000208, Val Loss: 0.0000250
2025-09-10 14:42:58,062 Epoch 315/500
2025-09-10 14:47:21,533 Current Learning Rate: 0.0003014261
2025-09-10 14:47:21,533 Train Loss: 0.0000212, Val Loss: 0.0000217
2025-09-10 14:47:21,534 Epoch 316/500
2025-09-10 14:51:45,000 Current Learning Rate: 0.0002985468
2025-09-10 14:51:45,000 Train Loss: 0.0000204, Val Loss: 0.0000235
2025-09-10 14:51:45,001 Epoch 317/500
2025-09-10 14:56:08,571 Current Learning Rate: 0.0002956755
2025-09-10 14:56:08,572 Train Loss: 0.0000203, Val Loss: 0.0000255
2025-09-10 14:56:08,572 Epoch 318/500
2025-09-10 15:00:32,185 Current Learning Rate: 0.0002928122
2025-09-10 15:00:32,185 Train Loss: 0.0000200, Val Loss: 0.0000223
2025-09-10 15:00:32,186 Epoch 319/500
2025-09-10 15:04:55,813 Current Learning Rate: 0.0002899571
2025-09-10 15:04:55,814 Train Loss: 0.0000203, Val Loss: 0.0000227
2025-09-10 15:04:55,814 Epoch 320/500
2025-09-10 15:09:19,286 Current Learning Rate: 0.0002871104
2025-09-10 15:09:19,286 Train Loss: 0.0000203, Val Loss: 0.0000224
2025-09-10 15:09:19,286 Epoch 321/500
2025-09-10 15:13:42,838 Current Learning Rate: 0.0002842720
2025-09-10 15:13:42,838 Train Loss: 0.0000200, Val Loss: 0.0000223
2025-09-10 15:13:42,838 Epoch 322/500
2025-09-10 15:18:06,392 Current Learning Rate: 0.0002814421
2025-09-10 15:18:06,392 Train Loss: 0.0000207, Val Loss: 0.0000224
2025-09-10 15:18:06,392 Epoch 323/500
2025-09-10 15:22:29,958 Current Learning Rate: 0.0002786209
2025-09-10 15:22:29,958 Train Loss: 0.0000199, Val Loss: 0.0000233
2025-09-10 15:22:29,958 Epoch 324/500
2025-09-10 15:26:53,408 Current Learning Rate: 0.0002758084
2025-09-10 15:26:53,408 Train Loss: 0.0000204, Val Loss: 0.0000257
2025-09-10 15:26:53,408 Epoch 325/500
2025-09-10 15:31:16,853 Current Learning Rate: 0.0002730048
2025-09-10 15:31:16,854 Train Loss: 0.0000196, Val Loss: 0.0000218
2025-09-10 15:31:16,854 Epoch 326/500
2025-09-10 15:35:40,350 Current Learning Rate: 0.0002702101
2025-09-10 15:35:40,717 New best model saved with validation loss: 0.0000214
2025-09-10 15:35:40,717 Train Loss: 0.0000209, Val Loss: 0.0000214
2025-09-10 15:35:40,718 Epoch 327/500
2025-09-10 15:40:04,175 Current Learning Rate: 0.0002674245
2025-09-10 15:40:04,175 Train Loss: 0.0000193, Val Loss: 0.0000243
2025-09-10 15:40:04,175 Epoch 328/500
2025-09-10 15:44:27,731 Current Learning Rate: 0.0002646480
2025-09-10 15:44:27,732 Train Loss: 0.0000193, Val Loss: 0.0000225
2025-09-10 15:44:27,732 Epoch 329/500
2025-09-10 15:48:51,181 Current Learning Rate: 0.0002618809
2025-09-10 15:48:51,181 Train Loss: 0.0000199, Val Loss: 0.0000215
2025-09-10 15:48:51,182 Epoch 330/500
2025-09-10 15:54:04,310 Current Learning Rate: 0.0002591232
2025-09-10 15:54:04,311 Train Loss: 0.0000195, Val Loss: 0.0000230
2025-09-10 15:54:04,311 Epoch 331/500
2025-09-10 15:59:23,655 Current Learning Rate: 0.0002563749
2025-09-10 15:59:23,655 Train Loss: 0.0000193, Val Loss: 0.0000244
2025-09-10 15:59:23,655 Epoch 332/500
2025-09-10 16:04:42,853 Current Learning Rate: 0.0002536363
2025-09-10 16:04:42,853 Train Loss: 0.0000193, Val Loss: 0.0000221
2025-09-10 16:04:42,853 Epoch 333/500
2025-09-10 16:10:03,906 Current Learning Rate: 0.0002509074
2025-09-10 16:10:03,906 Train Loss: 0.0000192, Val Loss: 0.0000217
2025-09-10 16:10:03,906 Epoch 334/500
2025-09-10 16:15:23,024 Current Learning Rate: 0.0002481884
2025-09-10 16:15:23,024 Train Loss: 0.0000191, Val Loss: 0.0000242
2025-09-10 16:15:23,024 Epoch 335/500
2025-09-10 16:20:21,297 Current Learning Rate: 0.0002454793
2025-09-10 16:20:21,298 Train Loss: 0.0000189, Val Loss: 0.0000215
2025-09-10 16:20:21,298 Epoch 336/500
2025-09-10 16:24:45,042 Current Learning Rate: 0.0002427802
2025-09-10 16:24:45,522 New best model saved with validation loss: 0.0000214
2025-09-10 16:24:45,522 Train Loss: 0.0000193, Val Loss: 0.0000214
2025-09-10 16:24:45,523 Epoch 337/500
2025-09-10 16:29:09,448 Current Learning Rate: 0.0002400913
2025-09-10 16:29:09,882 New best model saved with validation loss: 0.0000207
2025-09-10 16:29:09,883 Train Loss: 0.0000191, Val Loss: 0.0000207
2025-09-10 16:29:09,883 Epoch 338/500
